Archive member included to satisfy reference by file (symbol)

e:/st/stm32cubeide_1.12.0/stm32cubeide/plugins/com.st.stm32cube.ide.mcu.externaltools.gnu-tools-for-stm32.10.3-2021.10.win32_1.0.200.202301161003/tools/bin/../lib/gcc/arm-none-eabi/10.3.1/../../../../arm-none-eabi/lib/thumb/v7e-m+fp/hard\libstdc++_nano.a(del_ops.o)
                              ./Core/Src/main.o (operator delete(void*, unsigned int))
e:/st/stm32cubeide_1.12.0/stm32cubeide/plugins/com.st.stm32cube.ide.mcu.externaltools.gnu-tools-for-stm32.10.3-2021.10.win32_1.0.200.202301161003/tools/bin/../lib/gcc/arm-none-eabi/10.3.1/../../../../arm-none-eabi/lib/thumb/v7e-m+fp/hard\libstdc++_nano.a(new_op.o)
                              ./Core/Src/main.o (operator new(unsigned int))
e:/st/stm32cubeide_1.12.0/stm32cubeide/plugins/com.st.stm32cube.ide.mcu.externaltools.gnu-tools-for-stm32.10.3-2021.10.win32_1.0.200.202301161003/tools/bin/../lib/gcc/arm-none-eabi/10.3.1/../../../../arm-none-eabi/lib/thumb/v7e-m+fp/hard\libstdc++_nano.a(functexcept.o)
                              ./Core/Src/main.o (std::__throw_bad_alloc())
e:/st/stm32cubeide_1.12.0/stm32cubeide/plugins/com.st.stm32cube.ide.mcu.externaltools.gnu-tools-for-stm32.10.3-2021.10.win32_1.0.200.202301161003/tools/bin/../lib/gcc/arm-none-eabi/10.3.1/../../../../arm-none-eabi/lib/thumb/v7e-m+fp/hard\libstdc++_nano.a(snprintf_lite.o)
                              e:/st/stm32cubeide_1.12.0/stm32cubeide/plugins/com.st.stm32cube.ide.mcu.externaltools.gnu-tools-for-stm32.10.3-2021.10.win32_1.0.200.202301161003/tools/bin/../lib/gcc/arm-none-eabi/10.3.1/../../../../arm-none-eabi/lib/thumb/v7e-m+fp/hard\libstdc++_nano.a(functexcept.o) (__gnu_cxx::__snprintf_lite(char*, unsigned int, char const*, std::__va_list))
e:/st/stm32cubeide_1.12.0/stm32cubeide/plugins/com.st.stm32cube.ide.mcu.externaltools.gnu-tools-for-stm32.10.3-2021.10.win32_1.0.200.202301161003/tools/bin/../lib/gcc/arm-none-eabi/10.3.1/../../../../arm-none-eabi/lib/thumb/v7e-m+fp/hard\libstdc++_nano.a(del_op.o)
                              e:/st/stm32cubeide_1.12.0/stm32cubeide/plugins/com.st.stm32cube.ide.mcu.externaltools.gnu-tools-for-stm32.10.3-2021.10.win32_1.0.200.202301161003/tools/bin/../lib/gcc/arm-none-eabi/10.3.1/../../../../arm-none-eabi/lib/thumb/v7e-m+fp/hard\libstdc++_nano.a(del_ops.o) (operator delete(void*))
e:/st/stm32cubeide_1.12.0/stm32cubeide/plugins/com.st.stm32cube.ide.mcu.externaltools.gnu-tools-for-stm32.10.3-2021.10.win32_1.0.200.202301161003/tools/bin/../lib/gcc/arm-none-eabi/10.3.1/../../../../arm-none-eabi/lib/thumb/v7e-m+fp/hard\libstdc++_nano.a(new_handler.o)
                              e:/st/stm32cubeide_1.12.0/stm32cubeide/plugins/com.st.stm32cube.ide.mcu.externaltools.gnu-tools-for-stm32.10.3-2021.10.win32_1.0.200.202301161003/tools/bin/../lib/gcc/arm-none-eabi/10.3.1/../../../../arm-none-eabi/lib/thumb/v7e-m+fp/hard\libstdc++_nano.a(new_op.o) (std::get_new_handler())
e:/st/stm32cubeide_1.12.0/stm32cubeide/plugins/com.st.stm32cube.ide.mcu.externaltools.gnu-tools-for-stm32.10.3-2021.10.win32_1.0.200.202301161003/tools/bin/../lib/gcc/arm-none-eabi/10.3.1/../../../../arm-none-eabi/lib/thumb/v7e-m+fp/hard\libm.a(lib_a-w_pow.o)
                              ./Core/Src/main.o (pow)
e:/st/stm32cubeide_1.12.0/stm32cubeide/plugins/com.st.stm32cube.ide.mcu.externaltools.gnu-tools-for-stm32.10.3-2021.10.win32_1.0.200.202301161003/tools/bin/../lib/gcc/arm-none-eabi/10.3.1/../../../../arm-none-eabi/lib/thumb/v7e-m+fp/hard\libm.a(lib_a-e_pow.o)
                              e:/st/stm32cubeide_1.12.0/stm32cubeide/plugins/com.st.stm32cube.ide.mcu.externaltools.gnu-tools-for-stm32.10.3-2021.10.win32_1.0.200.202301161003/tools/bin/../lib/gcc/arm-none-eabi/10.3.1/../../../../arm-none-eabi/lib/thumb/v7e-m+fp/hard\libm.a(lib_a-w_pow.o) (__ieee754_pow)
e:/st/stm32cubeide_1.12.0/stm32cubeide/plugins/com.st.stm32cube.ide.mcu.externaltools.gnu-tools-for-stm32.10.3-2021.10.win32_1.0.200.202301161003/tools/bin/../lib/gcc/arm-none-eabi/10.3.1/../../../../arm-none-eabi/lib/thumb/v7e-m+fp/hard\libm.a(lib_a-e_sqrt.o)
                              e:/st/stm32cubeide_1.12.0/stm32cubeide/plugins/com.st.stm32cube.ide.mcu.externaltools.gnu-tools-for-stm32.10.3-2021.10.win32_1.0.200.202301161003/tools/bin/../lib/gcc/arm-none-eabi/10.3.1/../../../../arm-none-eabi/lib/thumb/v7e-m+fp/hard\libm.a(lib_a-e_pow.o) (__ieee754_sqrt)
e:/st/stm32cubeide_1.12.0/stm32cubeide/plugins/com.st.stm32cube.ide.mcu.externaltools.gnu-tools-for-stm32.10.3-2021.10.win32_1.0.200.202301161003/tools/bin/../lib/gcc/arm-none-eabi/10.3.1/../../../../arm-none-eabi/lib/thumb/v7e-m+fp/hard\libm.a(lib_a-math_err.o)
                              e:/st/stm32cubeide_1.12.0/stm32cubeide/plugins/com.st.stm32cube.ide.mcu.externaltools.gnu-tools-for-stm32.10.3-2021.10.win32_1.0.200.202301161003/tools/bin/../lib/gcc/arm-none-eabi/10.3.1/../../../../arm-none-eabi/lib/thumb/v7e-m+fp/hard\libm.a(lib_a-e_pow.o) (__math_uflow)
[...]
Memory Configuration

Name             Origin             Length             Attributes
RAM              0x0000000020000000 0x0000000000020000 xrw
FLASH            0x0000000008000000 0x0000000000080000 xr
*default*        0x0000000000000000 0xffffffffffffffff

Linker script and memory map

LOAD e:/st/stm32cubeide_1.12.0/stm32cubeide/plugins/com.st.stm32cube.ide.mcu.externaltools.gnu-tools-for-stm32.10.3-2021.10.win32_1.0.200.202301161003/tools/bin/../lib/gcc/arm-none-eabi/10.3.1/thumb/v7e-m+fp/hard/crti.o
LOAD e:/st/stm32cubeide_1.12.0/stm32cubeide/plugins/com.st.stm32cube.ide.mcu.externaltools.gnu-tools-for-stm32.10.3-2021.10.win32_1.0.200.202301161003/tools/bin/../lib/gcc/arm-none-eabi/10.3.1/thumb/v7e-m+fp/hard/crtbegin.o
LOAD e:/st/stm32cubeide_1.12.0/stm32cubeide/plugins/com.st.stm32cube.ide.mcu.externaltools.gnu-tools-for-stm32.10.3-2021.10.win32_1.0.200.202301161003/tools/bin/../lib/gcc/arm-none-eabi/10.3.1/../../../../arm-none-eabi/lib/thumb/v7e-m+fp/hard/crt0.o
LOAD ./Core/Src/RPLidar.o
LOAD ./Core/Src/main.o
LOAD ./Core/Src/stm32f4xx_hal_msp.o
LOAD ./Core/Src/stm32f4xx_it.o
LOAD ./Core/Src/syscalls.o
LOAD ./Core/Src/sysmem.o
LOAD ./Core/Src/system_stm32f4xx.o
LOAD ./Core/Startup/startup_stm32f411ceux.o
LOAD ./Drivers/STM32F4xx_HAL_Driver/Src/stm32f4xx_hal.o
LOAD ./Drivers/STM32F4xx_HAL_Driver/Src/stm32f4xx_hal_cortex.o
LOAD ./Drivers/STM32F4xx_HAL_Driver/Src/stm32f4xx_hal_dma.o
LOAD ./Drivers/STM32F4xx_HAL_Driver/Src/stm32f4xx_hal_dma_ex.o
LOAD ./Drivers/STM32F4xx_HAL_Driver/Src/stm32f4xx_hal_exti.o
LOAD ./Drivers/STM32F4xx_HAL_Driver/Src/stm32f4xx_hal_flash.o
LOAD ./Drivers/STM32F4xx_HAL_Driver/Src/stm32f4xx_hal_flash_ex.o
LOAD ./Drivers/STM32F4xx_HAL_Driver/Src/stm32f4xx_hal_flash_ramfunc.o
LOAD ./Drivers/STM32F4xx_HAL_Driver/Src/stm32f4xx_hal_gpio.o
LOAD ./Drivers/STM32F4xx_HAL_Driver/Src/stm32f4xx_hal_i2c.o
LOAD ./Drivers/STM32F4xx_HAL_Driver/Src/stm32f4xx_hal_i2c_ex.o
LOAD ./Drivers/STM32F4xx_HAL_Driver/Src/stm32f4xx_hal_pwr.o
LOAD ./Drivers/STM32F4xx_HAL_Driver/Src/stm32f4xx_hal_pwr_ex.o
LOAD ./Drivers/STM32F4xx_HAL_Driver/Src/stm32f4xx_hal_rcc.o
LOAD ./Drivers/STM32F4xx_HAL_Driver/Src/stm32f4xx_hal_rcc_ex.o
LOAD ./Drivers/STM32F4xx_HAL_Driver/Src/stm32f4xx_hal_tim.o
LOAD ./Drivers/STM32F4xx_HAL_Driver/Src/stm32f4xx_hal_tim_ex.o
LOAD ./Drivers/STM32F4xx_HAL_Driver/Src/stm32f4xx_hal_uart.o
START GROUP
LOAD e:/st/stm32cubeide_1.12.0/stm32cubeide/plugins/com.st.stm32cube.ide.mcu.externaltools.gnu-tools-for-stm32.10.3-2021.10.win32_1.0.200.202301161003/tools/bin/../lib/gcc/arm-none-eabi/10.3.1/../../../../arm-none-eabi/lib/thumb/v7e-m+fp/hard\libstdc++_nano.a
LOAD e:/st/stm32cubeide_1.12.0/stm32cubeide/plugins/com.st.stm32cube.ide.mcu.externaltools.gnu-tools-for-stm32.10.3-2021.10.win32_1.0.200.202301161003/tools/bin/../lib/gcc/arm-none-eabi/10.3.1/../../../../arm-none-eabi/lib/thumb/v7e-m+fp/hard\libsupc++_nano.a
END GROUP
LOAD e:/st/stm32cubeide_1.12.0/stm32cubeide/plugins/com.st.stm32cube.ide.mcu.externaltools.gnu-tools-for-stm32.10.3-2021.10.win32_1.0.200.202301161003/tools/bin/../lib/gcc/arm-none-eabi/10.3.1/../../../../arm-none-eabi/lib/thumb/v7e-m+fp/hard\libstdc++_nano.a
LOAD e:/st/stm32cubeide_1.12.0/stm32cubeide/plugins/com.st.stm32cube.ide.mcu.externaltools.gnu-tools-for-stm32.10.3-2021.10.win32_1.0.200.202301161003/tools/bin/../lib/gcc/arm-none-eabi/10.3.1/../../../../arm-none-eabi/lib/thumb/v7e-m+fp/hard\libm.a
LOAD e:/st/stm32cubeide_1.12.0/stm32cubeide/plugins/com.st.stm32cube.ide.mcu.externaltools.gnu-tools-for-stm32.10.3-2021.10.win32_1.0.200.202301161003/tools/bin/../lib/gcc/arm-none-eabi/10.3.1/../../../../arm-none-eabi/lib/thumb/v7e-m+fp/hard\libc_nano.a
START GROUP
LOAD e:/st/stm32cubeide_1.12.0/stm32cubeide/plugins/com.st.stm32cube.ide.mcu.externaltools.gnu-tools-for-stm32.10.3-2021.10.win32_1.0.200.202301161003/tools/bin/../lib/gcc/arm-none-eabi/10.3.1/thumb/v7e-m+fp/hard\libgcc.a
LOAD e:/st/stm32cubeide_1.12.0/stm32cubeide/plugins/com.st.stm32cube.ide.mcu.externaltools.gnu-tools-for-stm32.10.3-2021.10.win32_1.0.200.202301161003/tools/bin/../lib/gcc/arm-none-eabi/10.3.1/../../../../arm-none-eabi/lib/thumb/v7e-m+fp/hard\libc_nano.a
END GROUP
START GROUP
LOAD e:/st/stm32cubeide_1.12.0/stm32cubeide/plugins/com.st.stm32cube.ide.mcu.externaltools.gnu-tools-for-stm32.10.3-2021.10.win32_1.0.200.202301161003/tools/bin/../lib/gcc/arm-none-eabi/10.3.1/thumb/v7e-m+fp/hard\libgcc.a
LOAD e:/st/stm32cubeide_1.12.0/stm32cubeide/plugins/com.st.stm32cube.ide.mcu.externaltools.gnu-tools-for-stm32.10.3-2021.10.win32_1.0.200.202301161003/tools/bin/../lib/gcc/arm-none-eabi/10.3.1/../../../../arm-none-eabi/lib/thumb/v7e-m+fp/hard\libc_nano.a
LOAD e:/st/stm32cubeide_1.12.0/stm32cubeide/plugins/com.st.stm32cube.ide.mcu.externaltools.gnu-tools-for-stm32.10.3-2021.10.win32_1.0.200.202301161003/tools/bin/../lib/gcc/arm-none-eabi/10.3.1/../../../../arm-none-eabi/lib/thumb/v7e-m+fp/hard\libnosys.a
END GROUP
START GROUP
LOAD e:/st/stm32cubeide_1.12.0/stm32cubeide/plugins/com.st.stm32cube.ide.mcu.externaltools.gnu-tools-for-stm32.10.3-2021.10.win32_1.0.200.202301161003/tools/bin/../lib/gcc/arm-none-eabi/10.3.1/thumb/v7e-m+fp/hard\libgcc.a
LOAD e:/st/stm32cubeide_1.12.0/stm32cubeide/plugins/com.st.stm32cube.ide.mcu.externaltools.gnu-tools-for-stm32.10.3-2021.10.win32_1.0.200.202301161003/tools/bin/../lib/gcc/arm-none-eabi/10.3.1/../../../../arm-none-eabi/lib/thumb/v7e-m+fp/hard\libc_nano.a
LOAD e:/st/stm32cubeide_1.12.0/stm32cubeide/plugins/com.st.stm32cube.ide.mcu.externaltools.gnu-tools-for-stm32.10.3-2021.10.win32_1.0.200.202301161003/tools/bin/../lib/gcc/arm-none-eabi/10.3.1/../../../../arm-none-eabi/lib/thumb/v7e-m+fp/hard\libnosys.a
END GROUP
LOAD e:/st/stm32cubeide_1.12.0/stm32cubeide/plugins/com.st.stm32cube.ide.mcu.externaltools.gnu-tools-for-stm32.10.3-2021.10.win32_1.0.200.202301161003/tools/bin/../lib/gcc/arm-none-eabi/10.3.1/thumb/v7e-m+fp/hard/crtend.o
LOAD e:/st/stm32cubeide_1.12.0/stm32cubeide/plugins/com.st.stm32cube.ide.mcu.externaltools.gnu-tools-for-stm32.10.3-2021.10.win32_1.0.200.202301161003/tools/bin/../lib/gcc/arm-none-eabi/10.3.1/thumb/v7e-m+fp/hard/crtn.o
                0x0000000020020000                _estack = (ORIGIN (RAM) + LENGTH (RAM))
                0x0000000000000200                _Min_Heap_Size = 0x200
                0x0000000000000400                _Min_Stack_Size = 0x400

.isr_vector     0x0000000008000000      0x198
                0x0000000008000000                . = ALIGN (0x4)
 *(.isr_vector)
 .isr_vector    0x0000000008000000      0x198 ./Core/Startup/startup_stm32f411ceux.o
                0x0000000008000000                g_pfnVectors
                0x0000000008000198                . = ALIGN (0x4)

.text           0x00000000080001a0     0xf010
                0x00000000080001a0                . = ALIGN (0x4)
 *(.text)
 .text          0x00000000080001a0       0x40 e:/st/stm32cubeide_1.12.0/stm32cubeide/plugins/com.st.stm32cube.ide.mcu.externaltools.gnu-tools-for-stm32.10.3-2021.10.win32_1.0.200.202301161003/tools/bin/../lib/gcc/arm-none-eabi/10.3.1/thumb/v7e-m+fp/hard/crtbegin.o
 .text          0x00000000080001e0       0x10 e:/st/stm32cubeide_1.12.0/stm32cubeide/plugins/com.st.stm32cube.ide.mcu.externaltools.gnu-tools-for-stm32.10.3-2021.10.win32_1.0.200.202301161003/tools/bin/../lib/gcc/arm-none-eabi/10.3.1/../../../../arm-none-eabi/lib/thumb/v7e-m+fp/hard\libc_nano.a(lib_a-strlen.o)
                0x00000000080001e0                strlen
 .text          0x00000000080001f0       0xa0 e:/st/stm32cubeide_1.12.0/stm32cubeide/plugins/com.st.stm32cube.ide.mcu.externaltools.gnu-tools-for-stm32.10.3-2021.10.win32_1.0.200.202301161003/tools/bin/../lib/gcc/arm-none-eabi/10.3.1/../../../../arm-none-eabi/lib/thumb/v7e-m+fp/hard\libc_nano.a(lib_a-memchr.o)
                0x00000000080001f0                memchr
 .text          0x0000000008000290      0x378 e:/st/stm32cubeide_1.12.0/stm32cubeide/plugins/com.st.stm32cube.ide.mcu.externaltools.gnu-tools-for-stm32.10.3-2021.10.win32_1.0.200.202301161003/tools/bin/../lib/gcc/arm-none-eabi/10.3.1/thumb/v7e-m+fp/hard\libgcc.a(_arm_addsubdf3.o)
                0x0000000008000290                __aeabi_drsub
                0x0000000008000298                __aeabi_dsub
                0x0000000008000298                __subdf3
                0x000000000800029c                __aeabi_dadd
                0x000000000800029c                __adddf3
                0x0000000008000514                __floatunsidf
                0x0000000008000514                __aeabi_ui2d
                0x0000000008000534                __floatsidf
                0x0000000008000534                __aeabi_i2d
                0x0000000008000558                __aeabi_f2d
                0x0000000008000558                __extendsfdf2
                0x000000000800059c                __floatundidf
                0x000000000800059c                __aeabi_ul2d
                0x00000000080005ac                __floatdidf
                0x00000000080005ac                __aeabi_l2d
 .text          0x0000000008000608      0x424 e:/st/stm32cubeide_1.12.0/stm32cubeide/plugins/com.st.stm32cube.ide.mcu.externaltools.gnu-tools-for-stm32.10.3-2021.10.win32_1.0.200.202301161003/tools/bin/../lib/gcc/arm-none-eabi/10.3.1/thumb/v7e-m+fp/hard\libgcc.a(_arm_muldivdf3.o)
                0x0000000008000608                __aeabi_dmul
                0x0000000008000608                __muldf3
                0x000000000800085c                __divdf3
                0x000000000800085c                __aeabi_ddiv
 .text          0x0000000008000a2c      0x110 e:/st/stm32cubeide_1.12.0/stm32cubeide/plugins/com.st.stm32cube.ide.mcu.externaltools.gnu-tools-for-stm32.10.3-2021.10.win32_1.0.200.202301161003/tools/bin/../lib/gcc/arm-none-eabi/10.3.1/thumb/v7e-m+fp/hard\libgcc.a(_arm_cmpdf2.o)
                0x0000000008000a2c                __gtdf2
                0x0000000008000a2c                __gedf2
                0x0000000008000a34                __ltdf2
                0x0000000008000a34                __ledf2
                0x0000000008000a3c                __nedf2
                0x0000000008000a3c                __eqdf2
                0x0000000008000a3c                __cmpdf2
                0x0000000008000ab8                __aeabi_cdrcmple
                0x0000000008000ac8                __aeabi_cdcmpeq
                0x0000000008000ac8                __aeabi_cdcmple
                0x0000000008000ad8                __aeabi_dcmpeq
                0x0000000008000aec                __aeabi_dcmplt
                0x0000000008000b00                __aeabi_dcmple
                0x0000000008000b14                __aeabi_dcmpge
                0x0000000008000b28                __aeabi_dcmpgt
 .text          0x0000000008000b3c       0x2c e:/st/stm32cubeide_1.12.0/stm32cubeide/plugins/com.st.stm32cube.ide.mcu.externaltools.gnu-tools-for-stm32.10.3-2021.10.win32_1.0.200.202301161003/tools/bin/../lib/gcc/arm-none-eabi/10.3.1/thumb/v7e-m+fp/hard\libgcc.a(_arm_unorddf2.o)
                0x0000000008000b3c                __unorddf2
                0x0000000008000b3c                __aeabi_dcmpun
 .text          0x0000000008000b68       0x50 e:/st/stm32cubeide_1.12.0/stm32cubeide/plugins/com.st.stm32cube.ide.mcu.externaltools.gnu-tools-for-stm32.10.3-2021.10.win32_1.0.200.202301161003/tools/bin/../lib/gcc/arm-none-eabi/10.3.1/thumb/v7e-m+fp/hard\libgcc.a(_arm_fixdfsi.o)
                0x0000000008000b68                __aeabi_d2iz
                0x0000000008000b68                __fixdfsi
 .text          0x0000000008000bb8       0xa0 e:/st/stm32cubeide_1.12.0/stm32cubeide/plugins/com.st.stm32cube.ide.mcu.externaltools.gnu-tools-for-stm32.10.3-2021.10.win32_1.0.200.202301161003/tools/bin/../lib/gcc/arm-none-eabi/10.3.1/thumb/v7e-m+fp/hard\libgcc.a(_arm_truncdfsf2.o)
                0x0000000008000bb8                __truncdfsf2
                0x0000000008000bb8                __aeabi_d2f
 .text          0x0000000008000c58       0x30 e:/st/stm32cubeide_1.12.0/stm32cubeide/plugins/com.st.stm32cube.ide.mcu.externaltools.gnu-tools-for-stm32.10.3-2021.10.win32_1.0.200.202301161003/tools/bin/../lib/gcc/arm-none-eabi/10.3.1/thumb/v7e-m+fp/hard\libgcc.a(_aeabi_uldivmod.o)
                0x0000000008000c58                __aeabi_uldivmod
 .text          0x0000000008000c88      0x2d0 e:/st/stm32cubeide_1.12.0/stm32cubeide/plugins/com.st.stm32cube.ide.mcu.externaltools.gnu-tools-for-stm32.10.3-2021.10.win32_1.0.200.202301161003/tools/bin/../lib/gcc/arm-none-eabi/10.3.1/thumb/v7e-m+fp/hard\libgcc.a(_udivmoddi4.o)
                0x0000000008000c88                __udivmoddi4
 .text          0x0000000008000f58        0x4 e:/st/stm32cubeide_1.12.0/stm32cubeide/plugins/com.st.stm32cube.ide.mcu.externaltools.gnu-tools-for-stm32.10.3-2021.10.win32_1.0.200.202301161003/tools/bin/../lib/gcc/arm-none-eabi/10.3.1/thumb/v7e-m+fp/hard\libgcc.a(_dvmd_tls.o)
                0x0000000008000f58                __aeabi_idiv0
                0x0000000008000f58                __aeabi_ldiv0
 *(.text*)
 .text._ZN7RPLidar3endEv
                0x0000000008000f5c       0x30 ./Core/Src/RPLidar.o
                0x0000000008000f5c                RPLidar::end()
 .text._ZN7RPLidar6isOpenEv
                0x0000000008000f8c       0x1c ./Core/Src/RPLidar.o
                0x0000000008000f8c                RPLidar::isOpen()
 .text._ZN7RPLidarC2Ev
                0x0000000008000fa8       0x48 ./Core/Src/RPLidar.o
                0x0000000008000fa8                RPLidar::RPLidar()
                0x0000000008000fa8                RPLidar::RPLidar()
 .text._ZN7RPLidarD2Ev
                0x0000000008000ff0       0x18 ./Core/Src/RPLidar.o
                0x0000000008000ff0                RPLidar::~RPLidar()
                0x0000000008000ff0                RPLidar::~RPLidar()
 .text._ZN7RPLidar5beginEv
                0x0000000008001008       0x40 ./Core/Src/RPLidar.o
                0x0000000008001008                RPLidar::begin()
 .text._ZN7RPLidar12_sendCommandEhPKvj
                0x0000000008001048      0x110 ./Core/Src/RPLidar.o
                0x0000000008001048                RPLidar::_sendCommand(unsigned char, void const*, unsigned int)
 .text._ZN7RPLidar19_waitResponseHeaderEP21_rplidar_ans_header_tm
                0x0000000008001158       0xc0 ./Core/Src/RPLidar.o
                0x0000000008001158                RPLidar::_waitResponseHeader(_rplidar_ans_header_t*, unsigned long)
 .text._ZN7RPLidar4stopEv
                0x0000000008001218       0x3c ./Core/Src/RPLidar.o
                0x0000000008001218                RPLidar::stop()
 .text._ZN7RPLidar9startScanEbm
                0x0000000008001254       0xa0 ./Core/Src/RPLidar.o
                0x0000000008001254                RPLidar::startScan(bool, unsigned long)
 .text._ZN7RPLidar7getDistEv
                0x00000000080012f4       0x1a ./Core/Src/RPLidar.o
                0x00000000080012f4                RPLidar::getDist()
 .text._ZN7RPLidar10clearArrayEPf
                0x000000000800130e       0x36 ./Core/Src/RPLidar.o
                0x000000000800130e                RPLidar::clearArray(float*)
 .text._ZN7RPLidar9constrainElll
                0x0000000008001344       0x3e ./Core/Src/RPLidar.o
                0x0000000008001344                RPLidar::constrain(long, long, long)
 *fill*         0x0000000008001382        0x2 
 .text._ZN7RPLidar11reWriteDistEv
                0x0000000008001384       0xd8 ./Core/Src/RPLidar.o
                0x0000000008001384                RPLidar::reWriteDist()
 .text._ZN7RPLidar9waitPointEm
                0x000000000800145c      0x1dc ./Core/Src/RPLidar.o
                0x000000000800145c                RPLidar::waitPoint(unsigned long)
 .text._ZSt3absl
                0x0000000008001638       0x1c ./Core/Src/main.o
                0x0000000008001638                std::abs(long)
 .text._ZSt4fabsf
                0x0000000008001654       0x20 ./Core/Src/main.o
                0x0000000008001654                std::fabs(float)
 .text._ZN9ColorSensC2Ev
                0x0000000008001674       0x16 ./Core/Src/main.o
                0x0000000008001674                ColorSens::ColorSens()
                0x0000000008001674                ColorSens::ColorSens()
 *fill*         0x000000000800168a        0x2 
 .text._ZN9ColorSens4initEv
                0x000000000800168c       0x88 ./Core/Src/main.o
                0x000000000800168c                ColorSens::init()
 .text._ZN9ColorSens11getColorRedEv
                0x0000000008001714       0x3c ./Core/Src/main.o
                0x0000000008001714                ColorSens::getColorRed()
 .text._ZN9ColorSens13getColorGreenEv
                0x0000000008001750       0x40 ./Core/Src/main.o
                0x0000000008001750                ColorSens::getColorGreen()
 .text._ZN9ColorSens12getColorBlueEv
                0x0000000008001790       0x40 ./Core/Src/main.o
                0x0000000008001790                ColorSens::getColorBlue()
 .text._ZN9ColorSens13getColorWhiteEv
                0x00000000080017d0       0x40 ./Core/Src/main.o
                0x00000000080017d0                ColorSens::getColorWhite()
 .text._ZN12LineDetectorC2Ev
                0x0000000008001810       0x32 ./Core/Src/main.o
                0x0000000008001810                LineDetector::LineDetector()
                0x0000000008001810                LineDetector::LineDetector()
 .text._ZN12LineDetector4initEv
                0x0000000008001842       0x1a ./Core/Src/main.o
                0x0000000008001842                LineDetector::init()
 .text._ZN12LineDetector7handlerEv
                0x000000000800185c       0x92 ./Core/Src/main.o
                0x000000000800185c                LineDetector::handler()
 .text._ZnwjPv  0x00000000080018ee       0x18 ./Core/Src/main.o
                0x00000000080018ee                operator new(unsigned int, void*)
 .text._ZSt16__deque_buf_sizej
                0x0000000008001906       0x2a ./Core/Src/main.o
                0x0000000008001906                std::__deque_buf_size(unsigned int)
 .text._ZN7EncoderC2EP17TIM_HandleTypeDef
                0x0000000008001930       0x1e ./Core/Src/main.o
                0x0000000008001930                Encoder::Encoder(TIM_HandleTypeDef*)
                0x0000000008001930                Encoder::Encoder(TIM_HandleTypeDef*)
 .text._ZN7Encoder7handlerEv
                0x000000000800194e       0x2c ./Core/Src/main.o
                0x000000000800194e                Encoder::handler()
 .text._ZN7Encoder15getEncoderValueEv
                0x000000000800197a       0x1a ./Core/Src/main.o
                0x000000000800197a                Encoder::getEncoderValue()
 .text._ZNSt12_Vector_baseIfSaIfEE12_Vector_implD2Ev
                0x0000000008001994       0x18 ./Core/Src/main.o
                0x0000000008001994                std::_Vector_base<float, std::allocator<float> >::_Vector_impl::~_Vector_impl()
                0x0000000008001994                std::_Vector_base<float, std::allocator<float> >::_Vector_impl::~_Vector_impl()
 .text._ZN7BFilterC2ESt6vectorIfSaIfEE
                0x00000000080019ac       0x24 ./Core/Src/main.o
                0x00000000080019ac                BFilter::BFilter(std::vector<float, std::allocator<float> >)
                0x00000000080019ac                BFilter::BFilter(std::vector<float, std::allocator<float> >)
 .text._ZN7BFilter4calcEf
                0x00000000080019d0       0xd4 ./Core/Src/main.o
                0x00000000080019d0                BFilter::calc(float)
 .text._ZN7BFilter16initializeStatesEv
                0x0000000008001aa4       0x34 ./Core/Src/main.o
                0x0000000008001aa4                BFilter::initializeStates()
 .text._ZSt3powIidEN9__gnu_cxx11__promote_2IT_T0_NS0_9__promoteIS2_XsrSt12__is_integerIS2_E7__valueEE6__typeENS4_IS3_XsrS5_IS3_E7__valueEE6__typeEE6__typeES2_S3_
                0x0000000008001ad8       0x38 ./Core/Src/main.o
                0x0000000008001ad8                __gnu_cxx::__promote_2<int, double, __gnu_cxx::__promote<int, std::__is_integer<int>::__value>::__type, __gnu_cxx::__promote<double, std::__is_integer<double>::__value>::__type>::__type std::pow<int, double>(int, double)
 .text._ZN7BFilter15CalcSecondOrderEff
                0x0000000008001b10      0x2e8 ./Core/Src/main.o
                0x0000000008001b10                BFilter::CalcSecondOrder(float, float)
 .text._ZN3PIDC2Efff
                0x0000000008001df8       0x44 ./Core/Src/main.o
                0x0000000008001df8                PID::PID(float, float, float)
                0x0000000008001df8                PID::PID(float, float, float)
 .text._ZN3PID9calculateEff
                0x0000000008001e3c       0x8e ./Core/Src/main.o
                0x0000000008001e3c                PID::calculate(float, float)
 *fill*         0x0000000008001eca        0x6 
 .text._ZN3PID18updateCoefficientsEd
                0x0000000008001ed0      0x1e8 ./Core/Src/main.o
                0x0000000008001ed0                PID::updateCoefficients(double)
 .text._Z9constrainlll
                0x00000000080020b8       0x32 ./Core/Src/main.o
                0x00000000080020b8                constrain(long, long, long)
 .text._Z10constrainffff
                0x00000000080020ea       0x52 ./Core/Src/main.o
                0x00000000080020ea                constrainf(float, float, float)
 .text._ZN7BFilterD2Ev
                0x000000000800213c       0x1a ./Core/Src/main.o
                0x000000000800213c                BFilter::~BFilter()
                0x000000000800213c                BFilter::~BFilter()
 *fill*         0x0000000008002156        0x2 
 .text._ZN5MotorC2EP17TIM_HandleTypeDefS1_h
                0x0000000008002158       0xa4 ./Core/Src/main.o
                0x0000000008002158                Motor::Motor(TIM_HandleTypeDef*, TIM_HandleTypeDef*, unsigned char)
                0x0000000008002158                Motor::Motor(TIM_HandleTypeDef*, TIM_HandleTypeDef*, unsigned char)
 .text._ZN5Motor14setTargetSpeedEf
                0x00000000080021fc       0x44 ./Core/Src/main.o
                0x00000000080021fc                Motor::setTargetSpeed(float)
 .text._ZN5Motor7handlerEv
                0x0000000008002240       0x84 ./Core/Src/main.o
                0x0000000008002240                Motor::handler()
 *fill*         0x00000000080022c4        0x4 
 .text._ZN5Motor17calcCurSpeedMotorEv
                0x00000000080022c8       0x8c ./Core/Src/main.o
                0x00000000080022c8                Motor::calcCurSpeedMotor()
 .text._ZN5Motor11setMotorPWMEl
                0x0000000008002354       0xae ./Core/Src/main.o
                0x0000000008002354                Motor::setMotorPWM(long)
 .text._ZN5MotorD2Ev
                0x0000000008002402       0x1c ./Core/Src/main.o
                0x0000000008002402                Motor::~Motor()
                0x0000000008002402                Motor::~Motor()
 *fill*         0x000000000800241e        0x2 
 .text._ZN6TelegaC2Ev
                0x0000000008002420       0x3c ./Core/Src/main.o
                0x0000000008002420                Telega::Telega()
                0x0000000008002420                Telega::Telega()
 .text._ZN6Telega7handlerEv
                0x000000000800245c       0x22 ./Core/Src/main.o
                0x000000000800245c                Telega::handler()
 .text._ZN6Telega13setRobotSpeedEff
                0x000000000800247e       0x3e ./Core/Src/main.o
                0x000000000800247e                Telega::setRobotSpeed(float, float)
 .text._ZN6Telega13setMotorSpeedEff
                0x00000000080024bc       0x3a ./Core/Src/main.o
                0x00000000080024bc                Telega::setMotorSpeed(float, float)
 *fill*         0x00000000080024f6        0x2 
 .text._ZN10TanControl13getErrorAngleEPf
                0x00000000080024f8       0x78 ./Core/Src/main.o
                0x00000000080024f8                TanControl::getErrorAngle(float*)
 .text._ZN10TanControl8getEnemyEPf
                0x0000000008002570       0x78 ./Core/Src/main.o
                0x0000000008002570                TanControl::getEnemy(float*)
 .text._ZN10TanControl8limitAngEl
                0x00000000080025e8       0x3e ./Core/Src/main.o
                0x00000000080025e8                TanControl::limitAng(long)
 .text._ZNSt5queueIN12ActionsQueue16RobotInstructionESt5dequeIS1_SaIS1_EEED2Ev
                0x0000000008002626       0x1a ./Core/Src/main.o
                0x0000000008002626                std::queue<ActionsQueue::RobotInstruction, std::deque<ActionsQueue::RobotInstruction, std::allocator<ActionsQueue::RobotInstruction> > >::~queue()
                0x0000000008002626                std::queue<ActionsQueue::RobotInstruction, std::deque<ActionsQueue::RobotInstruction, std::allocator<ActionsQueue::RobotInstruction> > >::~queue()
 .text._ZN6TelegaD2Ev
                0x0000000008002640       0x24 ./Core/Src/main.o
                0x0000000008002640                Telega::~Telega()
                0x0000000008002640                Telega::~Telega()
 .text._ZN10TanControlC2Ev
                0x0000000008002664       0x1c ./Core/Src/main.o
                0x0000000008002664                TanControl::TanControl()
                0x0000000008002664                TanControl::TanControl()
 .text._ZN12ActionsQueueC2Ev
                0x0000000008002680       0x4c ./Core/Src/main.o
                0x0000000008002680                ActionsQueue::ActionsQueue()
                0x0000000008002680                ActionsQueue::ActionsQueue()
 .text._ZN12ActionsQueue4initEv
                0x00000000080026cc       0x2a ./Core/Src/main.o
                0x00000000080026cc                ActionsQueue::init()
 .text._ZN12ActionsQueue4pushE7ACTIONS
                0x00000000080026f6       0x30 ./Core/Src/main.o
                0x00000000080026f6                ActionsQueue::push(ACTIONS)
 .text._ZN12ActionsQueue4pushE7ACTIONSf
                0x0000000008002726       0x38 ./Core/Src/main.o
                0x0000000008002726                ActionsQueue::push(ACTIONS, float)
 .text._ZN12ActionsQueue5clearEv
                0x000000000800275e       0x36 ./Core/Src/main.o
                0x000000000800275e                ActionsQueue::clear()
 .text._ZN12ActionsQueue7isClearEv
                0x0000000008002794       0x4c ./Core/Src/main.o
                0x0000000008002794                ActionsQueue::isClear()
 .text._ZN12ActionsQueue7handlerEv
                0x00000000080027e0       0x1c ./Core/Src/main.o
                0x00000000080027e0                ActionsQueue::handler()
 .text._ZN12ActionsQueue10checkEnemyEv
                0x00000000080027fc       0x5e ./Core/Src/main.o
                0x00000000080027fc                ActionsQueue::checkEnemy()
 .text._ZN12ActionsQueue8getEnemyEv
                0x000000000800285a       0x2c ./Core/Src/main.o
                0x000000000800285a                ActionsQueue::getEnemy()
 *fill*         0x0000000008002886        0x2 
 .text._ZN12ActionsQueue9fastCycleEv
                0x0000000008002888      0x278 ./Core/Src/main.o
                0x0000000008002888                ActionsQueue::fastCycle()
 .text._ZN12ActionsQueue16RobotInstructionC2E7ACTIONS
                0x0000000008002b00       0x34 ./Core/Src/main.o
                0x0000000008002b00                ActionsQueue::RobotInstruction::RobotInstruction(ACTIONS)
                0x0000000008002b00                ActionsQueue::RobotInstruction::RobotInstruction(ACTIONS)
 .text._ZN12ActionsQueue16RobotInstructionC2E7ACTIONSf
                0x0000000008002b34       0x36 ./Core/Src/main.o
                0x0000000008002b34                ActionsQueue::RobotInstruction::RobotInstruction(ACTIONS, float)
                0x0000000008002b34                ActionsQueue::RobotInstruction::RobotInstruction(ACTIONS, float)
 .text._ZN12ActionsQueueD2Ev
                0x0000000008002b6a       0x30 ./Core/Src/main.o
                0x0000000008002b6a                ActionsQueue::~ActionsQueue()
                0x0000000008002b6a                ActionsQueue::~ActionsQueue()
 .text._ZN9AutoPilotC2Ev
                0x0000000008002b9a       0x3e ./Core/Src/main.o
                0x0000000008002b9a                AutoPilot::AutoPilot()
                0x0000000008002b9a                AutoPilot::AutoPilot()
 .text._ZN9AutoPilot7handlerEv
                0x0000000008002bd8       0x24 ./Core/Src/main.o
                0x0000000008002bd8                AutoPilot::handler()
 .text._ZN9AutoPilot9fastCycleEv
                0x0000000008002bfc      0x220 ./Core/Src/main.o
                0x0000000008002bfc                AutoPilot::fastCycle()
 .text._ZN9AutoPilot4initEv
                0x0000000008002e1c       0x2a ./Core/Src/main.o
                0x0000000008002e1c                AutoPilot::init()
 *fill*         0x0000000008002e46        0x2 
 .text.HAL_TIM_PeriodElapsedCallback
                0x0000000008002e48       0x28 ./Core/Src/main.o
                0x0000000008002e48                HAL_TIM_PeriodElapsedCallback
 .text._Z4initv
                0x0000000008002e70       0x84 ./Core/Src/main.o
                0x0000000008002e70                init()
 .text.main     0x0000000008002ef4       0x50 ./Core/Src/main.o
                0x0000000008002ef4                main
 .text._Z18SystemClock_Configv
                0x0000000008002f44       0xe4 ./Core/Src/main.o
                0x0000000008002f44                SystemClock_Config()
 .text._ZL12MX_I2C1_Initv
                0x0000000008003028       0x68 ./Core/Src/main.o
 .text._ZL12MX_TIM1_Initv
                0x0000000008003090       0xc0 ./Core/Src/main.o
 .text._ZL12MX_TIM2_Initv
                0x0000000008003150       0xbc ./Core/Src/main.o
 .text._ZL12MX_TIM3_Initv
                0x000000000800320c      0x130 ./Core/Src/main.o
 .text._ZL12MX_TIM4_Initv
                0x000000000800333c       0xbc ./Core/Src/main.o
 .text._ZL19MX_USART2_UART_Initv
                0x00000000080033f8       0x5c ./Core/Src/main.o
 .text._ZL11MX_DMA_Initv
                0x0000000008003454       0x50 ./Core/Src/main.o
 .text._ZL12MX_GPIO_Initv
                0x00000000080034a4      0x118 ./Core/Src/main.o
 .text.Error_Handler
                0x00000000080035bc        0xa ./Core/Src/main.o
                0x00000000080035bc                Error_Handler
 .text._ZNSaIfEC2Ev
                0x00000000080035c6       0x18 ./Core/Src/main.o
                0x00000000080035c6                std::allocator<float>::allocator()
                0x00000000080035c6                std::allocator<float>::allocator()
 .text._ZNSaIfED2Ev
                0x00000000080035de       0x18 ./Core/Src/main.o
                0x00000000080035de                std::allocator<float>::~allocator()
                0x00000000080035de                std::allocator<float>::~allocator()
 .text._ZNSt6vectorIfSaIfEED2Ev
                0x00000000080035f6       0x36 ./Core/Src/main.o
                0x00000000080035f6                std::vector<float, std::allocator<float> >::~vector()
                0x00000000080035f6                std::vector<float, std::allocator<float> >::~vector()
 .text._ZNSt12_Vector_baseIfSaIfEED2Ev
                0x000000000800362c       0x32 ./Core/Src/main.o
                0x000000000800362c                std::_Vector_base<float, std::allocator<float> >::~_Vector_base()
                0x000000000800362c                std::_Vector_base<float, std::allocator<float> >::~_Vector_base()
 .text._ZNSt6vectorIfSaIfEEC2ERKS1_
                0x000000000800365e       0x7a ./Core/Src/main.o
                0x000000000800365e                std::vector<float, std::allocator<float> >::vector(std::vector<float, std::allocator<float> > const&)
                0x000000000800365e                std::vector<float, std::allocator<float> >::vector(std::vector<float, std::allocator<float> > const&)
 .text._ZNSt6vectorIfSaIfEEixEj
                0x00000000080036d8       0x20 ./Core/Src/main.o
                0x00000000080036d8                std::vector<float, std::allocator<float> >::operator[](unsigned int)
 .text._ZNSt6vectorIfSaIfEEC2ESt16initializer_listIfERKS0_
                0x00000000080036f8       0x42 ./Core/Src/main.o
                0x00000000080036f8                std::vector<float, std::allocator<float> >::vector(std::initializer_list<float>, std::allocator<float> const&)
                0x00000000080036f8                std::vector<float, std::allocator<float> >::vector(std::initializer_list<float>, std::allocator<float> const&)
 .text._ZSt3powIfiEN9__gnu_cxx11__promote_2IT_T0_NS0_9__promoteIS2_XsrSt12__is_integerIS2_E7__valueEE6__typeENS4_IS3_XsrS5_IS3_E7__valueEE6__typeEE6__typeES2_S3_
                0x000000000800373a       0x42 ./Core/Src/main.o
                0x000000000800373a                __gnu_cxx::__promote_2<float, int, __gnu_cxx::__promote<float, std::__is_integer<float>::__value>::__type, __gnu_cxx::__promote<int, std::__is_integer<int>::__value>::__type>::__type std::pow<float, int>(float, int)
 .text._ZNSt5dequeIN12ActionsQueue16RobotInstructionESaIS1_EEC2Ev
                0x000000000800377c       0x1a ./Core/Src/main.o
                0x000000000800377c                std::deque<ActionsQueue::RobotInstruction, std::allocator<ActionsQueue::RobotInstruction> >::deque()
                0x000000000800377c                std::deque<ActionsQueue::RobotInstruction, std::allocator<ActionsQueue::RobotInstruction> >::deque()
 .text._ZNSt5queueIN12ActionsQueue16RobotInstructionESt5dequeIS1_SaIS1_EEEC2IS4_vEEv
                0x0000000008003796       0x28 ./Core/Src/main.o
                0x0000000008003796                std::queue<ActionsQueue::RobotInstruction, std::deque<ActionsQueue::RobotInstruction, std::allocator<ActionsQueue::RobotInstruction> > >::queue<std::deque<ActionsQueue::RobotInstruction, std::allocator<ActionsQueue::RobotInstruction> >, void>()
                0x0000000008003796                std::queue<ActionsQueue::RobotInstruction, std::deque<ActionsQueue::RobotInstruction, std::allocator<ActionsQueue::RobotInstruction> > >::queue<std::deque<ActionsQueue::RobotInstruction, std::allocator<ActionsQueue::RobotInstruction> >, void>()
 .text._ZNSt5dequeIN12ActionsQueue16RobotInstructionESaIS1_EED2Ev
                0x00000000080037be       0x4a ./Core/Src/main.o
                0x00000000080037be                std::deque<ActionsQueue::RobotInstruction, std::allocator<ActionsQueue::RobotInstruction> >::~deque()
                0x00000000080037be                std::deque<ActionsQueue::RobotInstruction, std::allocator<ActionsQueue::RobotInstruction> >::~deque()
 .text._ZNSt5queueIN12ActionsQueue16RobotInstructionESt5dequeIS1_SaIS1_EEE4pushEOS1_
                0x0000000008003808       0x24 ./Core/Src/main.o
                0x0000000008003808                std::queue<ActionsQueue::RobotInstruction, std::deque<ActionsQueue::RobotInstruction, std::allocator<ActionsQueue::RobotInstruction> > >::push(ActionsQueue::RobotInstruction&&)
 .text._ZNKSt5queueIN12ActionsQueue16RobotInstructionESt5dequeIS1_SaIS1_EEE4sizeEv
                0x000000000800382c       0x1a ./Core/Src/main.o
                0x000000000800382c                std::queue<ActionsQueue::RobotInstruction, std::deque<ActionsQueue::RobotInstruction, std::allocator<ActionsQueue::RobotInstruction> > >::size() const
 .text._ZNKSt5queueIN12ActionsQueue16RobotInstructionESt5dequeIS1_SaIS1_EEE5emptyEv
                0x0000000008003846       0x1a ./Core/Src/main.o
                0x0000000008003846                std::queue<ActionsQueue::RobotInstruction, std::deque<ActionsQueue::RobotInstruction, std::allocator<ActionsQueue::RobotInstruction> > >::empty() const
 .text._ZNSt5queueIN12ActionsQueue16RobotInstructionESt5dequeIS1_SaIS1_EEE3popEv
                0x0000000008003860       0x18 ./Core/Src/main.o
                0x0000000008003860                std::queue<ActionsQueue::RobotInstruction, std::deque<ActionsQueue::RobotInstruction, std::allocator<ActionsQueue::RobotInstruction> > >::pop()
 .text._ZNSt5queueIN12ActionsQueue16RobotInstructionESt5dequeIS1_SaIS1_EEE5frontEv
                0x0000000008003878       0x1a ./Core/Src/main.o
                0x0000000008003878                std::queue<ActionsQueue::RobotInstruction, std::deque<ActionsQueue::RobotInstruction, std::allocator<ActionsQueue::RobotInstruction> > >::front()
 .text._ZN9__gnu_cxx13new_allocatorIfEC2Ev
                0x0000000008003892       0x16 ./Core/Src/main.o
                0x0000000008003892                __gnu_cxx::new_allocator<float>::new_allocator()
                0x0000000008003892                __gnu_cxx::new_allocator<float>::new_allocator()
 .text._ZN9__gnu_cxx13new_allocatorIfED2Ev
                0x00000000080038a8       0x16 ./Core/Src/main.o
                0x00000000080038a8                __gnu_cxx::new_allocator<float>::~new_allocator()
                0x00000000080038a8                __gnu_cxx::new_allocator<float>::~new_allocator()
 *fill*         0x00000000080038be        0x2 
 .text._ZNSt6vectorIfSaIfEE17_S_check_init_lenEjRKS0_
                0x00000000080038c0       0x50 ./Core/Src/main.o
                0x00000000080038c0                std::vector<float, std::allocator<float> >::_S_check_init_len(unsigned int, std::allocator<float> const&)
 .text._ZNSt12_Vector_baseIfSaIfEEC2EjRKS0_
                0x0000000008003910       0x28 ./Core/Src/main.o
                0x0000000008003910                std::_Vector_base<float, std::allocator<float> >::_Vector_base(unsigned int, std::allocator<float> const&)
                0x0000000008003910                std::_Vector_base<float, std::allocator<float> >::_Vector_base(unsigned int, std::allocator<float> const&)
 .text._ZNSt12_Vector_baseIfSaIfEE19_M_get_Tp_allocatorEv
                0x0000000008003938       0x16 ./Core/Src/main.o
                0x0000000008003938                std::_Vector_base<float, std::allocator<float> >::_M_get_Tp_allocator()
 .text._ZSt8_DestroyIPffEvT_S1_RSaIT0_E
                0x000000000800394e       0x1c ./Core/Src/main.o
                0x000000000800394e                void std::_Destroy<float*, float>(float*, float*, std::allocator<float>&)
 .text._ZNSaIfEC2ERKS_
                0x000000000800396a       0x1c ./Core/Src/main.o
                0x000000000800396a                std::allocator<float>::allocator(std::allocator<float> const&)
                0x000000000800396a                std::allocator<float>::allocator(std::allocator<float> const&)
 .text._ZNSt12_Vector_baseIfSaIfEE13_M_deallocateEPfj
                0x0000000008003986       0x26 ./Core/Src/main.o
                0x0000000008003986                std::_Vector_base<float, std::allocator<float> >::_M_deallocate(float*, unsigned int)
 .text._ZNKSt6vectorIfSaIfEE4sizeEv
                0x00000000080039ac       0x20 ./Core/Src/main.o
                0x00000000080039ac                std::vector<float, std::allocator<float> >::size() const
 .text._ZN9__gnu_cxx14__alloc_traitsISaIfEfE17_S_select_on_copyERKS1_
                0x00000000080039cc       0x1c ./Core/Src/main.o
                0x00000000080039cc                __gnu_cxx::__alloc_traits<std::allocator<float>, float>::_S_select_on_copy(std::allocator<float> const&)
 .text._ZNKSt12_Vector_baseIfSaIfEE19_M_get_Tp_allocatorEv
                0x00000000080039e8       0x16 ./Core/Src/main.o
                0x00000000080039e8                std::_Vector_base<float, std::allocator<float> >::_M_get_Tp_allocator() const
 .text._ZNKSt6vectorIfSaIfEE5beginEv
                0x00000000080039fe       0x20 ./Core/Src/main.o
                0x00000000080039fe                std::vector<float, std::allocator<float> >::begin() const
 .text._ZNKSt6vectorIfSaIfEE3endEv
                0x0000000008003a1e       0x22 ./Core/Src/main.o
                0x0000000008003a1e                std::vector<float, std::allocator<float> >::end() const
 .text._ZSt22__uninitialized_copy_aIN9__gnu_cxx17__normal_iteratorIPKfSt6vectorIfSaIfEEEEPffET0_T_SA_S9_RSaIT1_E
                0x0000000008003a40       0x22 ./Core/Src/main.o
                0x0000000008003a40                float* std::__uninitialized_copy_a<__gnu_cxx::__normal_iterator<float const*, std::vector<float, std::allocator<float> > >, float*, float>(__gnu_cxx::__normal_iterator<float const*, std::vector<float, std::allocator<float> > >, __gnu_cxx::__normal_iterator<float const*, std::vector<float, std::allocator<float> > >, float*, std::allocator<float>&)
 .text._ZNSt12_Vector_baseIfSaIfEEC2ERKS0_
                0x0000000008003a62       0x1e ./Core/Src/main.o
                0x0000000008003a62                std::_Vector_base<float, std::allocator<float> >::_Vector_base(std::allocator<float> const&)
                0x0000000008003a62                std::_Vector_base<float, std::allocator<float> >::_Vector_base(std::allocator<float> const&)
 .text._ZNKSt16initializer_listIfE5beginEv
                0x0000000008003a80       0x18 ./Core/Src/main.o
                0x0000000008003a80                std::initializer_list<float>::begin() const
 .text._ZNKSt16initializer_listIfE3endEv
                0x0000000008003a98       0x24 ./Core/Src/main.o
                0x0000000008003a98                std::initializer_list<float>::end() const
 .text._ZNSt6vectorIfSaIfEE19_M_range_initializeIPKfEEvT_S5_St20forward_iterator_tag
                0x0000000008003abc       0x72 ./Core/Src/main.o
                0x0000000008003abc                void std::vector<float, std::allocator<float> >::_M_range_initialize<float const*>(float const*, float const*, std::forward_iterator_tag)
 .text._ZNSt11_Deque_baseIN12ActionsQueue16RobotInstructionESaIS1_EE11_Deque_implD2Ev
                0x0000000008003b2e       0x18 ./Core/Src/main.o
                0x0000000008003b2e                std::_Deque_base<ActionsQueue::RobotInstruction, std::allocator<ActionsQueue::RobotInstruction> >::_Deque_impl::~_Deque_impl()
                0x0000000008003b2e                std::_Deque_base<ActionsQueue::RobotInstruction, std::allocator<ActionsQueue::RobotInstruction> >::_Deque_impl::~_Deque_impl()
 .text._ZNSt11_Deque_baseIN12ActionsQueue16RobotInstructionESaIS1_EEC2Ev
                0x0000000008003b46       0x22 ./Core/Src/main.o
                0x0000000008003b46                std::_Deque_base<ActionsQueue::RobotInstruction, std::allocator<ActionsQueue::RobotInstruction> >::_Deque_base()
                0x0000000008003b46                std::_Deque_base<ActionsQueue::RobotInstruction, std::allocator<ActionsQueue::RobotInstruction> >::_Deque_base()
 .text._ZNSt11_Deque_baseIN12ActionsQueue16RobotInstructionESaIS1_EED2Ev
                0x0000000008003b68       0x44 ./Core/Src/main.o
                0x0000000008003b68                std::_Deque_base<ActionsQueue::RobotInstruction, std::allocator<ActionsQueue::RobotInstruction> >::~_Deque_base()
                0x0000000008003b68                std::_Deque_base<ActionsQueue::RobotInstruction, std::allocator<ActionsQueue::RobotInstruction> >::~_Deque_base()
 .text._ZNSt5dequeIN12ActionsQueue16RobotInstructionESaIS1_EE5beginEv
                0x0000000008003bac       0x1e ./Core/Src/main.o
                0x0000000008003bac                std::deque<ActionsQueue::RobotInstruction, std::allocator<ActionsQueue::RobotInstruction> >::begin()
 .text._ZNSt5dequeIN12ActionsQueue16RobotInstructionESaIS1_EE3endEv
                0x0000000008003bca       0x1e ./Core/Src/main.o
                0x0000000008003bca                std::deque<ActionsQueue::RobotInstruction, std::allocator<ActionsQueue::RobotInstruction> >::end()
 .text._ZNSt11_Deque_baseIN12ActionsQueue16RobotInstructionESaIS1_EE19_M_get_Tp_allocatorEv
                0x0000000008003be8       0x16 ./Core/Src/main.o
                0x0000000008003be8                std::_Deque_base<ActionsQueue::RobotInstruction, std::allocator<ActionsQueue::RobotInstruction> >::_M_get_Tp_allocator()
 .text._ZNSt15_Deque_iteratorIN12ActionsQueue16RobotInstructionERS1_PS1_EC2ERKS4_
                0x0000000008003bfe       0x38 ./Core/Src/main.o
                0x0000000008003bfe                std::_Deque_iterator<ActionsQueue::RobotInstruction, ActionsQueue::RobotInstruction&, ActionsQueue::RobotInstruction*>::_Deque_iterator(std::_Deque_iterator<ActionsQueue::RobotInstruction, ActionsQueue::RobotInstruction&, ActionsQueue::RobotInstruction*> const&)
                0x0000000008003bfe                std::_Deque_iterator<ActionsQueue::RobotInstruction, ActionsQueue::RobotInstruction&, ActionsQueue::RobotInstruction*>::_Deque_iterator(std::_Deque_iterator<ActionsQueue::RobotInstruction, ActionsQueue::RobotInstruction&, ActionsQueue::RobotInstruction*> const&)
 .text._ZNSt5dequeIN12ActionsQueue16RobotInstructionESaIS1_EE15_M_destroy_dataESt15_Deque_iteratorIS1_RS1_PS1_ES7_RKS2_
                0x0000000008003c36       0x1a ./Core/Src/main.o
                0x0000000008003c36                std::deque<ActionsQueue::RobotInstruction, std::allocator<ActionsQueue::RobotInstruction> >::_M_destroy_data(std::_Deque_iterator<ActionsQueue::RobotInstruction, ActionsQueue::RobotInstruction&, ActionsQueue::RobotInstruction*>, std::_Deque_iterator<ActionsQueue::RobotInstruction, ActionsQueue::RobotInstruction&, ActionsQueue::RobotInstruction*>, std::allocator<ActionsQueue::RobotInstruction> const&)
 .text._ZSt4moveIRN12ActionsQueue16RobotInstructionEEONSt16remove_referenceIT_E4typeEOS4_
                0x0000000008003c50       0x16 ./Core/Src/main.o
                0x0000000008003c50                std::remove_reference<ActionsQueue::RobotInstruction&>::type&& std::move<ActionsQueue::RobotInstruction&>(ActionsQueue::RobotInstruction&)
 .text._ZNSt5dequeIN12ActionsQueue16RobotInstructionESaIS1_EE9push_backEOS1_
                0x0000000008003c66       0x22 ./Core/Src/main.o
                0x0000000008003c66                std::deque<ActionsQueue::RobotInstruction, std::allocator<ActionsQueue::RobotInstruction> >::push_back(ActionsQueue::RobotInstruction&&)
 .text._ZNKSt5dequeIN12ActionsQueue16RobotInstructionESaIS1_EE4sizeEv
                0x0000000008003c88       0x24 ./Core/Src/main.o
                0x0000000008003c88                std::deque<ActionsQueue::RobotInstruction, std::allocator<ActionsQueue::RobotInstruction> >::size() const
 .text._ZNKSt5dequeIN12ActionsQueue16RobotInstructionESaIS1_EE5emptyEv
                0x0000000008003cac       0x24 ./Core/Src/main.o
                0x0000000008003cac                std::deque<ActionsQueue::RobotInstruction, std::allocator<ActionsQueue::RobotInstruction> >::empty() const
 .text._ZNSt5dequeIN12ActionsQueue16RobotInstructionESaIS1_EE9pop_frontEv
                0x0000000008003cd0       0x48 ./Core/Src/main.o
                0x0000000008003cd0                std::deque<ActionsQueue::RobotInstruction, std::allocator<ActionsQueue::RobotInstruction> >::pop_front()
 .text._ZNSt5dequeIN12ActionsQueue16RobotInstructionESaIS1_EE5frontEv
                0x0000000008003d18       0x28 ./Core/Src/main.o
                0x0000000008003d18                std::deque<ActionsQueue::RobotInstruction, std::allocator<ActionsQueue::RobotInstruction> >::front()
 .text._ZNSt6vectorIfSaIfEE11_S_max_sizeERKS0_
                0x0000000008003d40       0x34 ./Core/Src/main.o
                0x0000000008003d40                std::vector<float, std::allocator<float> >::_S_max_size(std::allocator<float> const&)
 .text._ZNSt12_Vector_baseIfSaIfEE12_Vector_implC2ERKS0_
                0x0000000008003d74       0x24 ./Core/Src/main.o
                0x0000000008003d74                std::_Vector_base<float, std::allocator<float> >::_Vector_impl::_Vector_impl(std::allocator<float> const&)
                0x0000000008003d74                std::_Vector_base<float, std::allocator<float> >::_Vector_impl::_Vector_impl(std::allocator<float> const&)
 .text._ZNSt12_Vector_baseIfSaIfEE17_M_create_storageEj
                0x0000000008003d98       0x36 ./Core/Src/main.o
                0x0000000008003d98                std::_Vector_base<float, std::allocator<float> >::_M_create_storage(unsigned int)
 .text._ZSt8_DestroyIPfEvT_S1_
                0x0000000008003dce       0x1a ./Core/Src/main.o
                0x0000000008003dce                void std::_Destroy<float*>(float*, float*)
 .text._ZN9__gnu_cxx13new_allocatorIfEC2ERKS1_
                0x0000000008003de8       0x18 ./Core/Src/main.o
                0x0000000008003de8                __gnu_cxx::new_allocator<float>::new_allocator(__gnu_cxx::new_allocator<float> const&)
                0x0000000008003de8                __gnu_cxx::new_allocator<float>::new_allocator(__gnu_cxx::new_allocator<float> const&)
 .text._ZNSt16allocator_traitsISaIfEE10deallocateERS0_Pfj
                0x0000000008003e00       0x1e ./Core/Src/main.o
                0x0000000008003e00                std::allocator_traits<std::allocator<float> >::deallocate(std::allocator<float>&, float*, unsigned int)
 .text._ZNSt16allocator_traitsISaIfEE37select_on_container_copy_constructionERKS0_
                0x0000000008003e1e       0x1a ./Core/Src/main.o
                0x0000000008003e1e                std::allocator_traits<std::allocator<float> >::select_on_container_copy_construction(std::allocator<float> const&)
 .text._ZN9__gnu_cxx17__normal_iteratorIPKfSt6vectorIfSaIfEEEC2ERKS2_
                0x0000000008003e38       0x20 ./Core/Src/main.o
                0x0000000008003e38                __gnu_cxx::__normal_iterator<float const*, std::vector<float, std::allocator<float> > >::__normal_iterator(float const* const&)
                0x0000000008003e38                __gnu_cxx::__normal_iterator<float const*, std::vector<float, std::allocator<float> > >::__normal_iterator(float const* const&)
 .text._ZSt18uninitialized_copyIN9__gnu_cxx17__normal_iteratorIPKfSt6vectorIfSaIfEEEEPfET0_T_SA_S9_
                0x0000000008003e58       0x24 ./Core/Src/main.o
                0x0000000008003e58                float* std::uninitialized_copy<__gnu_cxx::__normal_iterator<float const*, std::vector<float, std::allocator<float> > >, float*>(__gnu_cxx::__normal_iterator<float const*, std::vector<float, std::allocator<float> > >, __gnu_cxx::__normal_iterator<float const*, std::vector<float, std::allocator<float> > >, float*)
 .text._ZNKSt16initializer_listIfE4sizeEv
                0x0000000008003e7c       0x18 ./Core/Src/main.o
                0x0000000008003e7c                std::initializer_list<float>::size() const
 .text._ZSt8distanceIPKfENSt15iterator_traitsIT_E15difference_typeES3_S3_
                0x0000000008003e94       0x28 ./Core/Src/main.o
                0x0000000008003e94                std::iterator_traits<float const*>::difference_type std::distance<float const*>(float const*, float const*)
 .text._ZNSt12_Vector_baseIfSaIfEE11_M_allocateEj
                0x0000000008003ebc       0x28 ./Core/Src/main.o
                0x0000000008003ebc                std::_Vector_base<float, std::allocator<float> >::_M_allocate(unsigned int)
 .text._ZSt22__uninitialized_copy_aIPKfPffET0_T_S4_S3_RSaIT1_E
                0x0000000008003ee4       0x22 ./Core/Src/main.o
                0x0000000008003ee4                float* std::__uninitialized_copy_a<float const*, float*, float>(float const*, float const*, float*, std::allocator<float>&)
 .text._ZNSt11_Deque_baseIN12ActionsQueue16RobotInstructionESaIS1_EE11_Deque_implC2Ev
                0x0000000008003f06       0x20 ./Core/Src/main.o
                0x0000000008003f06                std::_Deque_base<ActionsQueue::RobotInstruction, std::allocator<ActionsQueue::RobotInstruction> >::_Deque_impl::_Deque_impl()
                0x0000000008003f06                std::_Deque_base<ActionsQueue::RobotInstruction, std::allocator<ActionsQueue::RobotInstruction> >::_Deque_impl::_Deque_impl()
 .text._ZNSaIN12ActionsQueue16RobotInstructionEED2Ev
                0x0000000008003f26       0x18 ./Core/Src/main.o
                0x0000000008003f26                std::allocator<ActionsQueue::RobotInstruction>::~allocator()
                0x0000000008003f26                std::allocator<ActionsQueue::RobotInstruction>::~allocator()
 .text._ZNSt11_Deque_baseIN12ActionsQueue16RobotInstructionESaIS1_EE17_M_initialize_mapEj
                0x0000000008003f3e       0xc6 ./Core/Src/main.o
                0x0000000008003f3e                std::_Deque_base<ActionsQueue::RobotInstruction, std::allocator<ActionsQueue::RobotInstruction> >::_M_initialize_map(unsigned int)
 .text._ZNSt11_Deque_baseIN12ActionsQueue16RobotInstructionESaIS1_EE16_M_destroy_nodesEPPS1_S5_
                0x0000000008004004       0x34 ./Core/Src/main.o
                0x0000000008004004                std::_Deque_base<ActionsQueue::RobotInstruction, std::allocator<ActionsQueue::RobotInstruction> >::_M_destroy_nodes(ActionsQueue::RobotInstruction**, ActionsQueue::RobotInstruction**)
 .text._ZNSt11_Deque_baseIN12ActionsQueue16RobotInstructionESaIS1_EE17_M_deallocate_mapEPPS1_j
                0x0000000008004038       0x38 ./Core/Src/main.o
                0x0000000008004038                std::_Deque_base<ActionsQueue::RobotInstruction, std::allocator<ActionsQueue::RobotInstruction> >::_M_deallocate_map(ActionsQueue::RobotInstruction**, unsigned int)
 .text._ZNSt5dequeIN12ActionsQueue16RobotInstructionESaIS1_EE12emplace_backIJS1_EEEvDpOT_
                0x0000000008004070       0x56 ./Core/Src/main.o
                0x0000000008004070                void std::deque<ActionsQueue::RobotInstruction, std::allocator<ActionsQueue::RobotInstruction> >::emplace_back<ActionsQueue::RobotInstruction>(ActionsQueue::RobotInstruction&&)
 .text._ZStmiRKSt15_Deque_iteratorIN12ActionsQueue16RobotInstructionERS1_PS1_ES6_
                0x00000000080040c6       0x48 ./Core/Src/main.o
                0x00000000080040c6                std::operator-(std::_Deque_iterator<ActionsQueue::RobotInstruction, ActionsQueue::RobotInstruction&, ActionsQueue::RobotInstruction*> const&, std::_Deque_iterator<ActionsQueue::RobotInstruction, ActionsQueue::RobotInstruction&, ActionsQueue::RobotInstruction*> const&)
 .text._ZSteqRKSt15_Deque_iteratorIN12ActionsQueue16RobotInstructionERS1_PS1_ES6_
                0x000000000800410e       0x28 ./Core/Src/main.o
                0x000000000800410e                std::operator==(std::_Deque_iterator<ActionsQueue::RobotInstruction, ActionsQueue::RobotInstruction&, ActionsQueue::RobotInstruction*> const&, std::_Deque_iterator<ActionsQueue::RobotInstruction, ActionsQueue::RobotInstruction&, ActionsQueue::RobotInstruction*> const&)
 .text._ZNSt16allocator_traitsISaIN12ActionsQueue16RobotInstructionEEE7destroyIS1_EEvRS2_PT_
                0x0000000008004136       0x1a ./Core/Src/main.o
                0x0000000008004136                void std::allocator_traits<std::allocator<ActionsQueue::RobotInstruction> >::destroy<ActionsQueue::RobotInstruction>(std::allocator<ActionsQueue::RobotInstruction>&, ActionsQueue::RobotInstruction*)
 .text._ZNSt5dequeIN12ActionsQueue16RobotInstructionESaIS1_EE16_M_pop_front_auxEv
                0x0000000008004150       0x50 ./Core/Src/main.o
                0x0000000008004150                std::deque<ActionsQueue::RobotInstruction, std::allocator<ActionsQueue::RobotInstruction> >::_M_pop_front_aux()
 .text._ZNKSt15_Deque_iteratorIN12ActionsQueue16RobotInstructionERS1_PS1_EdeEv
                0x00000000080041a0       0x18 ./Core/Src/main.o
                0x00000000080041a0                std::_Deque_iterator<ActionsQueue::RobotInstruction, ActionsQueue::RobotInstruction&, ActionsQueue::RobotInstruction*>::operator*() const
 .text._ZNSt16allocator_traitsISaIfEE8max_sizeERKS0_
                0x00000000080041b8       0x18 ./Core/Src/main.o
                0x00000000080041b8                std::allocator_traits<std::allocator<float> >::max_size(std::allocator<float> const&)
 .text._ZSt3minIjERKT_S2_S2_
                0x00000000080041d0       0x28 ./Core/Src/main.o
                0x00000000080041d0                unsigned int const& std::min<unsigned int>(unsigned int const&, unsigned int const&)
 .text._ZNSt12_Vector_baseIfSaIfEE17_Vector_impl_dataC2Ev
                0x00000000080041f8       0x28 ./Core/Src/main.o
                0x00000000080041f8                std::_Vector_base<float, std::allocator<float> >::_Vector_impl_data::_Vector_impl_data()
                0x00000000080041f8                std::_Vector_base<float, std::allocator<float> >::_Vector_impl_data::_Vector_impl_data()
 .text._ZNSt12_Destroy_auxILb1EE9__destroyIPfEEvT_S3_
                0x0000000008004220       0x16 ./Core/Src/main.o
                0x0000000008004220                void std::_Destroy_aux<true>::__destroy<float*>(float*, float*)
 .text._ZN9__gnu_cxx13new_allocatorIfE10deallocateEPfj
                0x0000000008004236       0x20 ./Core/Src/main.o
                0x0000000008004236                __gnu_cxx::new_allocator<float>::deallocate(float*, unsigned int)
 .text._ZNSt20__uninitialized_copyILb1EE13__uninit_copyIN9__gnu_cxx17__normal_iteratorIPKfSt6vectorIfSaIfEEEEPfEET0_T_SC_SB_
                0x0000000008004256       0x20 ./Core/Src/main.o
                0x0000000008004256                float* std::__uninitialized_copy<true>::__uninit_copy<__gnu_cxx::__normal_iterator<float const*, std::vector<float, std::allocator<float> > >, float*>(__gnu_cxx::__normal_iterator<float const*, std::vector<float, std::allocator<float> > >, __gnu_cxx::__normal_iterator<float const*, std::vector<float, std::allocator<float> > >, float*)
 .text._ZSt19__iterator_categoryIPKfENSt15iterator_traitsIT_E17iterator_categoryERKS3_
                0x0000000008004276       0x16 ./Core/Src/main.o
                0x0000000008004276                std::iterator_traits<float const*>::iterator_category std::__iterator_category<float const*>(float const* const&)
 .text._ZSt10__distanceIPKfENSt15iterator_traitsIT_E15difference_typeES3_S3_St26random_access_iterator_tag
                0x000000000800428c       0x20 ./Core/Src/main.o
                0x000000000800428c                std::iterator_traits<float const*>::difference_type std::__distance<float const*>(float const*, float const*, std::random_access_iterator_tag)
 .text._ZNSt16allocator_traitsISaIfEE8allocateERS0_j
                0x00000000080042ac       0x1e ./Core/Src/main.o
                0x00000000080042ac                std::allocator_traits<std::allocator<float> >::allocate(std::allocator<float>&, unsigned int)
 .text._ZSt18uninitialized_copyIPKfPfET0_T_S4_S3_
                0x00000000080042ca       0x24 ./Core/Src/main.o
                0x00000000080042ca                float* std::uninitialized_copy<float const*, float*>(float const*, float const*, float*)
 .text._ZNSaIN12ActionsQueue16RobotInstructionEEC2Ev
                0x00000000080042ee       0x18 ./Core/Src/main.o
                0x00000000080042ee                std::allocator<ActionsQueue::RobotInstruction>::allocator()
                0x00000000080042ee                std::allocator<ActionsQueue::RobotInstruction>::allocator()
 .text._ZNSt11_Deque_baseIN12ActionsQueue16RobotInstructionESaIS1_EE16_Deque_impl_dataC2Ev
                0x0000000008004306       0x32 ./Core/Src/main.o
                0x0000000008004306                std::_Deque_base<ActionsQueue::RobotInstruction, std::allocator<ActionsQueue::RobotInstruction> >::_Deque_impl_data::_Deque_impl_data()
                0x0000000008004306                std::_Deque_base<ActionsQueue::RobotInstruction, std::allocator<ActionsQueue::RobotInstruction> >::_Deque_impl_data::_Deque_impl_data()
 .text._ZN9__gnu_cxx13new_allocatorIN12ActionsQueue16RobotInstructionEED2Ev
                0x0000000008004338       0x16 ./Core/Src/main.o
                0x0000000008004338                __gnu_cxx::new_allocator<ActionsQueue::RobotInstruction>::~new_allocator()
                0x0000000008004338                __gnu_cxx::new_allocator<ActionsQueue::RobotInstruction>::~new_allocator()
 .text._ZSt3maxIjERKT_S2_S2_
                0x000000000800434e       0x28 ./Core/Src/main.o
                0x000000000800434e                unsigned int const& std::max<unsigned int>(unsigned int const&, unsigned int const&)
 .text._ZNSt11_Deque_baseIN12ActionsQueue16RobotInstructionESaIS1_EE15_M_allocate_mapEj
                0x0000000008004376       0x3a ./Core/Src/main.o
                0x0000000008004376                std::_Deque_base<ActionsQueue::RobotInstruction, std::allocator<ActionsQueue::RobotInstruction> >::_M_allocate_map(unsigned int)
 .text._ZNSt11_Deque_baseIN12ActionsQueue16RobotInstructionESaIS1_EE15_M_create_nodesEPPS1_S5_
                0x00000000080043b0       0x34 ./Core/Src/main.o
                0x00000000080043b0                std::_Deque_base<ActionsQueue::RobotInstruction, std::allocator<ActionsQueue::RobotInstruction> >::_M_create_nodes(ActionsQueue::RobotInstruction**, ActionsQueue::RobotInstruction**)
 .text._ZNSt15_Deque_iteratorIN12ActionsQueue16RobotInstructionERS1_PS1_E11_M_set_nodeEPS3_
                0x00000000080043e4       0x32 ./Core/Src/main.o
                0x00000000080043e4                std::_Deque_iterator<ActionsQueue::RobotInstruction, ActionsQueue::RobotInstruction&, ActionsQueue::RobotInstruction*>::_M_set_node(ActionsQueue::RobotInstruction**)
 .text._ZNSt11_Deque_baseIN12ActionsQueue16RobotInstructionESaIS1_EE18_M_deallocate_nodeEPS1_
                0x0000000008004416       0x26 ./Core/Src/main.o
                0x0000000008004416                std::_Deque_base<ActionsQueue::RobotInstruction, std::allocator<ActionsQueue::RobotInstruction> >::_M_deallocate_node(ActionsQueue::RobotInstruction*)
 .text._ZNKSt11_Deque_baseIN12ActionsQueue16RobotInstructionESaIS1_EE20_M_get_map_allocatorEv
                0x000000000800443c       0x22 ./Core/Src/main.o
                0x000000000800443c                std::_Deque_base<ActionsQueue::RobotInstruction, std::allocator<ActionsQueue::RobotInstruction> >::_M_get_map_allocator() const
 .text._ZNSaIPN12ActionsQueue16RobotInstructionEED2Ev
                0x000000000800445e       0x18 ./Core/Src/main.o
                0x000000000800445e                std::allocator<ActionsQueue::RobotInstruction*>::~allocator()
                0x000000000800445e                std::allocator<ActionsQueue::RobotInstruction*>::~allocator()
 .text._ZNSt16allocator_traitsISaIPN12ActionsQueue16RobotInstructionEEE10deallocateERS3_PS2_j
                0x0000000008004476       0x1e ./Core/Src/main.o
                0x0000000008004476                std::allocator_traits<std::allocator<ActionsQueue::RobotInstruction*> >::deallocate(std::allocator<ActionsQueue::RobotInstruction*>&, ActionsQueue::RobotInstruction**, unsigned int)
 .text._ZSt7forwardIN12ActionsQueue16RobotInstructionEEOT_RNSt16remove_referenceIS2_E4typeE
                0x0000000008004494       0x16 ./Core/Src/main.o
                0x0000000008004494                ActionsQueue::RobotInstruction&& std::forward<ActionsQueue::RobotInstruction>(std::remove_reference<ActionsQueue::RobotInstruction>::type&)
 .text._ZNSt16allocator_traitsISaIN12ActionsQueue16RobotInstructionEEE9constructIS1_JS1_EEEvRS2_PT_DpOT0_
                0x00000000080044aa       0x26 ./Core/Src/main.o
                0x00000000080044aa                void std::allocator_traits<std::allocator<ActionsQueue::RobotInstruction> >::construct<ActionsQueue::RobotInstruction, ActionsQueue::RobotInstruction>(std::allocator<ActionsQueue::RobotInstruction>&, ActionsQueue::RobotInstruction*, ActionsQueue::RobotInstruction&&)
 .text._ZNSt5dequeIN12ActionsQueue16RobotInstructionESaIS1_EE16_M_push_back_auxIJS1_EEEvDpOT_
                0x00000000080044d0       0x88 ./Core/Src/main.o
                0x00000000080044d0                void std::deque<ActionsQueue::RobotInstruction, std::allocator<ActionsQueue::RobotInstruction> >::_M_push_back_aux<ActionsQueue::RobotInstruction>(ActionsQueue::RobotInstruction&&)
 .text._ZNSt15_Deque_iteratorIN12ActionsQueue16RobotInstructionERS1_PS1_E14_S_buffer_sizeEv
                0x0000000008004558       0x10 ./Core/Src/main.o
                0x0000000008004558                std::_Deque_iterator<ActionsQueue::RobotInstruction, ActionsQueue::RobotInstruction&, ActionsQueue::RobotInstruction*>::_S_buffer_size()
 .text._ZN9__gnu_cxx13new_allocatorIN12ActionsQueue16RobotInstructionEE7destroyIS2_EEvPT_
                0x0000000008004568       0x16 ./Core/Src/main.o
                0x0000000008004568                void __gnu_cxx::new_allocator<ActionsQueue::RobotInstruction>::destroy<ActionsQueue::RobotInstruction>(ActionsQueue::RobotInstruction*)
 .text._ZNK9__gnu_cxx13new_allocatorIfE8max_sizeEv
                0x000000000800457e       0x18 ./Core/Src/main.o
                0x000000000800457e                __gnu_cxx::new_allocator<float>::max_size() const
 .text._ZSt4copyIN9__gnu_cxx17__normal_iteratorIPKfSt6vectorIfSaIfEEEEPfET0_T_SA_S9_
                0x0000000008004596       0x30 ./Core/Src/main.o
                0x0000000008004596                float* std::copy<__gnu_cxx::__normal_iterator<float const*, std::vector<float, std::allocator<float> > >, float*>(__gnu_cxx::__normal_iterator<float const*, std::vector<float, std::allocator<float> > >, __gnu_cxx::__normal_iterator<float const*, std::vector<float, std::allocator<float> > >, float*)
 .text._ZN9__gnu_cxx13new_allocatorIfE8allocateEjPKv
                0x00000000080045c6       0x3c ./Core/Src/main.o
                0x00000000080045c6                __gnu_cxx::new_allocator<float>::allocate(unsigned int, void const*)
 .text._ZNSt20__uninitialized_copyILb1EE13__uninit_copyIPKfPfEET0_T_S6_S5_
                0x0000000008004602       0x20 ./Core/Src/main.o
                0x0000000008004602                float* std::__uninitialized_copy<true>::__uninit_copy<float const*, float*>(float const*, float const*, float*)
 .text._ZN9__gnu_cxx13new_allocatorIN12ActionsQueue16RobotInstructionEEC2Ev
                0x0000000008004622       0x16 ./Core/Src/main.o
                0x0000000008004622                __gnu_cxx::new_allocator<ActionsQueue::RobotInstruction>::new_allocator()
                0x0000000008004622                __gnu_cxx::new_allocator<ActionsQueue::RobotInstruction>::new_allocator()
 .text._ZNSt15_Deque_iteratorIN12ActionsQueue16RobotInstructionERS1_PS1_EC2Ev
                0x0000000008004638       0x2e ./Core/Src/main.o
                0x0000000008004638                std::_Deque_iterator<ActionsQueue::RobotInstruction, ActionsQueue::RobotInstruction&, ActionsQueue::RobotInstruction*>::_Deque_iterator()
                0x0000000008004638                std::_Deque_iterator<ActionsQueue::RobotInstruction, ActionsQueue::RobotInstruction&, ActionsQueue::RobotInstruction*>::_Deque_iterator()
 .text._ZNSt16allocator_traitsISaIPN12ActionsQueue16RobotInstructionEEE8allocateERS3_j
                0x0000000008004666       0x1e ./Core/Src/main.o
                0x0000000008004666                std::allocator_traits<std::allocator<ActionsQueue::RobotInstruction*> >::allocate(std::allocator<ActionsQueue::RobotInstruction*>&, unsigned int)
 .text._ZNSt11_Deque_baseIN12ActionsQueue16RobotInstructionESaIS1_EE16_M_allocate_nodeEv
                0x0000000008004684       0x24 ./Core/Src/main.o
                0x0000000008004684                std::_Deque_base<ActionsQueue::RobotInstruction, std::allocator<ActionsQueue::RobotInstruction> >::_M_allocate_node()
 .text._ZNSt16allocator_traitsISaIN12ActionsQueue16RobotInstructionEEE10deallocateERS2_PS1_j
                0x00000000080046a8       0x1e ./Core/Src/main.o
                0x00000000080046a8                std::allocator_traits<std::allocator<ActionsQueue::RobotInstruction> >::deallocate(std::allocator<ActionsQueue::RobotInstruction>&, ActionsQueue::RobotInstruction*, unsigned int)
 .text._ZNKSt11_Deque_baseIN12ActionsQueue16RobotInstructionESaIS1_EE19_M_get_Tp_allocatorEv
                0x00000000080046c6       0x16 ./Core/Src/main.o
                0x00000000080046c6                std::_Deque_base<ActionsQueue::RobotInstruction, std::allocator<ActionsQueue::RobotInstruction> >::_M_get_Tp_allocator() const
 .text._ZNSaIPN12ActionsQueue16RobotInstructionEEC2IS0_EERKSaIT_E
                0x00000000080046dc       0x1a ./Core/Src/main.o
                0x00000000080046dc                std::allocator<ActionsQueue::RobotInstruction*>::allocator<ActionsQueue::RobotInstruction>(std::allocator<ActionsQueue::RobotInstruction> const&)
                0x00000000080046dc                std::allocator<ActionsQueue::RobotInstruction*>::allocator<ActionsQueue::RobotInstruction>(std::allocator<ActionsQueue::RobotInstruction> const&)
 .text._ZN9__gnu_cxx13new_allocatorIPN12ActionsQueue16RobotInstructionEED2Ev
                0x00000000080046f6       0x16 ./Core/Src/main.o
                0x00000000080046f6                __gnu_cxx::new_allocator<ActionsQueue::RobotInstruction*>::~new_allocator()
                0x00000000080046f6                __gnu_cxx::new_allocator<ActionsQueue::RobotInstruction*>::~new_allocator()
 .text._ZN9__gnu_cxx13new_allocatorIPN12ActionsQueue16RobotInstructionEE10deallocateEPS3_j
                0x000000000800470c       0x20 ./Core/Src/main.o
                0x000000000800470c                __gnu_cxx::new_allocator<ActionsQueue::RobotInstruction*>::deallocate(ActionsQueue::RobotInstruction**, unsigned int)
 .text._ZN9__gnu_cxx13new_allocatorIN12ActionsQueue16RobotInstructionEE9constructIS2_JS2_EEEvPT_DpOT0_
                0x000000000800472c       0x32 ./Core/Src/main.o
                0x000000000800472c                void __gnu_cxx::new_allocator<ActionsQueue::RobotInstruction>::construct<ActionsQueue::RobotInstruction, ActionsQueue::RobotInstruction>(ActionsQueue::RobotInstruction*, ActionsQueue::RobotInstruction&&)
 .text._ZNKSt5dequeIN12ActionsQueue16RobotInstructionESaIS1_EE8max_sizeEv
                0x000000000800475e       0x22 ./Core/Src/main.o
                0x000000000800475e                std::deque<ActionsQueue::RobotInstruction, std::allocator<ActionsQueue::RobotInstruction> >::max_size() const
 .text._ZNSt5dequeIN12ActionsQueue16RobotInstructionESaIS1_EE22_M_reserve_map_at_backEj
                0x0000000008004780       0x36 ./Core/Src/main.o
                0x0000000008004780                std::deque<ActionsQueue::RobotInstruction, std::allocator<ActionsQueue::RobotInstruction> >::_M_reserve_map_at_back(unsigned int)
 .text._ZNK9__gnu_cxx13new_allocatorIfE11_M_max_sizeEv
                0x00000000080047b6       0x18 ./Core/Src/main.o
                0x00000000080047b6                __gnu_cxx::new_allocator<float>::_M_max_size() const
 .text._ZSt12__miter_baseIN9__gnu_cxx17__normal_iteratorIPKfSt6vectorIfSaIfEEEEET_S8_
                0x00000000080047ce       0x16 ./Core/Src/main.o
                0x00000000080047ce                __gnu_cxx::__normal_iterator<float const*, std::vector<float, std::allocator<float> > > std::__miter_base<__gnu_cxx::__normal_iterator<float const*, std::vector<float, std::allocator<float> > > >(__gnu_cxx::__normal_iterator<float const*, std::vector<float, std::allocator<float> > >)
 .text._ZSt13__copy_move_aILb0EN9__gnu_cxx17__normal_iteratorIPKfSt6vectorIfSaIfEEEEPfET1_T0_SA_S9_
                0x00000000080047e4       0x46 ./Core/Src/main.o
                0x00000000080047e4                float* std::__copy_move_a<false, __gnu_cxx::__normal_iterator<float const*, std::vector<float, std::allocator<float> > >, float*>(__gnu_cxx::__normal_iterator<float const*, std::vector<float, std::allocator<float> > >, __gnu_cxx::__normal_iterator<float const*, std::vector<float, std::allocator<float> > >, float*)
 .text._ZSt4copyIPKfPfET0_T_S4_S3_
                0x000000000800482a       0x30 ./Core/Src/main.o
                0x000000000800482a                float* std::copy<float const*, float*>(float const*, float const*, float*)
 .text._ZN9__gnu_cxx13new_allocatorIPN12ActionsQueue16RobotInstructionEE8allocateEjPKv
                0x000000000800485a       0x3c ./Core/Src/main.o
                0x000000000800485a                __gnu_cxx::new_allocator<ActionsQueue::RobotInstruction*>::allocate(unsigned int, void const*)
 .text._ZNSt16allocator_traitsISaIN12ActionsQueue16RobotInstructionEEE8allocateERS2_j
                0x0000000008004896       0x1e ./Core/Src/main.o
                0x0000000008004896                std::allocator_traits<std::allocator<ActionsQueue::RobotInstruction> >::allocate(std::allocator<ActionsQueue::RobotInstruction>&, unsigned int)
 .text._ZN9__gnu_cxx13new_allocatorIN12ActionsQueue16RobotInstructionEE10deallocateEPS2_j
                0x00000000080048b4       0x20 ./Core/Src/main.o
                0x00000000080048b4                __gnu_cxx::new_allocator<ActionsQueue::RobotInstruction>::deallocate(ActionsQueue::RobotInstruction*, unsigned int)
 .text._ZN9__gnu_cxx13new_allocatorIPN12ActionsQueue16RobotInstructionEEC2Ev
                0x00000000080048d4       0x16 ./Core/Src/main.o
                0x00000000080048d4                __gnu_cxx::new_allocator<ActionsQueue::RobotInstruction*>::new_allocator()
                0x00000000080048d4                __gnu_cxx::new_allocator<ActionsQueue::RobotInstruction*>::new_allocator()
 .text._ZNSt5dequeIN12ActionsQueue16RobotInstructionESaIS1_EE11_S_max_sizeERKS2_
                0x00000000080048ea       0x34 ./Core/Src/main.o
                0x00000000080048ea                std::deque<ActionsQueue::RobotInstruction, std::allocator<ActionsQueue::RobotInstruction> >::_S_max_size(std::allocator<ActionsQueue::RobotInstruction> const&)
 .text._ZNSt5dequeIN12ActionsQueue16RobotInstructionESaIS1_EE17_M_reallocate_mapEjb
                0x000000000800491e      0x134 ./Core/Src/main.o
                0x000000000800491e                std::deque<ActionsQueue::RobotInstruction, std::allocator<ActionsQueue::RobotInstruction> >::_M_reallocate_map(unsigned int, bool)
 .text._ZSt12__niter_baseIPKfSt6vectorIfSaIfEEET_N9__gnu_cxx17__normal_iteratorIS5_T0_EE
                0x0000000008004a52       0x1c ./Core/Src/main.o
                0x0000000008004a52                float const* std::__niter_base<float const*, std::vector<float, std::allocator<float> > >(__gnu_cxx::__normal_iterator<float const*, std::vector<float, std::allocator<float> > >)
 .text._ZSt12__niter_baseIPfET_S1_
                0x0000000008004a6e       0x16 ./Core/Src/main.o
                0x0000000008004a6e                float* std::__niter_base<float*>(float*)
 .text._ZSt14__copy_move_a1ILb0EPKfPfET1_T0_S4_S3_
                0x0000000008004a84       0x20 ./Core/Src/main.o
                0x0000000008004a84                float* std::__copy_move_a1<false, float const*, float*>(float const*, float const*, float*)
 .text._ZSt12__niter_wrapIPfET_RKS1_S1_
                0x0000000008004aa4       0x18 ./Core/Src/main.o
                0x0000000008004aa4                float* std::__niter_wrap<float*>(float* const&, float*)
 .text._ZSt12__miter_baseIPKfET_S2_
                0x0000000008004abc       0x16 ./Core/Src/main.o
                0x0000000008004abc                float const* std::__miter_base<float const*>(float const*)
 .text._ZSt13__copy_move_aILb0EPKfPfET1_T0_S4_S3_
                0x0000000008004ad2       0x46 ./Core/Src/main.o
                0x0000000008004ad2                float* std::__copy_move_a<false, float const*, float*>(float const*, float const*, float*)
 .text._ZNK9__gnu_cxx13new_allocatorIPN12ActionsQueue16RobotInstructionEE11_M_max_sizeEv
                0x0000000008004b18       0x18 ./Core/Src/main.o
                0x0000000008004b18                __gnu_cxx::new_allocator<ActionsQueue::RobotInstruction*>::_M_max_size() const
 .text._ZN9__gnu_cxx13new_allocatorIN12ActionsQueue16RobotInstructionEE8allocateEjPKv
                0x0000000008004b30       0x3c ./Core/Src/main.o
                0x0000000008004b30                __gnu_cxx::new_allocator<ActionsQueue::RobotInstruction>::allocate(unsigned int, void const*)
 .text._ZNSt16allocator_traitsISaIN12ActionsQueue16RobotInstructionEEE8max_sizeERKS2_
                0x0000000008004b6c       0x18 ./Core/Src/main.o
                0x0000000008004b6c                std::allocator_traits<std::allocator<ActionsQueue::RobotInstruction> >::max_size(std::allocator<ActionsQueue::RobotInstruction> const&)
 .text._ZSt4copyIPPN12ActionsQueue16RobotInstructionES3_ET0_T_S5_S4_
                0x0000000008004b84       0x30 ./Core/Src/main.o
                0x0000000008004b84                ActionsQueue::RobotInstruction** std::copy<ActionsQueue::RobotInstruction**, ActionsQueue::RobotInstruction**>(ActionsQueue::RobotInstruction**, ActionsQueue::RobotInstruction**, ActionsQueue::RobotInstruction**)
 .text._ZSt13copy_backwardIPPN12ActionsQueue16RobotInstructionES3_ET0_T_S5_S4_
                0x0000000008004bb4       0x30 ./Core/Src/main.o
                0x0000000008004bb4                ActionsQueue::RobotInstruction** std::copy_backward<ActionsQueue::RobotInstruction**, ActionsQueue::RobotInstruction**>(ActionsQueue::RobotInstruction**, ActionsQueue::RobotInstruction**, ActionsQueue::RobotInstruction**)
 .text._ZNK9__gnu_cxx17__normal_iteratorIPKfSt6vectorIfSaIfEEE4baseEv
                0x0000000008004be4       0x16 ./Core/Src/main.o
                0x0000000008004be4                __gnu_cxx::__normal_iterator<float const*, std::vector<float, std::allocator<float> > >::base() const
 .text._ZSt14__copy_move_a2ILb0EPKfPfET1_T0_S4_S3_
                0x0000000008004bfa       0x20 ./Core/Src/main.o
                0x0000000008004bfa                float* std::__copy_move_a2<false, float const*, float*>(float const*, float const*, float*)
 .text._ZSt12__niter_baseIPKfET_S2_
                0x0000000008004c1a       0x16 ./Core/Src/main.o
                0x0000000008004c1a                float const* std::__niter_base<float const*>(float const*)
 .text._ZNK9__gnu_cxx13new_allocatorIN12ActionsQueue16RobotInstructionEE11_M_max_sizeEv
                0x0000000008004c30       0x18 ./Core/Src/main.o
                0x0000000008004c30                __gnu_cxx::new_allocator<ActionsQueue::RobotInstruction>::_M_max_size() const
 .text._ZNK9__gnu_cxx13new_allocatorIN12ActionsQueue16RobotInstructionEE8max_sizeEv
                0x0000000008004c48       0x18 ./Core/Src/main.o
                0x0000000008004c48                __gnu_cxx::new_allocator<ActionsQueue::RobotInstruction>::max_size() const
 .text._ZSt12__miter_baseIPPN12ActionsQueue16RobotInstructionEET_S4_
                0x0000000008004c60       0x16 ./Core/Src/main.o
                0x0000000008004c60                ActionsQueue::RobotInstruction** std::__miter_base<ActionsQueue::RobotInstruction**>(ActionsQueue::RobotInstruction**)
 .text._ZSt13__copy_move_aILb0EPPN12ActionsQueue16RobotInstructionES3_ET1_T0_S5_S4_
                0x0000000008004c76       0x46 ./Core/Src/main.o
                0x0000000008004c76                ActionsQueue::RobotInstruction** std::__copy_move_a<false, ActionsQueue::RobotInstruction**, ActionsQueue::RobotInstruction**>(ActionsQueue::RobotInstruction**, ActionsQueue::RobotInstruction**, ActionsQueue::RobotInstruction**)
 .text._ZSt22__copy_move_backward_aILb0EPPN12ActionsQueue16RobotInstructionES3_ET1_T0_S5_S4_
                0x0000000008004cbc       0x46 ./Core/Src/main.o
                0x0000000008004cbc                ActionsQueue::RobotInstruction** std::__copy_move_backward_a<false, ActionsQueue::RobotInstruction**, ActionsQueue::RobotInstruction**>(ActionsQueue::RobotInstruction**, ActionsQueue::RobotInstruction**, ActionsQueue::RobotInstruction**)
 .text._ZNSt11__copy_moveILb0ELb1ESt26random_access_iterator_tagE8__copy_mIfEEPT_PKS3_S6_S4_
                0x0000000008004d02       0x3a ./Core/Src/main.o
                0x0000000008004d02                float* std::__copy_move<false, true, std::random_access_iterator_tag>::__copy_m<float>(float const*, float const*, float*)
 .text._ZSt12__niter_baseIPPN12ActionsQueue16RobotInstructionEET_S4_
                0x0000000008004d3c       0x16 ./Core/Src/main.o
                0x0000000008004d3c                ActionsQueue::RobotInstruction** std::__niter_base<ActionsQueue::RobotInstruction**>(ActionsQueue::RobotInstruction**)
 .text._ZSt14__copy_move_a1ILb0EPPN12ActionsQueue16RobotInstructionES3_ET1_T0_S5_S4_
                0x0000000008004d52       0x20 ./Core/Src/main.o
                0x0000000008004d52                ActionsQueue::RobotInstruction** std::__copy_move_a1<false, ActionsQueue::RobotInstruction**, ActionsQueue::RobotInstruction**>(ActionsQueue::RobotInstruction**, ActionsQueue::RobotInstruction**, ActionsQueue::RobotInstruction**)
 .text._ZSt12__niter_wrapIPPN12ActionsQueue16RobotInstructionEET_RKS4_S4_
                0x0000000008004d72       0x18 ./Core/Src/main.o
                0x0000000008004d72                ActionsQueue::RobotInstruction** std::__niter_wrap<ActionsQueue::RobotInstruction**>(ActionsQueue::RobotInstruction** const&, ActionsQueue::RobotInstruction**)
 .text._ZSt23__copy_move_backward_a1ILb0EPPN12ActionsQueue16RobotInstructionES3_ET1_T0_S5_S4_
                0x0000000008004d8a       0x20 ./Core/Src/main.o
                0x0000000008004d8a                ActionsQueue::RobotInstruction** std::__copy_move_backward_a1<false, ActionsQueue::RobotInstruction**, ActionsQueue::RobotInstruction**>(ActionsQueue::RobotInstruction**, ActionsQueue::RobotInstruction**, ActionsQueue::RobotInstruction**)
 .text._ZSt14__copy_move_a2ILb0EPPN12ActionsQueue16RobotInstructionES3_ET1_T0_S5_S4_
                0x0000000008004daa       0x20 ./Core/Src/main.o
                0x0000000008004daa                ActionsQueue::RobotInstruction** std::__copy_move_a2<false, ActionsQueue::RobotInstruction**, ActionsQueue::RobotInstruction**>(ActionsQueue::RobotInstruction**, ActionsQueue::RobotInstruction**, ActionsQueue::RobotInstruction**)
 .text._ZSt23__copy_move_backward_a2ILb0EPPN12ActionsQueue16RobotInstructionES3_ET1_T0_S5_S4_
                0x0000000008004dca       0x20 ./Core/Src/main.o
                0x0000000008004dca                ActionsQueue::RobotInstruction** std::__copy_move_backward_a2<false, ActionsQueue::RobotInstruction**, ActionsQueue::RobotInstruction**>(ActionsQueue::RobotInstruction**, ActionsQueue::RobotInstruction**, ActionsQueue::RobotInstruction**)
 .text._ZNSt11__copy_moveILb0ELb1ESt26random_access_iterator_tagE8__copy_mIPN12ActionsQueue16RobotInstructionEEEPT_PKS6_S9_S7_
                0x0000000008004dea       0x3a ./Core/Src/main.o
                0x0000000008004dea                ActionsQueue::RobotInstruction** std::__copy_move<false, true, std::random_access_iterator_tag>::__copy_m<ActionsQueue::RobotInstruction*>(ActionsQueue::RobotInstruction* const*, ActionsQueue::RobotInstruction* const*, ActionsQueue::RobotInstruction**)
 .text._ZNSt20__copy_move_backwardILb0ELb1ESt26random_access_iterator_tagE13__copy_move_bIPN12ActionsQueue16RobotInstructionEEEPT_PKS6_S9_S7_
                0x0000000008004e24       0x44 ./Core/Src/main.o
                0x0000000008004e24                ActionsQueue::RobotInstruction** std::__copy_move_backward<false, true, std::random_access_iterator_tag>::__copy_move_b<ActionsQueue::RobotInstruction*>(ActionsQueue::RobotInstruction* const*, ActionsQueue::RobotInstruction* const*, ActionsQueue::RobotInstruction**)
 .text._ZN9AutoPilotD2Ev
                0x0000000008004e68       0x1a ./Core/Src/main.o
                0x0000000008004e68                AutoPilot::~AutoPilot()
                0x0000000008004e68                AutoPilot::~AutoPilot()
 *fill*         0x0000000008004e82        0x2 
 .text._Z41__static_initialization_and_destruction_0ii
                0x0000000008004e84       0x44 ./Core/Src/main.o
 .text._GLOBAL__sub_I__Z9constrainlll
                0x0000000008004ec8       0x10 ./Core/Src/main.o
 .text._GLOBAL__sub_D__Z9constrainlll
                0x0000000008004ed8       0x10 ./Core/Src/main.o
 .text.HAL_MspInit
                0x0000000008004ee8       0x50 ./Core/Src/stm32f4xx_hal_msp.o
                0x0000000008004ee8                HAL_MspInit
 .text.HAL_I2C_MspInit
                0x0000000008004f38       0xb0 ./Core/Src/stm32f4xx_hal_msp.o
                0x0000000008004f38                HAL_I2C_MspInit
 .text.HAL_TIM_Base_MspInit
                0x0000000008004fe8       0x80 ./Core/Src/stm32f4xx_hal_msp.o
                0x0000000008004fe8                HAL_TIM_Base_MspInit
 .text.HAL_TIM_Encoder_MspInit
                0x0000000008005068      0x134 ./Core/Src/stm32f4xx_hal_msp.o
                0x0000000008005068                HAL_TIM_Encoder_MspInit
 .text.HAL_TIM_PWM_MspInit
                0x000000000800519c       0x50 ./Core/Src/stm32f4xx_hal_msp.o
                0x000000000800519c                HAL_TIM_PWM_MspInit
 .text.HAL_TIM_MspPostInit
                0x00000000080051ec       0xb4 ./Core/Src/stm32f4xx_hal_msp.o
                0x00000000080051ec                HAL_TIM_MspPostInit
 .text.HAL_UART_MspInit
                0x00000000080052a0      0x16c ./Core/Src/stm32f4xx_hal_msp.o
                0x00000000080052a0                HAL_UART_MspInit
 .text.HAL_UART_MspDeInit
                0x000000000800540c       0x54 ./Core/Src/stm32f4xx_hal_msp.o
                0x000000000800540c                HAL_UART_MspDeInit
 .text.NMI_Handler
                0x0000000008005460        0x6 ./Core/Src/stm32f4xx_it.o
                0x0000000008005460                NMI_Handler
 .text.HardFault_Handler
                0x0000000008005466        0x6 ./Core/Src/stm32f4xx_it.o
                0x0000000008005466                HardFault_Handler
 .text.MemManage_Handler
                0x000000000800546c        0x6 ./Core/Src/stm32f4xx_it.o
                0x000000000800546c                MemManage_Handler
 .text.BusFault_Handler
                0x0000000008005472        0x6 ./Core/Src/stm32f4xx_it.o
                0x0000000008005472                BusFault_Handler
 .text.UsageFault_Handler
                0x0000000008005478        0x6 ./Core/Src/stm32f4xx_it.o
                0x0000000008005478                UsageFault_Handler
 .text.SVC_Handler
                0x000000000800547e        0xe ./Core/Src/stm32f4xx_it.o
                0x000000000800547e                SVC_Handler
 .text.DebugMon_Handler
                0x000000000800548c        0xe ./Core/Src/stm32f4xx_it.o
                0x000000000800548c                DebugMon_Handler
 .text.PendSV_Handler
                0x000000000800549a        0xe ./Core/Src/stm32f4xx_it.o
                0x000000000800549a                PendSV_Handler
 .text.SysTick_Handler
                0x00000000080054a8        0xc ./Core/Src/stm32f4xx_it.o
                0x00000000080054a8                SysTick_Handler
 .text.DMA1_Stream5_IRQHandler
                0x00000000080054b4       0x14 ./Core/Src/stm32f4xx_it.o
                0x00000000080054b4                DMA1_Stream5_IRQHandler
 .text.DMA1_Stream6_IRQHandler
                0x00000000080054c8       0x14 ./Core/Src/stm32f4xx_it.o
                0x00000000080054c8                DMA1_Stream6_IRQHandler
 .text.TIM1_BRK_TIM9_IRQHandler
                0x00000000080054dc       0x14 ./Core/Src/stm32f4xx_it.o
                0x00000000080054dc                TIM1_BRK_TIM9_IRQHandler
 .text.TIM1_UP_TIM10_IRQHandler
                0x00000000080054f0       0x14 ./Core/Src/stm32f4xx_it.o
                0x00000000080054f0                TIM1_UP_TIM10_IRQHandler
 .text.TIM1_TRG_COM_TIM11_IRQHandler
                0x0000000008005504       0x14 ./Core/Src/stm32f4xx_it.o
                0x0000000008005504                TIM1_TRG_COM_TIM11_IRQHandler
 .text.TIM1_CC_IRQHandler
                0x0000000008005518       0x14 ./Core/Src/stm32f4xx_it.o
                0x0000000008005518                TIM1_CC_IRQHandler
 .text.TIM3_IRQHandler
                0x000000000800552c       0x14 ./Core/Src/stm32f4xx_it.o
                0x000000000800552c                TIM3_IRQHandler
 .text.I2C1_EV_IRQHandler
                0x0000000008005540       0x14 ./Core/Src/stm32f4xx_it.o
                0x0000000008005540                I2C1_EV_IRQHandler
 .text.I2C1_ER_IRQHandler
                0x0000000008005554       0x14 ./Core/Src/stm32f4xx_it.o
                0x0000000008005554                I2C1_ER_IRQHandler
 .text.USART2_IRQHandler
                0x0000000008005568       0x14 ./Core/Src/stm32f4xx_it.o
                0x0000000008005568                USART2_IRQHandler
 .text._getpid  0x000000000800557c       0x10 ./Core/Src/syscalls.o
                0x000000000800557c                _getpid
 .text._kill    0x000000000800558c       0x20 ./Core/Src/syscalls.o
                0x000000000800558c                _kill
 .text._exit    0x00000000080055ac       0x14 ./Core/Src/syscalls.o
                0x00000000080055ac                _exit
 .text._read    0x00000000080055c0       0x3a ./Core/Src/syscalls.o
                0x00000000080055c0                _read
 .text._write   0x00000000080055fa       0x38 ./Core/Src/syscalls.o
                0x00000000080055fa                _write
 .text._close   0x0000000008005632       0x18 ./Core/Src/syscalls.o
                0x0000000008005632                _close
 .text._fstat   0x000000000800564a       0x20 ./Core/Src/syscalls.o
                0x000000000800564a                _fstat
 .text._isatty  0x000000000800566a       0x16 ./Core/Src/syscalls.o
                0x000000000800566a                _isatty
 .text._lseek   0x0000000008005680       0x1a ./Core/Src/syscalls.o
                0x0000000008005680                _lseek
 *fill*         0x000000000800569a        0x2 
 .text._sbrk    0x000000000800569c       0x6c ./Core/Src/sysmem.o
                0x000000000800569c                _sbrk
 .text.SystemInit
                0x0000000008005708       0x24 ./Core/Src/system_stm32f4xx.o
                0x0000000008005708                SystemInit
 .text.Reset_Handler
                0x000000000800572c       0x50 ./Core/Startup/startup_stm32f411ceux.o
                0x000000000800572c                Reset_Handler
 .text.Default_Handler
                0x000000000800577c        0x2 ./Core/Startup/startup_stm32f411ceux.o
                0x000000000800577c                RTC_Alarm_IRQHandler
                0x000000000800577c                EXTI2_IRQHandler
                0x000000000800577c                SPI4_IRQHandler
                0x000000000800577c                DMA2_Stream5_IRQHandler
                0x000000000800577c                PVD_IRQHandler
                0x000000000800577c                SDIO_IRQHandler
                0x000000000800577c                TAMP_STAMP_IRQHandler
                0x000000000800577c                EXTI3_IRQHandler
                0x000000000800577c                I2C3_ER_IRQHandler
                0x000000000800577c                EXTI0_IRQHandler
                0x000000000800577c                I2C2_EV_IRQHandler
                0x000000000800577c                DMA1_Stream2_IRQHandler
                0x000000000800577c                FPU_IRQHandler
                0x000000000800577c                DMA2_Stream2_IRQHandler
                0x000000000800577c                SPI1_IRQHandler
                0x000000000800577c                DMA2_Stream3_IRQHandler
                0x000000000800577c                USART6_IRQHandler
                0x000000000800577c                DMA2_Stream0_IRQHandler
                0x000000000800577c                TIM4_IRQHandler
                0x000000000800577c                DMA1_Stream1_IRQHandler
                0x000000000800577c                RCC_IRQHandler
                0x000000000800577c                Default_Handler
                0x000000000800577c                EXTI15_10_IRQHandler
                0x000000000800577c                ADC_IRQHandler
                0x000000000800577c                DMA1_Stream7_IRQHandler
                0x000000000800577c                SPI5_IRQHandler
                0x000000000800577c                TIM5_IRQHandler
                0x000000000800577c                DMA2_Stream7_IRQHandler
                0x000000000800577c                I2C3_EV_IRQHandler
                0x000000000800577c                EXTI9_5_IRQHandler
                0x000000000800577c                RTC_WKUP_IRQHandler
                0x000000000800577c                SPI2_IRQHandler
                0x000000000800577c                DMA1_Stream0_IRQHandler
                0x000000000800577c                EXTI4_IRQHandler
                0x000000000800577c                WWDG_IRQHandler
                0x000000000800577c                TIM2_IRQHandler
                0x000000000800577c                OTG_FS_WKUP_IRQHandler
                0x000000000800577c                EXTI1_IRQHandler
                0x000000000800577c                I2C2_ER_IRQHandler
                0x000000000800577c                DMA2_Stream1_IRQHandler
                0x000000000800577c                FLASH_IRQHandler
                0x000000000800577c                DMA2_Stream4_IRQHandler
                0x000000000800577c                USART1_IRQHandler
                0x000000000800577c                OTG_FS_IRQHandler
                0x000000000800577c                SPI3_IRQHandler
                0x000000000800577c                DMA1_Stream4_IRQHandler
                0x000000000800577c                DMA2_Stream6_IRQHandler
                0x000000000800577c                DMA1_Stream3_IRQHandler
 *fill*         0x000000000800577e        0x2 
 .text.HAL_Init
                0x0000000008005780       0x44 ./Drivers/STM32F4xx_HAL_Driver/Src/stm32f4xx_hal.o
                0x0000000008005780                HAL_Init
 .text.HAL_InitTick
                0x00000000080057c4       0x60 ./Drivers/STM32F4xx_HAL_Driver/Src/stm32f4xx_hal.o
                0x00000000080057c4                HAL_InitTick
 .text.HAL_IncTick
                0x0000000008005824       0x28 ./Drivers/STM32F4xx_HAL_Driver/Src/stm32f4xx_hal.o
                0x0000000008005824                HAL_IncTick
 .text.HAL_GetTick
                0x000000000800584c       0x18 ./Drivers/STM32F4xx_HAL_Driver/Src/stm32f4xx_hal.o
                0x000000000800584c                HAL_GetTick
 .text.HAL_Delay
                0x0000000008005864       0x48 ./Drivers/STM32F4xx_HAL_Driver/Src/stm32f4xx_hal.o
                0x0000000008005864                HAL_Delay
 .text.__NVIC_SetPriorityGrouping
                0x00000000080058ac       0x48 ./Drivers/STM32F4xx_HAL_Driver/Src/stm32f4xx_hal_cortex.o
 .text.__NVIC_GetPriorityGrouping