Archive member included to satisfy reference by file (symbol)

c:/st/stm32cubeide_1.12.1/stm32cubeide/plugins/com.st.stm32cube.ide.mcu.externaltools.gnu-tools-for-stm32.10.3-2021.10.win32_1.0.200.202301161003/tools/bin/../lib/gcc/arm-none-eabi/10.3.1/../../../../arm-none-eabi/lib/thumb/v7e-m+fp/hard\libstdc++_nano.a(del_ops.o)
                              ./Core/Src/main.o (operator delete(void*, unsigned int))
c:/st/stm32cubeide_1.12.1/stm32cubeide/plugins/com.st.stm32cube.ide.mcu.externaltools.gnu-tools-for-stm32.10.3-2021.10.win32_1.0.200.202301161003/tools/bin/../lib/gcc/arm-none-eabi/10.3.1/../../../../arm-none-eabi/lib/thumb/v7e-m+fp/hard\libstdc++_nano.a(new_op.o)
                              ./Core/Src/main.o (operator new(unsigned int))
c:/st/stm32cubeide_1.12.1/stm32cubeide/plugins/com.st.stm32cube.ide.mcu.externaltools.gnu-tools-for-stm32.10.3-2021.10.win32_1.0.200.202301161003/tools/bin/../lib/gcc/arm-none-eabi/10.3.1/../../../../arm-none-eabi/lib/thumb/v7e-m+fp/hard\libstdc++_nano.a(functexcept.o)
                              ./Core/Src/main.o (std::__throw_bad_alloc())
c:/st/stm32cubeide_1.12.1/stm32cubeide/plugins/com.st.stm32cube.ide.mcu.externaltools.gnu-tools-for-stm32.10.3-2021.10.win32_1.0.200.202301161003/tools/bin/../lib/gcc/arm-none-eabi/10.3.1/../../../../arm-none-eabi/lib/thumb/v7e-m+fp/hard\libstdc++_nano.a(snprintf_lite.o)
                              c:/st/stm32cubeide_1.12.1/stm32cubeide/plugins/com.st.stm32cube.ide.mcu.externaltools.gnu-tools-for-stm32.10.3-2021.10.win32_1.0.200.202301161003/tools/bin/../lib/gcc/arm-none-eabi/10.3.1/../../../../arm-none-eabi/lib/thumb/v7e-m+fp/hard\libstdc++_nano.a(functexcept.o) (__gnu_cxx::__snprintf_lite(char*, unsigned int, char const*, std::__va_list))
c:/st/stm32cubeide_1.12.1/stm32cubeide/plugins/com.st.stm32cube.ide.mcu.externaltools.gnu-tools-for-stm32.10.3-2021.10.win32_1.0.200.202301161003/tools/bin/../lib/gcc/arm-none-eabi/10.3.1/../../../../arm-none-eabi/lib/thumb/v7e-m+fp/hard\libstdc++_nano.a(del_op.o)
                              c:/st/stm32cubeide_1.12.1/stm32cubeide/plugins/com.st.stm32cube.ide.mcu.externaltools.gnu-tools-for-stm32.10.3-2021.10.win32_1.0.200.202301161003/tools/bin/../lib/gcc/arm-none-eabi/10.3.1/../../../../arm-none-eabi/lib/thumb/v7e-m+fp/hard\libstdc++_nano.a(del_ops.o) (operator delete(void*))
c:/st/stm32cubeide_1.12.1/stm32cubeide/plugins/com.st.stm32cube.ide.mcu.externaltools.gnu-tools-for-stm32.10.3-2021.10.win32_1.0.200.202301161003/tools/bin/../lib/gcc/arm-none-eabi/10.3.1/../../../../arm-none-eabi/lib/thumb/v7e-m+fp/hard\libstdc++_nano.a(new_handler.o)
                              c:/st/stm32cubeide_1.12.1/stm32cubeide/plugins/com.st.stm32cube.ide.mcu.externaltools.gnu-tools-for-stm32.10.3-2021.10.win32_1.0.200.202301161003/tools/bin/../lib/gcc/arm-none-eabi/10.3.1/../../../../arm-none-eabi/lib/thumb/v7e-m+fp/hard\libstdc++_nano.a(new_op.o) (std::get_new_handler())
c:/st/stm32cubeide_1.12.1/stm32cubeide/plugins/com.st.stm32cube.ide.mcu.externaltools.gnu-tools-for-stm32.10.3-2021.10.win32_1.0.200.202301161003/tools/bin/../lib/gcc/arm-none-eabi/10.3.1/../../../../arm-none-eabi/lib/thumb/v7e-m+fp/hard\libm.a(lib_a-s_cos.o)
                              ./Core/Src/main.o (cos)
c:/st/stm32cubeide_1.12.1/stm32cubeide/plugins/com.st.stm32cube.ide.mcu.externaltools.gnu-tools-for-stm32.10.3-2021.10.win32_1.0.200.202301161003/tools/bin/../lib/gcc/arm-none-eabi/10.3.1/../../../../arm-none-eabi/lib/thumb/v7e-m+fp/hard\libm.a(lib_a-s_sin.o)
                              ./Core/Src/main.o (sin)
c:/st/stm32cubeide_1.12.1/stm32cubeide/plugins/com.st.stm32cube.ide.mcu.externaltools.gnu-tools-for-stm32.10.3-2021.10.win32_1.0.200.202301161003/tools/bin/../lib/gcc/arm-none-eabi/10.3.1/../../../../arm-none-eabi/lib/thumb/v7e-m+fp/hard\libm.a(lib_a-s_tanh.o)
                              ./Core/Src/main.o (tanh)
c:/st/stm32cubeide_1.12.1/stm32cubeide/plugins/com.st.stm32cube.ide.mcu.externaltools.gnu-tools-for-stm32.10.3-2021.10.win32_1.0.200.202301161003/tools/bin/../lib/gcc/arm-none-eabi/10.3.1/../../../../arm-none-eabi/lib/thumb/v7e-m+fp/hard\libm.a(lib_a-e_rem_pio2.o)
                              c:/st/stm32cubeide_1.12.1/stm32cubeide/plugins/com.st.stm32cube.ide.mcu.externaltools.gnu-tools-for-stm32.10.3-2021.10.win32_1.0.200.202301161003/tools/bin/../lib/gcc/arm-none-eabi/10.3.1/../../../../arm-none-eabi/lib/thumb/v7e-m+fp/hard\libm.a(lib_a-s_cos.o) (__ieee754_rem_pio2)
c:/st/stm32cubeide_1.12.1/stm32cubeide/plugins/com.st.stm32cube.ide.mcu.externaltools.gnu-tools-for-stm32.10.3-2021.10.win32_1.0.200.202301161003/tools/bin/../lib/gcc/arm-none-eabi/10.3.1/../../../../arm-none-eabi/lib/thumb/v7e-m+fp/hard\libm.a(lib_a-k_cos.o)
[...]
Memory Configuration

Name             Origin             Length             Attributes
RAM              0x0000000020000000 0x0000000000020000 xrw
FLASH            0x0000000008000000 0x0000000000080000 xr
*default*        0x0000000000000000 0xffffffffffffffff

Linker script and memory map

LOAD c:/st/stm32cubeide_1.12.1/stm32cubeide/plugins/com.st.stm32cube.ide.mcu.externaltools.gnu-tools-for-stm32.10.3-2021.10.win32_1.0.200.202301161003/tools/bin/../lib/gcc/arm-none-eabi/10.3.1/thumb/v7e-m+fp/hard/crti.o
LOAD c:/st/stm32cubeide_1.12.1/stm32cubeide/plugins/com.st.stm32cube.ide.mcu.externaltools.gnu-tools-for-stm32.10.3-2021.10.win32_1.0.200.202301161003/tools/bin/../lib/gcc/arm-none-eabi/10.3.1/thumb/v7e-m+fp/hard/crtbegin.o
LOAD c:/st/stm32cubeide_1.12.1/stm32cubeide/plugins/com.st.stm32cube.ide.mcu.externaltools.gnu-tools-for-stm32.10.3-2021.10.win32_1.0.200.202301161003/tools/bin/../lib/gcc/arm-none-eabi/10.3.1/../../../../arm-none-eabi/lib/thumb/v7e-m+fp/hard/crt0.o
LOAD ./Core/Src/RPLidar.o
LOAD ./Core/Src/main.o
LOAD ./Core/Src/stm32f4xx_hal_msp.o
LOAD ./Core/Src/stm32f4xx_it.o
LOAD ./Core/Src/syscalls.o
LOAD ./Core/Src/sysmem.o
LOAD ./Core/Src/system_stm32f4xx.o
LOAD ./Core/Startup/startup_stm32f411ceux.o
LOAD ./Drivers/STM32F4xx_HAL_Driver/Src/stm32f4xx_hal.o
LOAD ./Drivers/STM32F4xx_HAL_Driver/Src/stm32f4xx_hal_cortex.o
LOAD ./Drivers/STM32F4xx_HAL_Driver/Src/stm32f4xx_hal_dma.o
LOAD ./Drivers/STM32F4xx_HAL_Driver/Src/stm32f4xx_hal_dma_ex.o
LOAD ./Drivers/STM32F4xx_HAL_Driver/Src/stm32f4xx_hal_exti.o
LOAD ./Drivers/STM32F4xx_HAL_Driver/Src/stm32f4xx_hal_flash.o
LOAD ./Drivers/STM32F4xx_HAL_Driver/Src/stm32f4xx_hal_flash_ex.o
LOAD ./Drivers/STM32F4xx_HAL_Driver/Src/stm32f4xx_hal_flash_ramfunc.o
LOAD ./Drivers/STM32F4xx_HAL_Driver/Src/stm32f4xx_hal_gpio.o
LOAD ./Drivers/STM32F4xx_HAL_Driver/Src/stm32f4xx_hal_i2c.o
LOAD ./Drivers/STM32F4xx_HAL_Driver/Src/stm32f4xx_hal_i2c_ex.o
LOAD ./Drivers/STM32F4xx_HAL_Driver/Src/stm32f4xx_hal_pwr.o
LOAD ./Drivers/STM32F4xx_HAL_Driver/Src/stm32f4xx_hal_pwr_ex.o
LOAD ./Drivers/STM32F4xx_HAL_Driver/Src/stm32f4xx_hal_rcc.o
LOAD ./Drivers/STM32F4xx_HAL_Driver/Src/stm32f4xx_hal_rcc_ex.o
LOAD ./Drivers/STM32F4xx_HAL_Driver/Src/stm32f4xx_hal_tim.o
LOAD ./Drivers/STM32F4xx_HAL_Driver/Src/stm32f4xx_hal_tim_ex.o
LOAD ./Drivers/STM32F4xx_HAL_Driver/Src/stm32f4xx_hal_uart.o
START GROUP
LOAD c:/st/stm32cubeide_1.12.1/stm32cubeide/plugins/com.st.stm32cube.ide.mcu.externaltools.gnu-tools-for-stm32.10.3-2021.10.win32_1.0.200.202301161003/tools/bin/../lib/gcc/arm-none-eabi/10.3.1/../../../../arm-none-eabi/lib/thumb/v7e-m+fp/hard\libstdc++_nano.a
LOAD c:/st/stm32cubeide_1.12.1/stm32cubeide/plugins/com.st.stm32cube.ide.mcu.externaltools.gnu-tools-for-stm32.10.3-2021.10.win32_1.0.200.202301161003/tools/bin/../lib/gcc/arm-none-eabi/10.3.1/../../../../arm-none-eabi/lib/thumb/v7e-m+fp/hard\libsupc++_nano.a
END GROUP
LOAD c:/st/stm32cubeide_1.12.1/stm32cubeide/plugins/com.st.stm32cube.ide.mcu.externaltools.gnu-tools-for-stm32.10.3-2021.10.win32_1.0.200.202301161003/tools/bin/../lib/gcc/arm-none-eabi/10.3.1/../../../../arm-none-eabi/lib/thumb/v7e-m+fp/hard\libstdc++_nano.a
LOAD c:/st/stm32cubeide_1.12.1/stm32cubeide/plugins/com.st.stm32cube.ide.mcu.externaltools.gnu-tools-for-stm32.10.3-2021.10.win32_1.0.200.202301161003/tools/bin/../lib/gcc/arm-none-eabi/10.3.1/../../../../arm-none-eabi/lib/thumb/v7e-m+fp/hard\libm.a
LOAD c:/st/stm32cubeide_1.12.1/stm32cubeide/plugins/com.st.stm32cube.ide.mcu.externaltools.gnu-tools-for-stm32.10.3-2021.10.win32_1.0.200.202301161003/tools/bin/../lib/gcc/arm-none-eabi/10.3.1/../../../../arm-none-eabi/lib/thumb/v7e-m+fp/hard\libc_nano.a
START GROUP
LOAD c:/st/stm32cubeide_1.12.1/stm32cubeide/plugins/com.st.stm32cube.ide.mcu.externaltools.gnu-tools-for-stm32.10.3-2021.10.win32_1.0.200.202301161003/tools/bin/../lib/gcc/arm-none-eabi/10.3.1/thumb/v7e-m+fp/hard\libgcc.a
LOAD c:/st/stm32cubeide_1.12.1/stm32cubeide/plugins/com.st.stm32cube.ide.mcu.externaltools.gnu-tools-for-stm32.10.3-2021.10.win32_1.0.200.202301161003/tools/bin/../lib/gcc/arm-none-eabi/10.3.1/../../../../arm-none-eabi/lib/thumb/v7e-m+fp/hard\libc_nano.a
END GROUP
START GROUP
LOAD c:/st/stm32cubeide_1.12.1/stm32cubeide/plugins/com.st.stm32cube.ide.mcu.externaltools.gnu-tools-for-stm32.10.3-2021.10.win32_1.0.200.202301161003/tools/bin/../lib/gcc/arm-none-eabi/10.3.1/thumb/v7e-m+fp/hard\libgcc.a
LOAD c:/st/stm32cubeide_1.12.1/stm32cubeide/plugins/com.st.stm32cube.ide.mcu.externaltools.gnu-tools-for-stm32.10.3-2021.10.win32_1.0.200.202301161003/tools/bin/../lib/gcc/arm-none-eabi/10.3.1/../../../../arm-none-eabi/lib/thumb/v7e-m+fp/hard\libc_nano.a
LOAD c:/st/stm32cubeide_1.12.1/stm32cubeide/plugins/com.st.stm32cube.ide.mcu.externaltools.gnu-tools-for-stm32.10.3-2021.10.win32_1.0.200.202301161003/tools/bin/../lib/gcc/arm-none-eabi/10.3.1/../../../../arm-none-eabi/lib/thumb/v7e-m+fp/hard\libnosys.a
END GROUP
START GROUP
LOAD c:/st/stm32cubeide_1.12.1/stm32cubeide/plugins/com.st.stm32cube.ide.mcu.externaltools.gnu-tools-for-stm32.10.3-2021.10.win32_1.0.200.202301161003/tools/bin/../lib/gcc/arm-none-eabi/10.3.1/thumb/v7e-m+fp/hard\libgcc.a
LOAD c:/st/stm32cubeide_1.12.1/stm32cubeide/plugins/com.st.stm32cube.ide.mcu.externaltools.gnu-tools-for-stm32.10.3-2021.10.win32_1.0.200.202301161003/tools/bin/../lib/gcc/arm-none-eabi/10.3.1/../../../../arm-none-eabi/lib/thumb/v7e-m+fp/hard\libc_nano.a
LOAD c:/st/stm32cubeide_1.12.1/stm32cubeide/plugins/com.st.stm32cube.ide.mcu.externaltools.gnu-tools-for-stm32.10.3-2021.10.win32_1.0.200.202301161003/tools/bin/../lib/gcc/arm-none-eabi/10.3.1/../../../../arm-none-eabi/lib/thumb/v7e-m+fp/hard\libnosys.a
END GROUP
LOAD c:/st/stm32cubeide_1.12.1/stm32cubeide/plugins/com.st.stm32cube.ide.mcu.externaltools.gnu-tools-for-stm32.10.3-2021.10.win32_1.0.200.202301161003/tools/bin/../lib/gcc/arm-none-eabi/10.3.1/thumb/v7e-m+fp/hard/crtend.o
LOAD c:/st/stm32cubeide_1.12.1/stm32cubeide/plugins/com.st.stm32cube.ide.mcu.externaltools.gnu-tools-for-stm32.10.3-2021.10.win32_1.0.200.202301161003/tools/bin/../lib/gcc/arm-none-eabi/10.3.1/thumb/v7e-m+fp/hard/crtn.o
                0x0000000020020000                _estack = (ORIGIN (RAM) + LENGTH (RAM))
                0x0000000000000200                _Min_Heap_Size = 0x200
                0x0000000000000400                _Min_Stack_Size = 0x400

.isr_vector     0x0000000008000000      0x198
                0x0000000008000000                . = ALIGN (0x4)
 *(.isr_vector)
 .isr_vector    0x0000000008000000      0x198 ./Core/Startup/startup_stm32f411ceux.o
                0x0000000008000000                g_pfnVectors
                0x0000000008000198                . = ALIGN (0x4)

.text           0x00000000080001a0     0xd1e8
                0x00000000080001a0                . = ALIGN (0x4)
 *(.text)
 .text          0x00000000080001a0       0x40 c:/st/stm32cubeide_1.12.1/stm32cubeide/plugins/com.st.stm32cube.ide.mcu.externaltools.gnu-tools-for-stm32.10.3-2021.10.win32_1.0.200.202301161003/tools/bin/../lib/gcc/arm-none-eabi/10.3.1/thumb/v7e-m+fp/hard/crtbegin.o
 .text          0x00000000080001e0       0x10 c:/st/stm32cubeide_1.12.1/stm32cubeide/plugins/com.st.stm32cube.ide.mcu.externaltools.gnu-tools-for-stm32.10.3-2021.10.win32_1.0.200.202301161003/tools/bin/../lib/gcc/arm-none-eabi/10.3.1/../../../../arm-none-eabi/lib/thumb/v7e-m+fp/hard\libc_nano.a(lib_a-strlen.o)
                0x00000000080001e0                strlen
 .text          0x00000000080001f0       0xa0 c:/st/stm32cubeide_1.12.1/stm32cubeide/plugins/com.st.stm32cube.ide.mcu.externaltools.gnu-tools-for-stm32.10.3-2021.10.win32_1.0.200.202301161003/tools/bin/../lib/gcc/arm-none-eabi/10.3.1/../../../../arm-none-eabi/lib/thumb/v7e-m+fp/hard\libc_nano.a(lib_a-memchr.o)
                0x00000000080001f0                memchr
 .text          0x0000000008000290      0x378 c:/st/stm32cubeide_1.12.1/stm32cubeide/plugins/com.st.stm32cube.ide.mcu.externaltools.gnu-tools-for-stm32.10.3-2021.10.win32_1.0.200.202301161003/tools/bin/../lib/gcc/arm-none-eabi/10.3.1/thumb/v7e-m+fp/hard\libgcc.a(_arm_addsubdf3.o)
                0x0000000008000290                __aeabi_drsub
                0x0000000008000298                __aeabi_dsub
                0x0000000008000298                __subdf3
                0x000000000800029c                __aeabi_dadd
                0x000000000800029c                __adddf3
                0x0000000008000514                __floatunsidf
                0x0000000008000514                __aeabi_ui2d
                0x0000000008000534                __floatsidf
                0x0000000008000534                __aeabi_i2d
                0x0000000008000558                __aeabi_f2d
                0x0000000008000558                __extendsfdf2
                0x000000000800059c                __floatundidf
                0x000000000800059c                __aeabi_ul2d
                0x00000000080005ac                __floatdidf
                0x00000000080005ac                __aeabi_l2d
 .text          0x0000000008000608      0x424 c:/st/stm32cubeide_1.12.1/stm32cubeide/plugins/com.st.stm32cube.ide.mcu.externaltools.gnu-tools-for-stm32.10.3-2021.10.win32_1.0.200.202301161003/tools/bin/../lib/gcc/arm-none-eabi/10.3.1/thumb/v7e-m+fp/hard\libgcc.a(_arm_muldivdf3.o)
                0x0000000008000608                __aeabi_dmul
                0x0000000008000608                __muldf3
                0x000000000800085c                __divdf3
                0x000000000800085c                __aeabi_ddiv
 .text          0x0000000008000a2c      0x110 c:/st/stm32cubeide_1.12.1/stm32cubeide/plugins/com.st.stm32cube.ide.mcu.externaltools.gnu-tools-for-stm32.10.3-2021.10.win32_1.0.200.202301161003/tools/bin/../lib/gcc/arm-none-eabi/10.3.1/thumb/v7e-m+fp/hard\libgcc.a(_arm_cmpdf2.o)
                0x0000000008000a2c                __gtdf2
                0x0000000008000a2c                __gedf2
                0x0000000008000a34                __ltdf2
                0x0000000008000a34                __ledf2
                0x0000000008000a3c                __nedf2
                0x0000000008000a3c                __eqdf2
                0x0000000008000a3c                __cmpdf2
                0x0000000008000ab8                __aeabi_cdrcmple
                0x0000000008000ac8                __aeabi_cdcmpeq
                0x0000000008000ac8                __aeabi_cdcmple
                0x0000000008000ad8                __aeabi_dcmpeq
                0x0000000008000aec                __aeabi_dcmplt
                0x0000000008000b00                __aeabi_dcmple
                0x0000000008000b14                __aeabi_dcmpge
                0x0000000008000b28                __aeabi_dcmpgt
 .text          0x0000000008000b3c       0x2c c:/st/stm32cubeide_1.12.1/stm32cubeide/plugins/com.st.stm32cube.ide.mcu.externaltools.gnu-tools-for-stm32.10.3-2021.10.win32_1.0.200.202301161003/tools/bin/../lib/gcc/arm-none-eabi/10.3.1/thumb/v7e-m+fp/hard\libgcc.a(_arm_unorddf2.o)
                0x0000000008000b3c                __unorddf2
                0x0000000008000b3c                __aeabi_dcmpun
 .text          0x0000000008000b68       0x50 c:/st/stm32cubeide_1.12.1/stm32cubeide/plugins/com.st.stm32cube.ide.mcu.externaltools.gnu-tools-for-stm32.10.3-2021.10.win32_1.0.200.202301161003/tools/bin/../lib/gcc/arm-none-eabi/10.3.1/thumb/v7e-m+fp/hard\libgcc.a(_arm_fixdfsi.o)
                0x0000000008000b68                __aeabi_d2iz
                0x0000000008000b68                __fixdfsi
 .text          0x0000000008000bb8       0xa0 c:/st/stm32cubeide_1.12.1/stm32cubeide/plugins/com.st.stm32cube.ide.mcu.externaltools.gnu-tools-for-stm32.10.3-2021.10.win32_1.0.200.202301161003/tools/bin/../lib/gcc/arm-none-eabi/10.3.1/thumb/v7e-m+fp/hard\libgcc.a(_arm_truncdfsf2.o)
                0x0000000008000bb8                __truncdfsf2
                0x0000000008000bb8                __aeabi_d2f
 .text          0x0000000008000c58       0x30 c:/st/stm32cubeide_1.12.1/stm32cubeide/plugins/com.st.stm32cube.ide.mcu.externaltools.gnu-tools-for-stm32.10.3-2021.10.win32_1.0.200.202301161003/tools/bin/../lib/gcc/arm-none-eabi/10.3.1/thumb/v7e-m+fp/hard\libgcc.a(_aeabi_uldivmod.o)
                0x0000000008000c58                __aeabi_uldivmod
 .text          0x0000000008000c88      0x2d0 c:/st/stm32cubeide_1.12.1/stm32cubeide/plugins/com.st.stm32cube.ide.mcu.externaltools.gnu-tools-for-stm32.10.3-2021.10.win32_1.0.200.202301161003/tools/bin/../lib/gcc/arm-none-eabi/10.3.1/thumb/v7e-m+fp/hard\libgcc.a(_udivmoddi4.o)
                0x0000000008000c88                __udivmoddi4
 .text          0x0000000008000f58        0x4 c:/st/stm32cubeide_1.12.1/stm32cubeide/plugins/com.st.stm32cube.ide.mcu.externaltools.gnu-tools-for-stm32.10.3-2021.10.win32_1.0.200.202301161003/tools/bin/../lib/gcc/arm-none-eabi/10.3.1/thumb/v7e-m+fp/hard\libgcc.a(_dvmd_tls.o)
                0x0000000008000f58                __aeabi_idiv0
                0x0000000008000f58                __aeabi_ldiv0
 *(.text*)
 .text._ZN7RPLidar3endEv
                0x0000000008000f5c       0x30 ./Core/Src/RPLidar.o
                0x0000000008000f5c                RPLidar::end()
 .text._ZN7RPLidar6isOpenEv
                0x0000000008000f8c       0x1c ./Core/Src/RPLidar.o
                0x0000000008000f8c                RPLidar::isOpen()
 .text._ZN7RPLidarC2Ev
                0x0000000008000fa8       0x5c ./Core/Src/RPLidar.o
                0x0000000008000fa8                RPLidar::RPLidar()
                0x0000000008000fa8                RPLidar::RPLidar()
 .text._ZN7RPLidarD2Ev
                0x0000000008001004       0x18 ./Core/Src/RPLidar.o
                0x0000000008001004                RPLidar::~RPLidar()
                0x0000000008001004                RPLidar::~RPLidar()
 .text._ZN7RPLidar5beginEv
                0x000000000800101c       0x84 ./Core/Src/RPLidar.o
                0x000000000800101c                RPLidar::begin()
 .text._ZN7RPLidar12_sendCommandEhPKvj
                0x00000000080010a0      0x110 ./Core/Src/RPLidar.o
                0x00000000080010a0                RPLidar::_sendCommand(unsigned char, void const*, unsigned int)
 .text._ZN7RPLidar19_waitResponseHeaderEP21_rplidar_ans_header_tm
                0x00000000080011b0       0xc0 ./Core/Src/RPLidar.o
                0x00000000080011b0                RPLidar::_waitResponseHeader(_rplidar_ans_header_t*, unsigned long)
 .text._ZN7RPLidar4stopEv
                0x0000000008001270       0x3c ./Core/Src/RPLidar.o
                0x0000000008001270                RPLidar::stop()
 .text._ZN7RPLidar9startScanEbm
                0x00000000080012ac       0xa0 ./Core/Src/RPLidar.o
                0x00000000080012ac                RPLidar::startScan(bool, unsigned long)
 .text._ZN7RPLidar12getDistancesEv
                0x000000000800134c       0x18 ./Core/Src/RPLidar.o
                0x000000000800134c                RPLidar::getDistances()
 .text._ZN7RPLidar12getDistancesEi
                0x0000000008001364       0x2a ./Core/Src/RPLidar.o
                0x0000000008001364                RPLidar::getDistances(int)
 .text._ZN7RPLidar9constrainElll
                0x000000000800138e       0x3e ./Core/Src/RPLidar.o
                0x000000000800138e                RPLidar::constrain(long, long, long)
 .text._ZN7RPLidar9waitPointEm
                0x00000000080013cc      0x1c8 ./Core/Src/RPLidar.o
                0x00000000080013cc                RPLidar::waitPoint(unsigned long)
 .text._ZnwjPv  0x0000000008001594       0x18 ./Core/Src/main.o
                0x0000000008001594                operator new(unsigned int, void*)
 .text._ZSt16__deque_buf_sizej
                0x00000000080015ac       0x2a ./Core/Src/main.o
                0x00000000080015ac                std::__deque_buf_size(unsigned int)
 .text._ZN7EncoderC2EP17TIM_HandleTypeDef
                0x00000000080015d6       0x1e ./Core/Src/main.o
                0x00000000080015d6                Encoder::Encoder(TIM_HandleTypeDef*)
                0x00000000080015d6                Encoder::Encoder(TIM_HandleTypeDef*)
 .text._ZN7Encoder7handlerEv
                0x00000000080015f4       0x2c ./Core/Src/main.o
                0x00000000080015f4                Encoder::handler()
 .text._ZN7Encoder15getEncoderValueEv
                0x0000000008001620       0x18 ./Core/Src/main.o
                0x0000000008001620                Encoder::getEncoderValue()
 .text._ZN3PIDC2Eddd
                0x0000000008001638       0x5c ./Core/Src/main.o
                0x0000000008001638                PID::PID(double, double, double)
                0x0000000008001638                PID::PID(double, double, double)
 .text._ZN3PID9calculateEdd
                0x0000000008001694       0xc6 ./Core/Src/main.o
                0x0000000008001694                PID::calculate(double, double)
 .text._ZN3PID5clearEv
                0x000000000800175a       0x30 ./Core/Src/main.o
                0x000000000800175a                PID::clear()
 .text._Z9constrainlll
                0x000000000800178a       0x32 ./Core/Src/main.o
                0x000000000800178a                constrain(long, long, long)
 *fill*         0x00000000080017bc        0x4 
 .text._ZN5MotorC2EP17TIM_HandleTypeDefS1_h
                0x00000000080017c0       0x60 ./Core/Src/main.o
                0x00000000080017c0                Motor::Motor(TIM_HandleTypeDef*, TIM_HandleTypeDef*, unsigned char)
                0x00000000080017c0                Motor::Motor(TIM_HandleTypeDef*, TIM_HandleTypeDef*, unsigned char)
 .text._ZN5Motor14setTargetSpeedEl
                0x0000000008001820       0x2e ./Core/Src/main.o
                0x0000000008001820                Motor::setTargetSpeed(long)
 .text._ZN5Motor7handlerEv
                0x000000000800184e       0x66 ./Core/Src/main.o
                0x000000000800184e                Motor::handler()
 .text._ZN5Motor8pidClearEv
                0x00000000080018b4       0x3c ./Core/Src/main.o
                0x00000000080018b4                Motor::pidClear()
 .text._ZN5Motor17calcCurSpeedMotorEv
                0x00000000080018f0       0x50 ./Core/Src/main.o
                0x00000000080018f0                Motor::calcCurSpeedMotor()
 .text._ZN5Motor11setMotorPWMEl
                0x0000000008001940       0xb6 ./Core/Src/main.o
                0x0000000008001940                Motor::setMotorPWM(long)
 *fill*         0x00000000080019f6        0x2 
 .text._ZN6TelegaC2Ev
                0x00000000080019f8       0x3c ./Core/Src/main.o
                0x00000000080019f8                Telega::Telega()
                0x00000000080019f8                Telega::Telega()
 .text._ZN6Telega7handlerEv
                0x0000000008001a34       0x22 ./Core/Src/main.o
                0x0000000008001a34                Telega::handler()
 .text._ZN6Telega13setRobotSpeedEll
                0x0000000008001a56       0x28 ./Core/Src/main.o
                0x0000000008001a56                Telega::setRobotSpeed(long, long)
 .text._ZN6Telega13setMotorSpeedEll
                0x0000000008001a7e       0x30 ./Core/Src/main.o
                0x0000000008001a7e                Telega::setMotorSpeed(long, long)
 *fill*         0x0000000008001aae        0x2 
 .text._ZN10TanControl16calcTgtRobotSpdsEff
                0x0000000008001ab0      0x124 ./Core/Src/main.o
                0x0000000008001ab0                TanControl::calcTgtRobotSpds(float, float)
 .text._ZN10TanControl13getErrorAngleEPf
                0x0000000008001bd4       0x94 ./Core/Src/main.o
                0x0000000008001bd4                TanControl::getErrorAngle(float*)
 .text._ZN10TanControl8limitAngEf
                0x0000000008001c68       0x54 ./Core/Src/main.o
                0x0000000008001c68                TanControl::limitAng(float)
 .text._ZN10TanControl8clearSpdEv
                0x0000000008001cbc       0x24 ./Core/Src/main.o
                0x0000000008001cbc                TanControl::clearSpd()
 .text._ZNSt5queueIN12ActionsQueue16RobotInstructionESt5dequeIS1_SaIS1_EEED2Ev
                0x0000000008001ce0       0x1a ./Core/Src/main.o
                0x0000000008001ce0                std::queue<ActionsQueue::RobotInstruction, std::deque<ActionsQueue::RobotInstruction, std::allocator<ActionsQueue::RobotInstruction> > >::~queue()
                0x0000000008001ce0                std::queue<ActionsQueue::RobotInstruction, std::deque<ActionsQueue::RobotInstruction, std::allocator<ActionsQueue::RobotInstruction> > >::~queue()
 *fill*         0x0000000008001cfa        0x6 
 .text._ZN12ActionsQueueC2Ev
                0x0000000008001d00       0x68 ./Core/Src/main.o
                0x0000000008001d00                ActionsQueue::ActionsQueue()
                0x0000000008001d00                ActionsQueue::ActionsQueue()
 .text._ZN12ActionsQueue4initEv
                0x0000000008001d68       0x2a ./Core/Src/main.o
                0x0000000008001d68                ActionsQueue::init()
 .text._ZN12ActionsQueue4pushE7ACTIONS
                0x0000000008001d92       0x30 ./Core/Src/main.o
                0x0000000008001d92                ActionsQueue::push(ACTIONS)
 .text._ZN12ActionsQueue7isClearEv
                0x0000000008001dc2       0x4c ./Core/Src/main.o
                0x0000000008001dc2                ActionsQueue::isClear()
 .text._ZN12ActionsQueue7handlerEv
                0x0000000008001e0e       0x1c ./Core/Src/main.o
                0x0000000008001e0e                ActionsQueue::handler()
 *fill*         0x0000000008001e2a        0x2 
 .text._ZN12ActionsQueue9fastCycleEv
                0x0000000008001e2c      0x248 ./Core/Src/main.o
                0x0000000008001e2c                ActionsQueue::fastCycle()
 .text._ZN12ActionsQueue16RobotInstructionC2E7ACTIONS
                0x0000000008002074       0x34 ./Core/Src/main.o
                0x0000000008002074                ActionsQueue::RobotInstruction::RobotInstruction(ACTIONS)
                0x0000000008002074                ActionsQueue::RobotInstruction::RobotInstruction(ACTIONS)
 .text.HAL_TIM_PeriodElapsedCallback
                0x00000000080020a8       0x28 ./Core/Src/main.o
                0x00000000080020a8                HAL_TIM_PeriodElapsedCallback
 .text._Z4initv
                0x00000000080020d0       0x94 ./Core/Src/main.o
                0x00000000080020d0                init()
 .text.main     0x0000000008002164       0x58 ./Core/Src/main.o
                0x0000000008002164                main
 .text._Z18SystemClock_Configv
                0x00000000080021bc       0xe4 ./Core/Src/main.o
                0x00000000080021bc                SystemClock_Config()
 .text._ZL12MX_I2C1_Initv
                0x00000000080022a0       0x68 ./Core/Src/main.o
 .text._ZL12MX_TIM1_Initv
                0x0000000008002308       0xc0 ./Core/Src/main.o
 .text._ZL12MX_TIM2_Initv
                0x00000000080023c8       0xbc ./Core/Src/main.o
 .text._ZL12MX_TIM3_Initv
                0x0000000008002484      0x130 ./Core/Src/main.o
 .text._ZL12MX_TIM4_Initv
                0x00000000080025b4       0xbc ./Core/Src/main.o
 .text._ZL19MX_USART2_UART_Initv
                0x0000000008002670       0x5c ./Core/Src/main.o
 .text._ZL12MX_GPIO_Initv
                0x00000000080026cc      0x118 ./Core/Src/main.o
 .text.Error_Handler
                0x00000000080027e4        0xa ./Core/Src/main.o
                0x00000000080027e4                Error_Handler
 .text._ZNSt5dequeIN12ActionsQueue16RobotInstructionESaIS1_EEC2Ev
                0x00000000080027ee       0x1a ./Core/Src/main.o
                0x00000000080027ee                std::deque<ActionsQueue::RobotInstruction, std::allocator<ActionsQueue::RobotInstruction> >::deque()
                0x00000000080027ee                std::deque<ActionsQueue::RobotInstruction, std::allocator<ActionsQueue::RobotInstruction> >::deque()
 .text._ZNSt5queueIN12ActionsQueue16RobotInstructionESt5dequeIS1_SaIS1_EEEC2IS4_vEEv
                0x0000000008002808       0x28 ./Core/Src/main.o
                0x0000000008002808                std::queue<ActionsQueue::RobotInstruction, std::deque<ActionsQueue::RobotInstruction, std::allocator<ActionsQueue::RobotInstruction> > >::queue<std::deque<ActionsQueue::RobotInstruction, std::allocator<ActionsQueue::RobotInstruction> >, void>()
                0x0000000008002808                std::queue<ActionsQueue::RobotInstruction, std::deque<ActionsQueue::RobotInstruction, std::allocator<ActionsQueue::RobotInstruction> > >::queue<std::deque<ActionsQueue::RobotInstruction, std::allocator<ActionsQueue::RobotInstruction> >, void>()
 .text._ZNSt5dequeIN12ActionsQueue16RobotInstructionESaIS1_EED2Ev
                0x0000000008002830       0x4a ./Core/Src/main.o
                0x0000000008002830                std::deque<ActionsQueue::RobotInstruction, std::allocator<ActionsQueue::RobotInstruction> >::~deque()
                0x0000000008002830                std::deque<ActionsQueue::RobotInstruction, std::allocator<ActionsQueue::RobotInstruction> >::~deque()
 .text._ZNSt5queueIN12ActionsQueue16RobotInstructionESt5dequeIS1_SaIS1_EEE4pushEOS1_
                0x000000000800287a       0x24 ./Core/Src/main.o
                0x000000000800287a                std::queue<ActionsQueue::RobotInstruction, std::deque<ActionsQueue::RobotInstruction, std::allocator<ActionsQueue::RobotInstruction> > >::push(ActionsQueue::RobotInstruction&&)
 .text._ZNKSt5queueIN12ActionsQueue16RobotInstructionESt5dequeIS1_SaIS1_EEE4sizeEv
                0x000000000800289e       0x1a ./Core/Src/main.o
                0x000000000800289e                std::queue<ActionsQueue::RobotInstruction, std::deque<ActionsQueue::RobotInstruction, std::allocator<ActionsQueue::RobotInstruction> > >::size() const
 .text._ZNKSt5queueIN12ActionsQueue16RobotInstructionESt5dequeIS1_SaIS1_EEE5emptyEv
                0x00000000080028b8       0x1a ./Core/Src/main.o
                0x00000000080028b8                std::queue<ActionsQueue::RobotInstruction, std::deque<ActionsQueue::RobotInstruction, std::allocator<ActionsQueue::RobotInstruction> > >::empty() const
 .text._ZNSt5queueIN12ActionsQueue16RobotInstructionESt5dequeIS1_SaIS1_EEE3popEv
                0x00000000080028d2       0x18 ./Core/Src/main.o
                0x00000000080028d2                std::queue<ActionsQueue::RobotInstruction, std::deque<ActionsQueue::RobotInstruction, std::allocator<ActionsQueue::RobotInstruction> > >::pop()
 .text._ZNSt5queueIN12ActionsQueue16RobotInstructionESt5dequeIS1_SaIS1_EEE5frontEv
                0x00000000080028ea       0x1a ./Core/Src/main.o
                0x00000000080028ea                std::queue<ActionsQueue::RobotInstruction, std::deque<ActionsQueue::RobotInstruction, std::allocator<ActionsQueue::RobotInstruction> > >::front()
 .text._ZNSt11_Deque_baseIN12ActionsQueue16RobotInstructionESaIS1_EE11_Deque_implD2Ev
                0x0000000008002904       0x18 ./Core/Src/main.o
                0x0000000008002904                std::_Deque_base<ActionsQueue::RobotInstruction, std::allocator<ActionsQueue::RobotInstruction> >::_Deque_impl::~_Deque_impl()
                0x0000000008002904                std::_Deque_base<ActionsQueue::RobotInstruction, std::allocator<ActionsQueue::RobotInstruction> >::_Deque_impl::~_Deque_impl()
 .text._ZNSt11_Deque_baseIN12ActionsQueue16RobotInstructionESaIS1_EEC2Ev
                0x000000000800291c       0x22 ./Core/Src/main.o
                0x000000000800291c                std::_Deque_base<ActionsQueue::RobotInstruction, std::allocator<ActionsQueue::RobotInstruction> >::_Deque_base()
                0x000000000800291c                std::_Deque_base<ActionsQueue::RobotInstruction, std::allocator<ActionsQueue::RobotInstruction> >::_Deque_base()
 .text._ZNSt11_Deque_baseIN12ActionsQueue16RobotInstructionESaIS1_EED2Ev
                0x000000000800293e       0x44 ./Core/Src/main.o
                0x000000000800293e                std::_Deque_base<ActionsQueue::RobotInstruction, std::allocator<ActionsQueue::RobotInstruction> >::~_Deque_base()
                0x000000000800293e                std::_Deque_base<ActionsQueue::RobotInstruction, std::allocator<ActionsQueue::RobotInstruction> >::~_Deque_base()
 .text._ZNSt5dequeIN12ActionsQueue16RobotInstructionESaIS1_EE5beginEv
                0x0000000008002982       0x1e ./Core/Src/main.o
                0x0000000008002982                std::deque<ActionsQueue::RobotInstruction, std::allocator<ActionsQueue::RobotInstruction> >::begin()
 .text._ZNSt5dequeIN12ActionsQueue16RobotInstructionESaIS1_EE3endEv
                0x00000000080029a0       0x1e ./Core/Src/main.o
                0x00000000080029a0                std::deque<ActionsQueue::RobotInstruction, std::allocator<ActionsQueue::RobotInstruction> >::end()
 .text._ZNSt11_Deque_baseIN12ActionsQueue16RobotInstructionESaIS1_EE19_M_get_Tp_allocatorEv
                0x00000000080029be       0x16 ./Core/Src/main.o
                0x00000000080029be                std::_Deque_base<ActionsQueue::RobotInstruction, std::allocator<ActionsQueue::RobotInstruction> >::_M_get_Tp_allocator()
 .text._ZNSt15_Deque_iteratorIN12ActionsQueue16RobotInstructionERS1_PS1_EC2ERKS4_
                0x00000000080029d4       0x38 ./Core/Src/main.o
                0x00000000080029d4                std::_Deque_iterator<ActionsQueue::RobotInstruction, ActionsQueue::RobotInstruction&, ActionsQueue::RobotInstruction*>::_Deque_iterator(std::_Deque_iterator<ActionsQueue::RobotInstruction, ActionsQueue::RobotInstruction&, ActionsQueue::RobotInstruction*> const&)
                0x00000000080029d4                std::_Deque_iterator<ActionsQueue::RobotInstruction, ActionsQueue::RobotInstruction&, ActionsQueue::RobotInstruction*>::_Deque_iterator(std::_Deque_iterator<ActionsQueue::RobotInstruction, ActionsQueue::RobotInstruction&, ActionsQueue::RobotInstruction*> const&)
 .text._ZNSt5dequeIN12ActionsQueue16RobotInstructionESaIS1_EE15_M_destroy_dataESt15_Deque_iteratorIS1_RS1_PS1_ES7_RKS2_
                0x0000000008002a0c       0x1a ./Core/Src/main.o
                0x0000000008002a0c                std::deque<ActionsQueue::RobotInstruction, std::allocator<ActionsQueue::RobotInstruction> >::_M_destroy_data(std::_Deque_iterator<ActionsQueue::RobotInstruction, ActionsQueue::RobotInstruction&, ActionsQueue::RobotInstruction*>, std::_Deque_iterator<ActionsQueue::RobotInstruction, ActionsQueue::RobotInstruction&, ActionsQueue::RobotInstruction*>, std::allocator<ActionsQueue::RobotInstruction> const&)
 .text._ZSt4moveIRN12ActionsQueue16RobotInstructionEEONSt16remove_referenceIT_E4typeEOS4_
                0x0000000008002a26       0x16 ./Core/Src/main.o
                0x0000000008002a26                std::remove_reference<ActionsQueue::RobotInstruction&>::type&& std::move<ActionsQueue::RobotInstruction&>(ActionsQueue::RobotInstruction&)
 .text._ZNSt5dequeIN12ActionsQueue16RobotInstructionESaIS1_EE9push_backEOS1_
                0x0000000008002a3c       0x22 ./Core/Src/main.o
                0x0000000008002a3c                std::deque<ActionsQueue::RobotInstruction, std::allocator<ActionsQueue::RobotInstruction> >::push_back(ActionsQueue::RobotInstruction&&)
 .text._ZNKSt5dequeIN12ActionsQueue16RobotInstructionESaIS1_EE4sizeEv
                0x0000000008002a5e       0x24 ./Core/Src/main.o
                0x0000000008002a5e                std::deque<ActionsQueue::RobotInstruction, std::allocator<ActionsQueue::RobotInstruction> >::size() const
 .text._ZNKSt5dequeIN12ActionsQueue16RobotInstructionESaIS1_EE5emptyEv
                0x0000000008002a82       0x24 ./Core/Src/main.o
                0x0000000008002a82                std::deque<ActionsQueue::RobotInstruction, std::allocator<ActionsQueue::RobotInstruction> >::empty() const
 .text._ZNSt5dequeIN12ActionsQueue16RobotInstructionESaIS1_EE9pop_frontEv
                0x0000000008002aa6       0x48 ./Core/Src/main.o
                0x0000000008002aa6                std::deque<ActionsQueue::RobotInstruction, std::allocator<ActionsQueue::RobotInstruction> >::pop_front()
 .text._ZNSt5dequeIN12ActionsQueue16RobotInstructionESaIS1_EE5frontEv
                0x0000000008002aee       0x28 ./Core/Src/main.o
                0x0000000008002aee                std::deque<ActionsQueue::RobotInstruction, std::allocator<ActionsQueue::RobotInstruction> >::front()
 .text._ZNSt11_Deque_baseIN12ActionsQueue16RobotInstructionESaIS1_EE11_Deque_implC2Ev
                0x0000000008002b16       0x20 ./Core/Src/main.o
                0x0000000008002b16                std::_Deque_base<ActionsQueue::RobotInstruction, std::allocator<ActionsQueue::RobotInstruction> >::_Deque_impl::_Deque_impl()
                0x0000000008002b16                std::_Deque_base<ActionsQueue::RobotInstruction, std::allocator<ActionsQueue::RobotInstruction> >::_Deque_impl::_Deque_impl()
 .text._ZNSaIN12ActionsQueue16RobotInstructionEED2Ev
                0x0000000008002b36       0x18 ./Core/Src/main.o
                0x0000000008002b36                std::allocator<ActionsQueue::RobotInstruction>::~allocator()
                0x0000000008002b36                std::allocator<ActionsQueue::RobotInstruction>::~allocator()
 .text._ZNSt11_Deque_baseIN12ActionsQueue16RobotInstructionESaIS1_EE17_M_initialize_mapEj
                0x0000000008002b4e       0xc6 ./Core/Src/main.o
                0x0000000008002b4e                std::_Deque_base<ActionsQueue::RobotInstruction, std::allocator<ActionsQueue::RobotInstruction> >::_M_initialize_map(unsigned int)
 .text._ZNSt11_Deque_baseIN12ActionsQueue16RobotInstructionESaIS1_EE16_M_destroy_nodesEPPS1_S5_
                0x0000000008002c14       0x34 ./Core/Src/main.o
                0x0000000008002c14                std::_Deque_base<ActionsQueue::RobotInstruction, std::allocator<ActionsQueue::RobotInstruction> >::_M_destroy_nodes(ActionsQueue::RobotInstruction**, ActionsQueue::RobotInstruction**)
 .text._ZNSt11_Deque_baseIN12ActionsQueue16RobotInstructionESaIS1_EE17_M_deallocate_mapEPPS1_j
                0x0000000008002c48       0x38 ./Core/Src/main.o
                0x0000000008002c48                std::_Deque_base<ActionsQueue::RobotInstruction, std::allocator<ActionsQueue::RobotInstruction> >::_M_deallocate_map(ActionsQueue::RobotInstruction**, unsigned int)
 .text._ZNSt5dequeIN12ActionsQueue16RobotInstructionESaIS1_EE12emplace_backIJS1_EEEvDpOT_
                0x0000000008002c80       0x56 ./Core/Src/main.o
                0x0000000008002c80                void std::deque<ActionsQueue::RobotInstruction, std::allocator<ActionsQueue::RobotInstruction> >::emplace_back<ActionsQueue::RobotInstruction>(ActionsQueue::RobotInstruction&&)
 .text._ZStmiRKSt15_Deque_iteratorIN12ActionsQueue16RobotInstructionERS1_PS1_ES6_
                0x0000000008002cd6       0x48 ./Core/Src/main.o
                0x0000000008002cd6                std::operator-(std::_Deque_iterator<ActionsQueue::RobotInstruction, ActionsQueue::RobotInstruction&, ActionsQueue::RobotInstruction*> const&, std::_Deque_iterator<ActionsQueue::RobotInstruction, ActionsQueue::RobotInstruction&, ActionsQueue::RobotInstruction*> const&)
 .text._ZSteqRKSt15_Deque_iteratorIN12ActionsQueue16RobotInstructionERS1_PS1_ES6_
                0x0000000008002d1e       0x28 ./Core/Src/main.o
                0x0000000008002d1e                std::operator==(std::_Deque_iterator<ActionsQueue::RobotInstruction, ActionsQueue::RobotInstruction&, ActionsQueue::RobotInstruction*> const&, std::_Deque_iterator<ActionsQueue::RobotInstruction, ActionsQueue::RobotInstruction&, ActionsQueue::RobotInstruction*> const&)
 .text._ZNSt16allocator_traitsISaIN12ActionsQueue16RobotInstructionEEE7destroyIS1_EEvRS2_PT_
                0x0000000008002d46       0x1a ./Core/Src/main.o
                0x0000000008002d46                void std::allocator_traits<std::allocator<ActionsQueue::RobotInstruction> >::destroy<ActionsQueue::RobotInstruction>(std::allocator<ActionsQueue::RobotInstruction>&, ActionsQueue::RobotInstruction*)
 .text._ZNSt5dequeIN12ActionsQueue16RobotInstructionESaIS1_EE16_M_pop_front_auxEv
                0x0000000008002d60       0x50 ./Core/Src/main.o
                0x0000000008002d60                std::deque<ActionsQueue::RobotInstruction, std::allocator<ActionsQueue::RobotInstruction> >::_M_pop_front_aux()
 .text._ZNKSt15_Deque_iteratorIN12ActionsQueue16RobotInstructionERS1_PS1_EdeEv
                0x0000000008002db0       0x18 ./Core/Src/main.o
                0x0000000008002db0                std::_Deque_iterator<ActionsQueue::RobotInstruction, ActionsQueue::RobotInstruction&, ActionsQueue::RobotInstruction*>::operator*() const
 .text._ZNSaIN12ActionsQueue16RobotInstructionEEC2Ev
                0x0000000008002dc8       0x18 ./Core/Src/main.o
                0x0000000008002dc8                std::allocator<ActionsQueue::RobotInstruction>::allocator()
                0x0000000008002dc8                std::allocator<ActionsQueue::RobotInstruction>::allocator()
 .text._ZNSt11_Deque_baseIN12ActionsQueue16RobotInstructionESaIS1_EE16_Deque_impl_dataC2Ev
                0x0000000008002de0       0x32 ./Core/Src/main.o
                0x0000000008002de0                std::_Deque_base<ActionsQueue::RobotInstruction, std::allocator<ActionsQueue::RobotInstruction> >::_Deque_impl_data::_Deque_impl_data()
                0x0000000008002de0                std::_Deque_base<ActionsQueue::RobotInstruction, std::allocator<ActionsQueue::RobotInstruction> >::_Deque_impl_data::_Deque_impl_data()
 .text._ZN9__gnu_cxx13new_allocatorIN12ActionsQueue16RobotInstructionEED2Ev
                0x0000000008002e12       0x16 ./Core/Src/main.o
                0x0000000008002e12                __gnu_cxx::new_allocator<ActionsQueue::RobotInstruction>::~new_allocator()
                0x0000000008002e12                __gnu_cxx::new_allocator<ActionsQueue::RobotInstruction>::~new_allocator()
 .text._ZSt3maxIjERKT_S2_S2_
                0x0000000008002e28       0x28 ./Core/Src/main.o
                0x0000000008002e28                unsigned int const& std::max<unsigned int>(unsigned int const&, unsigned int const&)
 .text._ZNSt11_Deque_baseIN12ActionsQueue16RobotInstructionESaIS1_EE15_M_allocate_mapEj
                0x0000000008002e50       0x3a ./Core/Src/main.o
                0x0000000008002e50                std::_Deque_base<ActionsQueue::RobotInstruction, std::allocator<ActionsQueue::RobotInstruction> >::_M_allocate_map(unsigned int)
 .text._ZNSt11_Deque_baseIN12ActionsQueue16RobotInstructionESaIS1_EE15_M_create_nodesEPPS1_S5_
                0x0000000008002e8a       0x34 ./Core/Src/main.o
                0x0000000008002e8a                std::_Deque_base<ActionsQueue::RobotInstruction, std::allocator<ActionsQueue::RobotInstruction> >::_M_create_nodes(ActionsQueue::RobotInstruction**, ActionsQueue::RobotInstruction**)
 .text._ZNSt15_Deque_iteratorIN12ActionsQueue16RobotInstructionERS1_PS1_E11_M_set_nodeEPS3_
                0x0000000008002ebe       0x32 ./Core/Src/main.o
                0x0000000008002ebe                std::_Deque_iterator<ActionsQueue::RobotInstruction, ActionsQueue::RobotInstruction&, ActionsQueue::RobotInstruction*>::_M_set_node(ActionsQueue::RobotInstruction**)
 .text._ZNSt11_Deque_baseIN12ActionsQueue16RobotInstructionESaIS1_EE18_M_deallocate_nodeEPS1_
                0x0000000008002ef0       0x26 ./Core/Src/main.o
                0x0000000008002ef0                std::_Deque_base<ActionsQueue::RobotInstruction, std::allocator<ActionsQueue::RobotInstruction> >::_M_deallocate_node(ActionsQueue::RobotInstruction*)
 .text._ZNKSt11_Deque_baseIN12ActionsQueue16RobotInstructionESaIS1_EE20_M_get_map_allocatorEv
                0x0000000008002f16       0x22 ./Core/Src/main.o
                0x0000000008002f16                std::_Deque_base<ActionsQueue::RobotInstruction, std::allocator<ActionsQueue::RobotInstruction> >::_M_get_map_allocator() const
 .text._ZNSaIPN12ActionsQueue16RobotInstructionEED2Ev
                0x0000000008002f38       0x18 ./Core/Src/main.o
                0x0000000008002f38                std::allocator<ActionsQueue::RobotInstruction*>::~allocator()
                0x0000000008002f38                std::allocator<ActionsQueue::RobotInstruction*>::~allocator()
 .text._ZNSt16allocator_traitsISaIPN12ActionsQueue16RobotInstructionEEE10deallocateERS3_PS2_j
                0x0000000008002f50       0x1e ./Core/Src/main.o
                0x0000000008002f50                std::allocator_traits<std::allocator<ActionsQueue::RobotInstruction*> >::deallocate(std::allocator<ActionsQueue::RobotInstruction*>&, ActionsQueue::RobotInstruction**, unsigned int)
 .text._ZSt7forwardIN12ActionsQueue16RobotInstructionEEOT_RNSt16remove_referenceIS2_E4typeE
                0x0000000008002f6e       0x16 ./Core/Src/main.o
                0x0000000008002f6e                ActionsQueue::RobotInstruction&& std::forward<ActionsQueue::RobotInstruction>(std::remove_reference<ActionsQueue::RobotInstruction>::type&)
 .text._ZNSt16allocator_traitsISaIN12ActionsQueue16RobotInstructionEEE9constructIS1_JS1_EEEvRS2_PT_DpOT0_
                0x0000000008002f84       0x26 ./Core/Src/main.o
                0x0000000008002f84                void std::allocator_traits<std::allocator<ActionsQueue::RobotInstruction> >::construct<ActionsQueue::RobotInstruction, ActionsQueue::RobotInstruction>(std::allocator<ActionsQueue::RobotInstruction>&, ActionsQueue::RobotInstruction*, ActionsQueue::RobotInstruction&&)
 *fill*         0x0000000008002faa        0x2 
 .text._ZNSt5dequeIN12ActionsQueue16RobotInstructionESaIS1_EE16_M_push_back_auxIJS1_EEEvDpOT_
                0x0000000008002fac       0x88 ./Core/Src/main.o
                0x0000000008002fac                void std::deque<ActionsQueue::RobotInstruction, std::allocator<ActionsQueue::RobotInstruction> >::_M_push_back_aux<ActionsQueue::RobotInstruction>(ActionsQueue::RobotInstruction&&)
 .text._ZNSt15_Deque_iteratorIN12ActionsQueue16RobotInstructionERS1_PS1_E14_S_buffer_sizeEv
                0x0000000008003034       0x10 ./Core/Src/main.o
                0x0000000008003034                std::_Deque_iterator<ActionsQueue::RobotInstruction, ActionsQueue::RobotInstruction&, ActionsQueue::RobotInstruction*>::_S_buffer_size()
 .text._ZN9__gnu_cxx13new_allocatorIN12ActionsQueue16RobotInstructionEE7destroyIS2_EEvPT_
                0x0000000008003044       0x16 ./Core/Src/main.o
                0x0000000008003044                void __gnu_cxx::new_allocator<ActionsQueue::RobotInstruction>::destroy<ActionsQueue::RobotInstruction>(ActionsQueue::RobotInstruction*)
 .text._ZN9__gnu_cxx13new_allocatorIN12ActionsQueue16RobotInstructionEEC2Ev
                0x000000000800305a       0x16 ./Core/Src/main.o
                0x000000000800305a                __gnu_cxx::new_allocator<ActionsQueue::RobotInstruction>::new_allocator()
                0x000000000800305a                __gnu_cxx::new_allocator<ActionsQueue::RobotInstruction>::new_allocator()
 .text._ZNSt15_Deque_iteratorIN12ActionsQueue16RobotInstructionERS1_PS1_EC2Ev
                0x0000000008003070       0x2e ./Core/Src/main.o
                0x0000000008003070                std::_Deque_iterator<ActionsQueue::RobotInstruction, ActionsQueue::RobotInstruction&, ActionsQueue::RobotInstruction*>::_Deque_iterator()
                0x0000000008003070                std::_Deque_iterator<ActionsQueue::RobotInstruction, ActionsQueue::RobotInstruction&, ActionsQueue::RobotInstruction*>::_Deque_iterator()
 .text._ZNSt16allocator_traitsISaIPN12ActionsQueue16RobotInstructionEEE8allocateERS3_j
                0x000000000800309e       0x1e ./Core/Src/main.o
                0x000000000800309e                std::allocator_traits<std::allocator<ActionsQueue::RobotInstruction*> >::allocate(std::allocator<ActionsQueue::RobotInstruction*>&, unsigned int)
 .text._ZNSt11_Deque_baseIN12ActionsQueue16RobotInstructionESaIS1_EE16_M_allocate_nodeEv
                0x00000000080030bc       0x24 ./Core/Src/main.o
                0x00000000080030bc                std::_Deque_base<ActionsQueue::RobotInstruction, std::allocator<ActionsQueue::RobotInstruction> >::_M_allocate_node()
 .text._ZNSt16allocator_traitsISaIN12ActionsQueue16RobotInstructionEEE10deallocateERS2_PS1_j
                0x00000000080030e0       0x1e ./Core/Src/main.o
                0x00000000080030e0                std::allocator_traits<std::allocator<ActionsQueue::RobotInstruction> >::deallocate(std::allocator<ActionsQueue::RobotInstruction>&, ActionsQueue::RobotInstruction*, unsigned int)
 .text._ZNKSt11_Deque_baseIN12ActionsQueue16RobotInstructionESaIS1_EE19_M_get_Tp_allocatorEv
                0x00000000080030fe       0x16 ./Core/Src/main.o
                0x00000000080030fe                std::_Deque_base<ActionsQueue::RobotInstruction, std::allocator<ActionsQueue::RobotInstruction> >::_M_get_Tp_allocator() const
 .text._ZNSaIPN12ActionsQueue16RobotInstructionEEC2IS0_EERKSaIT_E
                0x0000000008003114       0x1a ./Core/Src/main.o
                0x0000000008003114                std::allocator<ActionsQueue::RobotInstruction*>::allocator<ActionsQueue::RobotInstruction>(std::allocator<ActionsQueue::RobotInstruction> const&)
                0x0000000008003114                std::allocator<ActionsQueue::RobotInstruction*>::allocator<ActionsQueue::RobotInstruction>(std::allocator<ActionsQueue::RobotInstruction> const&)
 .text._ZN9__gnu_cxx13new_allocatorIPN12ActionsQueue16RobotInstructionEED2Ev
                0x000000000800312e       0x16 ./Core/Src/main.o
                0x000000000800312e                __gnu_cxx::new_allocator<ActionsQueue::RobotInstruction*>::~new_allocator()
                0x000000000800312e                __gnu_cxx::new_allocator<ActionsQueue::RobotInstruction*>::~new_allocator()
 .text._ZN9__gnu_cxx13new_allocatorIPN12ActionsQueue16RobotInstructionEE10deallocateEPS3_j
                0x0000000008003144       0x20 ./Core/Src/main.o
                0x0000000008003144                __gnu_cxx::new_allocator<ActionsQueue::RobotInstruction*>::deallocate(ActionsQueue::RobotInstruction**, unsigned int)
 .text._ZN9__gnu_cxx13new_allocatorIN12ActionsQueue16RobotInstructionEE9constructIS2_JS2_EEEvPT_DpOT0_
                0x0000000008003164       0x32 ./Core/Src/main.o
                0x0000000008003164                void __gnu_cxx::new_allocator<ActionsQueue::RobotInstruction>::construct<ActionsQueue::RobotInstruction, ActionsQueue::RobotInstruction>(ActionsQueue::RobotInstruction*, ActionsQueue::RobotInstruction&&)
 .text._ZNKSt5dequeIN12ActionsQueue16RobotInstructionESaIS1_EE8max_sizeEv
                0x0000000008003196       0x22 ./Core/Src/main.o
                0x0000000008003196                std::deque<ActionsQueue::RobotInstruction, std::allocator<ActionsQueue::RobotInstruction> >::max_size() const
 .text._ZNSt5dequeIN12ActionsQueue16RobotInstructionESaIS1_EE22_M_reserve_map_at_backEj
                0x00000000080031b8       0x36 ./Core/Src/main.o
                0x00000000080031b8                std::deque<ActionsQueue::RobotInstruction, std::allocator<ActionsQueue::RobotInstruction> >::_M_reserve_map_at_back(unsigned int)
 .text._ZN9__gnu_cxx13new_allocatorIPN12ActionsQueue16RobotInstructionEE8allocateEjPKv
                0x00000000080031ee       0x3c ./Core/Src/main.o
                0x00000000080031ee                __gnu_cxx::new_allocator<ActionsQueue::RobotInstruction*>::allocate(unsigned int, void const*)
 .text._ZNSt16allocator_traitsISaIN12ActionsQueue16RobotInstructionEEE8allocateERS2_j
                0x000000000800322a       0x1e ./Core/Src/main.o
                0x000000000800322a                std::allocator_traits<std::allocator<ActionsQueue::RobotInstruction> >::allocate(std::allocator<ActionsQueue::RobotInstruction>&, unsigned int)
 .text._ZN9__gnu_cxx13new_allocatorIN12ActionsQueue16RobotInstructionEE10deallocateEPS2_j
                0x0000000008003248       0x20 ./Core/Src/main.o
                0x0000000008003248                __gnu_cxx::new_allocator<ActionsQueue::RobotInstruction>::deallocate(ActionsQueue::RobotInstruction*, unsigned int)
 .text._ZN9__gnu_cxx13new_allocatorIPN12ActionsQueue16RobotInstructionEEC2Ev
                0x0000000008003268       0x16 ./Core/Src/main.o
                0x0000000008003268                __gnu_cxx::new_allocator<ActionsQueue::RobotInstruction*>::new_allocator()
                0x0000000008003268                __gnu_cxx::new_allocator<ActionsQueue::RobotInstruction*>::new_allocator()
 .text._ZNSt5dequeIN12ActionsQueue16RobotInstructionESaIS1_EE11_S_max_sizeERKS2_
                0x000000000800327e       0x34 ./Core/Src/main.o
                0x000000000800327e                std::deque<ActionsQueue::RobotInstruction, std::allocator<ActionsQueue::RobotInstruction> >::_S_max_size(std::allocator<ActionsQueue::RobotInstruction> const&)
 .text._ZNSt5dequeIN12ActionsQueue16RobotInstructionESaIS1_EE17_M_reallocate_mapEjb
                0x00000000080032b2      0x134 ./Core/Src/main.o
                0x00000000080032b2                std::deque<ActionsQueue::RobotInstruction, std::allocator<ActionsQueue::RobotInstruction> >::_M_reallocate_map(unsigned int, bool)
 .text._ZNK9__gnu_cxx13new_allocatorIPN12ActionsQueue16RobotInstructionEE11_M_max_sizeEv
                0x00000000080033e6       0x18 ./Core/Src/main.o
                0x00000000080033e6                __gnu_cxx::new_allocator<ActionsQueue::RobotInstruction*>::_M_max_size() const
 .text._ZN9__gnu_cxx13new_allocatorIN12ActionsQueue16RobotInstructionEE8allocateEjPKv
                0x00000000080033fe       0x3c ./Core/Src/main.o
                0x00000000080033fe                __gnu_cxx::new_allocator<ActionsQueue::RobotInstruction>::allocate(unsigned int, void const*)
 .text._ZNSt16allocator_traitsISaIN12ActionsQueue16RobotInstructionEEE8max_sizeERKS2_
                0x000000000800343a       0x18 ./Core/Src/main.o
                0x000000000800343a                std::allocator_traits<std::allocator<ActionsQueue::RobotInstruction> >::max_size(std::allocator<ActionsQueue::RobotInstruction> const&)
 .text._ZSt3minIjERKT_S2_S2_
                0x0000000008003452       0x28 ./Core/Src/main.o
                0x0000000008003452                unsigned int const& std::min<unsigned int>(unsigned int const&, unsigned int const&)
 .text._ZSt4copyIPPN12ActionsQueue16RobotInstructionES3_ET0_T_S5_S4_
                0x000000000800347a       0x30 ./Core/Src/main.o
                0x000000000800347a                ActionsQueue::RobotInstruction** std::copy<ActionsQueue::RobotInstruction**, ActionsQueue::RobotInstruction**>(ActionsQueue::RobotInstruction**, ActionsQueue::RobotInstruction**, ActionsQueue::RobotInstruction**)
 .text._ZSt13copy_backwardIPPN12ActionsQueue16RobotInstructionES3_ET0_T_S5_S4_
                0x00000000080034aa       0x30 ./Core/Src/main.o
                0x00000000080034aa                ActionsQueue::RobotInstruction** std::copy_backward<ActionsQueue::RobotInstruction**, ActionsQueue::RobotInstruction**>(ActionsQueue::RobotInstruction**, ActionsQueue::RobotInstruction**, ActionsQueue::RobotInstruction**)
 .text._ZNK9__gnu_cxx13new_allocatorIN12ActionsQueue16RobotInstructionEE11_M_max_sizeEv
                0x00000000080034da       0x18 ./Core/Src/main.o
                0x00000000080034da                __gnu_cxx::new_allocator<ActionsQueue::RobotInstruction>::_M_max_size() const
 .text._ZNK9__gnu_cxx13new_allocatorIN12ActionsQueue16RobotInstructionEE8max_sizeEv
                0x00000000080034f2       0x18 ./Core/Src/main.o
                0x00000000080034f2                __gnu_cxx::new_allocator<ActionsQueue::RobotInstruction>::max_size() const
 .text._ZSt12__miter_baseIPPN12ActionsQueue16RobotInstructionEET_S4_
                0x000000000800350a       0x16 ./Core/Src/main.o
                0x000000000800350a                ActionsQueue::RobotInstruction** std::__miter_base<ActionsQueue::RobotInstruction**>(ActionsQueue::RobotInstruction**)
 .text._ZSt13__copy_move_aILb0EPPN12ActionsQueue16RobotInstructionES3_ET1_T0_S5_S4_
                0x0000000008003520       0x46 ./Core/Src/main.o
                0x0000000008003520                ActionsQueue::RobotInstruction** std::__copy_move_a<false, ActionsQueue::RobotInstruction**, ActionsQueue::RobotInstruction**>(ActionsQueue::RobotInstruction**, ActionsQueue::RobotInstruction**, ActionsQueue::RobotInstruction**)
 .text._ZSt22__copy_move_backward_aILb0EPPN12ActionsQueue16RobotInstructionES3_ET1_T0_S5_S4_
                0x0000000008003566       0x46 ./Core/Src/main.o
                0x0000000008003566                ActionsQueue::RobotInstruction** std::__copy_move_backward_a<false, ActionsQueue::RobotInstruction**, ActionsQueue::RobotInstruction**>(ActionsQueue::RobotInstruction**, ActionsQueue::RobotInstruction**, ActionsQueue::RobotInstruction**)
 .text._ZSt12__niter_baseIPPN12ActionsQueue16RobotInstructionEET_S4_
                0x00000000080035ac       0x16 ./Core/Src/main.o
                0x00000000080035ac                ActionsQueue::RobotInstruction** std::__niter_base<ActionsQueue::RobotInstruction**>(ActionsQueue::RobotInstruction**)
 .text._ZSt14__copy_move_a1ILb0EPPN12ActionsQueue16RobotInstructionES3_ET1_T0_S5_S4_
                0x00000000080035c2       0x20 ./Core/Src/main.o
                0x00000000080035c2                ActionsQueue::RobotInstruction** std::__copy_move_a1<false, ActionsQueue::RobotInstruction**, ActionsQueue::RobotInstruction**>(ActionsQueue::RobotInstruction**, ActionsQueue::RobotInstruction**, ActionsQueue::RobotInstruction**)
 .text._ZSt12__niter_wrapIPPN12ActionsQueue16RobotInstructionEET_RKS4_S4_
                0x00000000080035e2       0x18 ./Core/Src/main.o
                0x00000000080035e2                ActionsQueue::RobotInstruction** std::__niter_wrap<ActionsQueue::RobotInstruction**>(ActionsQueue::RobotInstruction** const&, ActionsQueue::RobotInstruction**)
 .text._ZSt23__copy_move_backward_a1ILb0EPPN12ActionsQueue16RobotInstructionES3_ET1_T0_S5_S4_
                0x00000000080035fa       0x20 ./Core/Src/main.o
                0x00000000080035fa                ActionsQueue::RobotInstruction** std::__copy_move_backward_a1<false, ActionsQueue::RobotInstruction**, ActionsQueue::RobotInstruction**>(ActionsQueue::RobotInstruction**, ActionsQueue::RobotInstruction**, ActionsQueue::RobotInstruction**)
 .text._ZSt14__copy_move_a2ILb0EPPN12ActionsQueue16RobotInstructionES3_ET1_T0_S5_S4_
                0x000000000800361a       0x20 ./Core/Src/main.o
                0x000000000800361a                ActionsQueue::RobotInstruction** std::__copy_move_a2<false, ActionsQueue::RobotInstruction**, ActionsQueue::RobotInstruction**>(ActionsQueue::RobotInstruction**, ActionsQueue::RobotInstruction**, ActionsQueue::RobotInstruction**)
 .text._ZSt23__copy_move_backward_a2ILb0EPPN12ActionsQueue16RobotInstructionES3_ET1_T0_S5_S4_
                0x000000000800363a       0x20 ./Core/Src/main.o
                0x000000000800363a                ActionsQueue::RobotInstruction** std::__copy_move_backward_a2<false, ActionsQueue::RobotInstruction**, ActionsQueue::RobotInstruction**>(ActionsQueue::RobotInstruction**, ActionsQueue::RobotInstruction**, ActionsQueue::RobotInstruction**)
 .text._ZNSt11__copy_moveILb0ELb1ESt26random_access_iterator_tagE8__copy_mIPN12ActionsQueue16RobotInstructionEEEPT_PKS6_S9_S7_
                0x000000000800365a       0x3a ./Core/Src/main.o
                0x000000000800365a                ActionsQueue::RobotInstruction** std::__copy_move<false, true, std::random_access_iterator_tag>::__copy_m<ActionsQueue::RobotInstruction*>(ActionsQueue::RobotInstruction* const*, ActionsQueue::RobotInstruction* const*, ActionsQueue::RobotInstruction**)
 .text._ZNSt20__copy_move_backwardILb0ELb1ESt26random_access_iterator_tagE13__copy_move_bIPN12ActionsQueue16RobotInstructionEEEPT_PKS6_S9_S7_
                0x0000000008003694       0x44 ./Core/Src/main.o
                0x0000000008003694                ActionsQueue::RobotInstruction** std::__copy_move_backward<false, true, std::random_access_iterator_tag>::__copy_move_b<ActionsQueue::RobotInstruction*>(ActionsQueue::RobotInstruction* const*, ActionsQueue::RobotInstruction* const*, ActionsQueue::RobotInstruction**)
 .text._ZN12ActionsQueueD2Ev
                0x00000000080036d8       0x24 ./Core/Src/main.o
                0x00000000080036d8                ActionsQueue::~ActionsQueue()
                0x00000000080036d8                ActionsQueue::~ActionsQueue()
 .text._Z41__static_initialization_and_destruction_0ii
                0x00000000080036fc       0x44 ./Core/Src/main.o
 .text._GLOBAL__sub_I__Z9constrainlll
                0x0000000008003740       0x10 ./Core/Src/main.o
 .text._GLOBAL__sub_D__Z9constrainlll
                0x0000000008003750       0x10 ./Core/Src/main.o
 .text.HAL_MspInit
                0x0000000008003760       0x50 ./Core/Src/stm32f4xx_hal_msp.o
                0x0000000008003760                HAL_MspInit
 .text.HAL_I2C_MspInit
                0x00000000080037b0       0xb0 ./Core/Src/stm32f4xx_hal_msp.o
                0x00000000080037b0                HAL_I2C_MspInit
 .text.HAL_TIM_Base_MspInit
                0x0000000008003860       0x80 ./Core/Src/stm32f4xx_hal_msp.o
                0x0000000008003860                HAL_TIM_Base_MspInit
 .text.HAL_TIM_Encoder_MspInit
                0x00000000080038e0      0x134 ./Core/Src/stm32f4xx_hal_msp.o
                0x00000000080038e0                HAL_TIM_Encoder_MspInit
 .text.HAL_TIM_PWM_MspInit
                0x0000000008003a14       0x50 ./Core/Src/stm32f4xx_hal_msp.o
                0x0000000008003a14                HAL_TIM_PWM_MspInit
 .text.HAL_TIM_MspPostInit
                0x0000000008003a64       0xb4 ./Core/Src/stm32f4xx_hal_msp.o
                0x0000000008003a64                HAL_TIM_MspPostInit
 .text.HAL_UART_MspInit
                0x0000000008003b18       0xa0 ./Core/Src/stm32f4xx_hal_msp.o
                0x0000000008003b18                HAL_UART_MspInit
 .text.HAL_UART_MspDeInit
                0x0000000008003bb8       0x40 ./Core/Src/stm32f4xx_hal_msp.o
                0x0000000008003bb8                HAL_UART_MspDeInit
 .text.NMI_Handler
                0x0000000008003bf8        0x6 ./Core/Src/stm32f4xx_it.o
                0x0000000008003bf8                NMI_Handler
 .text.HardFault_Handler
                0x0000000008003bfe        0x6 ./Core/Src/stm32f4xx_it.o
                0x0000000008003bfe                HardFault_Handler
 .text.MemManage_Handler
                0x0000000008003c04        0x6 ./Core/Src/stm32f4xx_it.o
                0x0000000008003c04                MemManage_Handler
 .text.BusFault_Handler
                0x0000000008003c0a        0x6 ./Core/Src/stm32f4xx_it.o
                0x0000000008003c0a                BusFault_Handler
 .text.UsageFault_Handler
                0x0000000008003c10        0x6 ./Core/Src/stm32f4xx_it.o
                0x0000000008003c10                UsageFault_Handler
 .text.SVC_Handler
                0x0000000008003c16        0xe ./Core/Src/stm32f4xx_it.o
                0x0000000008003c16                SVC_Handler
 .text.DebugMon_Handler
                0x0000000008003c24        0xe ./Core/Src/stm32f4xx_it.o
                0x0000000008003c24                DebugMon_Handler
 .text.PendSV_Handler
                0x0000000008003c32        0xe ./Core/Src/stm32f4xx_it.o
                0x0000000008003c32                PendSV_Handler
 .text.SysTick_Handler
                0x0000000008003c40        0xc ./Core/Src/stm32f4xx_it.o
                0x0000000008003c40                SysTick_Handler
 .text.TIM1_BRK_TIM9_IRQHandler
                0x0000000008003c4c       0x14 ./Core/Src/stm32f4xx_it.o
                0x0000000008003c4c                TIM1_BRK_TIM9_IRQHandler
 .text.TIM1_UP_TIM10_IRQHandler
                0x0000000008003c60       0x14 ./Core/Src/stm32f4xx_it.o
                0x0000000008003c60                TIM1_UP_TIM10_IRQHandler
 .text.TIM1_TRG_COM_TIM11_IRQHandler
                0x0000000008003c74       0x14 ./Core/Src/stm32f4xx_it.o
                0x0000000008003c74                TIM1_TRG_COM_TIM11_IRQHandler
 .text.TIM1_CC_IRQHandler
                0x0000000008003c88       0x14 ./Core/Src/stm32f4xx_it.o
                0x0000000008003c88                TIM1_CC_IRQHandler
 .text.TIM3_IRQHandler
                0x0000000008003c9c       0x14 ./Core/Src/stm32f4xx_it.o
                0x0000000008003c9c                TIM3_IRQHandler
 .text.I2C1_EV_IRQHandler
                0x0000000008003cb0       0x14 ./Core/Src/stm32f4xx_it.o
                0x0000000008003cb0                I2C1_EV_IRQHandler
 .text.I2C1_ER_IRQHandler
                0x0000000008003cc4       0x14 ./Core/Src/stm32f4xx_it.o
                0x0000000008003cc4                I2C1_ER_IRQHandler
 .text.USART2_IRQHandler
                0x0000000008003cd8       0x14 ./Core/Src/stm32f4xx_it.o
                0x0000000008003cd8                USART2_IRQHandler
 .text._getpid  0x0000000008003cec       0x10 ./Core/Src/syscalls.o
                0x0000000008003cec                _getpid
 .text._kill    0x0000000008003cfc       0x20 ./Core/Src/syscalls.o
                0x0000000008003cfc                _kill
 .text._exit    0x0000000008003d1c       0x14 ./Core/Src/syscalls.o
                0x0000000008003d1c                _exit
 .text._read    0x0000000008003d30       0x3a ./Core/Src/syscalls.o
                0x0000000008003d30                _read
 .text._write   0x0000000008003d6a       0x38 ./Core/Src/syscalls.o
                0x0000000008003d6a                _write
 .text._close   0x0000000008003da2       0x18 ./Core/Src/syscalls.o
                0x0000000008003da2                _close
 .text._fstat   0x0000000008003dba       0x20 ./Core/Src/syscalls.o
                0x0000000008003dba                _fstat
 .text._isatty  0x0000000008003dda       0x16 ./Core/Src/syscalls.o
                0x0000000008003dda                _isatty
 .text._lseek   0x0000000008003df0       0x1a ./Core/Src/syscalls.o
                0x0000000008003df0                _lseek
 *fill*         0x0000000008003e0a        0x2 
 .text._sbrk    0x0000000008003e0c       0x6c ./Core/Src/sysmem.o
                0x0000000008003e0c                _sbrk
 .text.SystemInit
                0x0000000008003e78       0x24 ./Core/Src/system_stm32f4xx.o
                0x0000000008003e78                SystemInit
 .text.Reset_Handler
                0x0000000008003e9c       0x50 ./Core/Startup/startup_stm32f411ceux.o
                0x0000000008003e9c                Reset_Handler
 .text.Default_Handler
                0x0000000008003eec        0x2 ./Core/Startup/startup_stm32f411ceux.o
                0x0000000008003eec                RTC_Alarm_IRQHandler
                0x0000000008003eec                EXTI2_IRQHandler
                0x0000000008003eec                SPI4_IRQHandler
                0x0000000008003eec                DMA2_Stream5_IRQHandler
                0x0000000008003eec                DMA1_Stream5_IRQHandler
                0x0000000008003eec                PVD_IRQHandler
                0x0000000008003eec                SDIO_IRQHandler
                0x0000000008003eec                TAMP_STAMP_IRQHandler
                0x0000000008003eec                EXTI3_IRQHandler
                0x0000000008003eec                I2C3_ER_IRQHandler
                0x0000000008003eec                EXTI0_IRQHandler
                0x0000000008003eec                I2C2_EV_IRQHandler
                0x0000000008003eec                DMA1_Stream2_IRQHandler
                0x0000000008003eec                FPU_IRQHandler
                0x0000000008003eec                DMA2_Stream2_IRQHandler
                0x0000000008003eec                SPI1_IRQHandler
                0x0000000008003eec                DMA2_Stream3_IRQHandler
                0x0000000008003eec                USART6_IRQHandler
                0x0000000008003eec                DMA2_Stream0_IRQHandler
                0x0000000008003eec                TIM4_IRQHandler
                0x0000000008003eec                DMA1_Stream6_IRQHandler
                0x0000000008003eec                DMA1_Stream1_IRQHandler
                0x0000000008003eec                RCC_IRQHandler
                0x0000000008003eec                Default_Handler
                0x0000000008003eec                EXTI15_10_IRQHandler
                0x0000000008003eec                ADC_IRQHandler
                0x0000000008003eec                DMA1_Stream7_IRQHandler
                0x0000000008003eec                SPI5_IRQHandler
                0x0000000008003eec                TIM5_IRQHandler
                0x0000000008003eec                DMA2_Stream7_IRQHandler
                0x0000000008003eec                I2C3_EV_IRQHandler
                0x0000000008003eec                EXTI9_5_IRQHandler
                0x0000000008003eec                RTC_WKUP_IRQHandler
                0x0000000008003eec                SPI2_IRQHandler
                0x0000000008003eec                DMA1_Stream0_IRQHandler
                0x0000000008003eec                EXTI4_IRQHandler
                0x0000000008003eec                WWDG_IRQHandler
                0x0000000008003eec                TIM2_IRQHandler
                0x0000000008003eec                OTG_FS_WKUP_IRQHandler
                0x0000000008003eec                EXTI1_IRQHandler
                0x0000000008003eec                I2C2_ER_IRQHandler
                0x0000000008003eec                DMA2_Stream1_IRQHandler
                0x0000000008003eec                FLASH_IRQHandler
                0x0000000008003eec                DMA2_Stream4_IRQHandler
                0x0000000008003eec                USART1_IRQHandler
                0x0000000008003eec                OTG_FS_IRQHandler
                0x0000000008003eec                SPI3_IRQHandler
                0x0000000008003eec                DMA1_Stream4_IRQHandler
                0x0000000008003eec                DMA2_Stream6_IRQHandler
                0x0000000008003eec                DMA1_Stream3_IRQHandler
 *fill*         0x0000000008003eee        0x2 
 .text.HAL_Init
                0x0000000008003ef0       0x44 ./Drivers/STM32F4xx_HAL_Driver/Src/stm32f4xx_hal.o
                0x0000000008003ef0                HAL_Init
 .text.HAL_InitTick
                0x0000000008003f34       0x60 ./Drivers/STM32F4xx_HAL_Driver/Src/stm32f4xx_hal.o
                0x0000000008003f34                HAL_InitTick
 .text.HAL_IncTick
                0x0000000008003f94       0x28 ./Drivers/STM32F4xx_HAL_Driver/Src/stm32f4xx_hal.o
                0x0000000008003f94                HAL_IncTick
 .text.HAL_GetTick
                0x0000000008003fbc       0x18 ./Drivers/STM32F4xx_HAL_Driver/Src/stm32f4xx_hal.o
                0x0000000008003fbc                HAL_GetTick
 .text.HAL_Delay
                0x0000000008003fd4       0x48 ./Drivers/STM32F4xx_HAL_Driver/Src/stm32f4xx_hal.o
                0x0000000008003fd4                HAL_Delay
 .text.__NVIC_SetPriorityGrouping
                0x000000000800401c       0x48 ./Drivers/STM32F4xx_HAL_Driver/Src/stm32f4xx_hal_cortex.o
 .text.__NVIC_GetPriorityGrouping
                0x0000000008004064       0x1c ./Drivers/STM32F4xx_HAL_Driver/Src/stm32f4xx_hal_cortex.o
 .text.__NVIC_EnableIRQ
                0x0000000008004080       0x3c ./Drivers/STM32F4xx_HAL_Driver/Src/stm32f4xx_hal_cortex.o
 .text.__NVIC_DisableIRQ
                0x00000000080040bc       0x48 ./Drivers/STM32F4xx_HAL_Driver/Src/stm32f4xx_hal_cortex.o
 .text.__NVIC_SetPriority
                0x0000000008004104       0x54 ./Drivers/STM32F4xx_HAL_Driver/Src/stm32f4xx_hal_cortex.o
 .text.NVIC_EncodePriority
                0x0000000008004158       0x66 ./Drivers/STM32F4xx_HAL_Driver/Src/stm32f4xx_hal_cortex.o
 *fill*         0x00000000080041be        0x2 
 .text.SysTick_Config
                0x00000000080041c0       0x44 ./Drivers/STM32F4xx_HAL_Driver/Src/stm32f4xx_hal_cortex.o
 .text.HAL_NVIC_SetPriorityGrouping
                0x0000000008004204       0x16 ./Drivers/STM32F4xx_HAL_Driver/Src/stm32f4xx_hal_cortex.o
                0x0000000008004204                HAL_NVIC_SetPriorityGrouping
 .text.HAL_NVIC_SetPriority
                0x000000000800421a       0x38 ./Drivers/STM32F4xx_HAL_Driver/Src/stm32f4xx_hal_cortex.o
                0x000000000800421a                HAL_NVIC_SetPriority
 .text.HAL_NVIC_EnableIRQ
                0x0000000008004252       0x1c ./Drivers/STM32F4xx_HAL_Driver/Src/stm32f4xx_hal_cortex.o
                0x0000000008004252                HAL_NVIC_EnableIRQ
 .text.HAL_NVIC_DisableIRQ
                0x000000000800426e       0x1c ./Drivers/STM32F4xx_HAL_Driver/Src/stm32f4xx_hal_cortex.o
                0x000000000800426e                HAL_NVIC_DisableIRQ
 .text.HAL_SYSTICK_Config
                0x000000000800428a       0x18 ./Drivers/STM32F4xx_HAL_Driver/Src/stm32f4xx_hal_cortex.o
                0x000000000800428a                HAL_SYSTICK_Config
 .text.HAL_DMA_Abort
                0x00000000080042a2       0xe0 ./Drivers/STM32F4xx_HAL_Driver/Src/stm32f4xx_hal_dma.o
                0x00000000080042a2                HAL_DMA_Abort
 .text.HAL_DMA_Abort_IT
                0x0000000008004382       0x44 ./Drivers/STM32F4xx_HAL_Driver/Src/stm32f4xx_hal_dma.o
                0x0000000008004382                HAL_DMA_Abort_IT
 .text.HAL_DMA_GetState
                0x00000000080043c6       0x1c ./Drivers/STM32F4xx_HAL_Driver/Src/stm32f4xx_hal_dma.o
                0x00000000080043c6                HAL_DMA_GetState
 *fill*         0x00000000080043e2        0x2 
 .text.HAL_GPIO_Init
                0x00000000080043e4      0x308 ./Drivers/STM32F4xx_HAL_Driver/Src/stm32f4xx_hal_gpio.o
                0x00000000080043e4                HAL_GPIO_Init
 .text.HAL_GPIO_DeInit
                0x00000000080046ec      0x1c8 ./Drivers/STM32F4xx_HAL_Driver/Src/stm32f4xx_hal_gpio.o
                0x00000000080046ec                HAL_GPIO_DeInit
 .text.HAL_GPIO_WritePin
                0x00000000080048b4       0x32 ./Drivers/STM32F4xx_HAL_Driver/Src/stm32f4xx_hal_gpio.o
                0x00000000080048b4                HAL_GPIO_WritePin
 *fill*         0x00000000080048e6        0x2 
 .text.HAL_I2C_Init
                0x00000000080048e8      0x288 ./Drivers/STM32F4xx_HAL_Driver/Src/stm32f4xx_hal_i2c.o
                0x00000000080048e8                HAL_I2C_Init
 .text.HAL_I2C_EV_IRQHandler
                0x0000000008004b70      0x2e2 ./Drivers/STM32F4xx_HAL_Driver/Src/stm32f4xx_hal_i2c.o
                0x0000000008004b70                HAL_I2C_EV_IRQHandler
 .text.HAL_I2C_ER_IRQHandler
                0x0000000008004e52      0x14e ./Drivers/STM32F4xx_HAL_Driver/Src/stm32f4xx_hal_i2c.o
                0x0000000008004e52                HAL_I2C_ER_IRQHandler
 .text.HAL_I2C_MasterTxCpltCallback
                0x0000000008004fa0       0x14 ./Drivers/STM32F4xx_HAL_Driver/Src/stm32f4xx_hal_i2c.o
                0x0000000008004fa0                HAL_I2C_MasterTxCpltCallback
 .text.HAL_I2C_MasterRxCpltCallback
                0x0000000008004fb4       0x14 ./Drivers/STM32F4xx_HAL_Driver/Src/stm32f4xx_hal_i2c.o
                0x0000000008004fb4                HAL_I2C_MasterRxCpltCallback
 .text.HAL_I2C_SlaveTxCpltCallback
                0x0000000008004fc8       0x14 ./Drivers/STM32F4xx_HAL_Driver/Src/stm32f4xx_hal_i2c.o
                0x0000000008004fc8                HAL_I2C_SlaveTxCpltCallback
 .text.HAL_I2C_SlaveRxCpltCallback
                0x0000000008004fdc       0x14 ./Drivers/STM32F4xx_HAL_Driver/Src/stm32f4xx_hal_i2c.o
                0x0000000008004fdc                HAL_I2C_SlaveRxCpltCallback
 .text.HAL_I2C_AddrCallback
                0x0000000008004ff0       0x1c ./Drivers/STM32F4xx_HAL_Driver/Src/stm32f4xx_hal_i2c.o
                0x0000000008004ff0                HAL_I2C_AddrCallback
 .text.HAL_I2C_ListenCpltCallback
                0x000000000800500c       0x14 ./Drivers/STM32F4xx_HAL_Driver/Src/stm32f4xx_hal_i2c.o
                0x000000000800500c                HAL_I2C_ListenCpltCallback
 .text.HAL_I2C_MemTxCpltCallback
                0x0000000008005020       0x14 ./Drivers/STM32F4xx_HAL_Driver/Src/stm32f4xx_hal_i2c.o
                0x0000000008005020                HAL_I2C_MemTxCpltCallback
 .text.HAL_I2C_MemRxCpltCallback
                0x0000000008005034       0x14 ./Drivers/STM32F4xx_HAL_Driver/Src/stm32f4xx_hal_i2c.o
                0x0000000008005034                HAL_I2C_MemRxCpltCallback
 .text.HAL_I2C_ErrorCallback
                0x0000000008005048       0x14 ./Drivers/STM32F4xx_HAL_Driver/Src/stm32f4xx_hal_i2c.o
                0x0000000008005048                HAL_I2C_ErrorCallback
 .text.HAL_I2C_AbortCpltCallback
                0x000000000800505c       0x14 ./Drivers/STM32F4xx_HAL_Driver/Src/stm32f4xx_hal_i2c.o
                0x000000000800505c                HAL_I2C_AbortCpltCallback
 .text.I2C_MasterTransmit_TXE
                0x0000000008005070      0x138 ./Drivers/STM32F4xx_HAL_Driver/Src/stm32f4xx_hal_i2c.o
 .text.I2C_MasterTransmit_BTF
                0x00000000080051a8       0xec ./Drivers/STM32F4xx_HAL_Driver/Src/stm32f4xx_hal_i2c.o
 .text.I2C_MemoryTransmit_TXE_BTF
                0x0000000008005294      0x128 ./Drivers/STM32F4xx_HAL_Driver/Src/stm32f4xx_hal_i2c.o
 .text.I2C_MasterReceive_RXNE
                0x00000000080053bc      0x176 ./Drivers/STM32F4xx_HAL_Driver/Src/stm32f4xx_hal_i2c.o
 .text.I2C_MasterReceive_BTF
                0x0000000008005532      0x1d4 ./Drivers/STM32F4xx_HAL_Driver/Src/stm32f4xx_hal_i2c.o
 .text.I2C_Master_SB
                0x0000000008005706      0x10c ./Drivers/STM32F4xx_HAL_Driver/Src/stm32f4xx_hal_i2c.o
 .text.I2C_Master_ADD10
                0x0000000008005812       0x54 ./Drivers/STM32F4xx_HAL_Driver/Src/stm32f4xx_hal_i2c.o
 .text.I2C_Master_ADDR
                0x0000000008005866      0x322 ./Drivers/STM32F4xx_HAL_Driver/Src/stm32f4xx_hal_i2c.o
 .text.I2C_SlaveTransmit_TXE
                0x0000000008005b88       0x7a ./Drivers/STM32F4xx_HAL_Driver/Src/stm32f4xx_hal_i2c.o
 .text.I2C_SlaveTransmit_BTF
                0x0000000008005c02       0x42 ./Drivers/STM32F4xx_HAL_Driver/Src/stm32f4xx_hal_i2c.o
 .text.I2C_SlaveReceive_RXNE
                0x0000000008005c44       0x7c ./Drivers/STM32F4xx_HAL_Driver/Src/stm32f4xx_hal_i2c.o
 .text.I2C_SlaveReceive_BTF
                0x0000000008005cc0       0x44 ./Drivers/STM32F4xx_HAL_Driver/Src/stm32f4xx_hal_i2c.o
 .text.I2C_Slave_ADDR
                0x0000000008005d04       0x94 ./Drivers/STM32F4xx_HAL_Driver/Src/stm32f4xx_hal_i2c.o
 .text.I2C_Slave_STOPF
                0x0000000008005d98      0x260 ./Drivers/STM32F4xx_HAL_Driver/Src/stm32f4xx_hal_i2c.o
 .text.I2C_Slave_AF
                0x0000000008005ff8       0xe0 ./Drivers/STM32F4xx_HAL_Driver/Src/stm32f4xx_hal_i2c.o
 .text.I2C_ITError
                0x00000000080060d8      0x264 ./Drivers/STM32F4xx_HAL_Driver/Src/stm32f4xx_hal_i2c.o
 .text.I2C_DMAAbort
                0x000000000800633c      0x150 ./Drivers/STM32F4xx_HAL_Driver/Src/stm32f4xx_hal_i2c.o
 .text.I2C_WaitOnSTOPRequestThroughIT
                0x000000000800648c       0x64 ./Drivers/STM32F4xx_HAL_Driver/Src/stm32f4xx_hal_i2c.o
 .text.I2C_ConvertOtherXferOptions
                0x00000000080064f0       0x36 ./Drivers/STM32F4xx_HAL_Driver/Src/stm32f4xx_hal_i2c.o
 *fill*         0x0000000008006526        0x2 
 .text.HAL_RCC_OscConfig
                0x0000000008006528      0x4f0 ./Drivers/STM32F4xx_HAL_Driver/Src/stm32f4xx_hal_rcc.o
                0x0000000008006528                HAL_RCC_OscConfig
 .text.HAL_RCC_ClockConfig
                0x0000000008006a18      0x1cc ./Drivers/STM32F4xx_HAL_Driver/Src/stm32f4xx_hal_rcc.o
                0x0000000008006a18                HAL_RCC_ClockConfig
 .text.HAL_RCC_GetSysClockFreq
                0x0000000008006be4      0x18c ./Drivers/STM32F4xx_HAL_Driver/Src/stm32f4xx_hal_rcc.o
                0x0000000008006be4                HAL_RCC_GetSysClockFreq
 .text.HAL_RCC_GetHCLKFreq
                0x0000000008006d70       0x18 ./Drivers/STM32F4xx_HAL_Driver/Src/stm32f4xx_hal_rcc.o
                0x0000000008006d70                HAL_RCC_GetHCLKFreq
 .text.HAL_RCC_GetPCLK1Freq
                0x0000000008006d88       0x28 ./Drivers/STM32F4xx_HAL_Driver/Src/stm32f4xx_hal_rcc.o
                0x0000000008006d88                HAL_RCC_GetPCLK1Freq
 .text.HAL_RCC_GetPCLK2Freq
                0x0000000008006db0       0x28 ./Drivers/STM32F4xx_HAL_Driver/Src/stm32f4xx_hal_rcc.o
                0x0000000008006db0                HAL_RCC_GetPCLK2Freq
 .text.HAL_TIM_Base_Init
                0x0000000008006dd8       0x9e ./Drivers/STM32F4xx_HAL_Driver/Src/stm32f4xx_hal_tim.o
                0x0000000008006dd8                HAL_TIM_Base_Init
 *fill*         0x0000000008006e76        0x2 
 .text.HAL_TIM_Base_Start_IT
                0x0000000008006e78       0xc4 ./Drivers/STM32F4xx_HAL_Driver/Src/stm32f4xx_hal_tim.o
                0x0000000008006e78                HAL_TIM_Base_Start_IT
 .text.HAL_TIM_PWM_Init
                0x0000000008006f3c       0x9e ./Drivers/STM32F4xx_HAL_Driver/Src/stm32f4xx_hal_tim.o
                0x0000000008006f3c                HAL_TIM_PWM_Init
 *fill*         0x0000000008006fda        0x2 
 .text.HAL_TIM_PWM_Start
                0x0000000008006fdc      0x160 ./Drivers/STM32F4xx_HAL_Driver/Src/stm32f4xx_hal_tim.o
                0x0000000008006fdc                HAL_TIM_PWM_Start
 .text.HAL_TIM_Encoder_Init
                0x000000000800713c      0x14c ./Drivers/STM32F4xx_HAL_Driver/Src/stm32f4xx_hal_tim.o
                0x000000000800713c                HAL_TIM_Encoder_Init
 .text.HAL_TIM_Encoder_Start
                0x0000000008007288      0x11c ./Drivers/STM32F4xx_HAL_Driver/Src/stm32f4xx_hal_tim.o
                0x0000000008007288                HAL_TIM_Encoder_Start
 .text.HAL_TIM_IRQHandler
                0x00000000080073a4      0x210 ./Drivers/STM32F4xx_HAL_Driver/Src/stm32f4xx_hal_tim.o
                0x00000000080073a4                HAL_TIM_IRQHandler
 .text.HAL_TIM_PWM_ConfigChannel
                0x00000000080075b4      0x184 ./Drivers/STM32F4xx_HAL_Driver/Src/stm32f4xx_hal_tim.o
                0x00000000080075b4                HAL_TIM_PWM_ConfigChannel
 .text.HAL_TIM_ConfigClockSource
                0x0000000008007738      0x18e ./Drivers/STM32F4xx_HAL_Driver/Src/stm32f4xx_hal_tim.o
                0x0000000008007738                HAL_TIM_ConfigClockSource
 .text.HAL_TIM_OC_DelayElapsedCallback
                0x00000000080078c6       0x14 ./Drivers/STM32F4xx_HAL_Driver/Src/stm32f4xx_hal_tim.o
                0x00000000080078c6                HAL_TIM_OC_DelayElapsedCallback
 .text.HAL_TIM_IC_CaptureCallback
                0x00000000080078da       0x14 ./Drivers/STM32F4xx_HAL_Driver/Src/stm32f4xx_hal_tim.o
                0x00000000080078da                HAL_TIM_IC_CaptureCallback
 .text.HAL_TIM_PWM_PulseFinishedCallback
                0x00000000080078ee       0x14 ./Drivers/STM32F4xx_HAL_Driver/Src/stm32f4xx_hal_tim.o
                0x00000000080078ee                HAL_TIM_PWM_PulseFinishedCallback
 .text.HAL_TIM_TriggerCallback
                0x0000000008007902       0x14 ./Drivers/STM32F4xx_HAL_Driver/Src/stm32f4xx_hal_tim.o
                0x0000000008007902                HAL_TIM_TriggerCallback
 *fill*         0x0000000008007916        0x2 
 .text.TIM_Base_SetConfig
                0x0000000008007918      0x100 ./Drivers/STM32F4xx_HAL_Driver/Src/stm32f4xx_hal_tim.o
                0x0000000008007918                TIM_Base_SetConfig
 .text.TIM_OC1_SetConfig
                0x0000000008007a18       0xcc ./Drivers/STM32F4xx_HAL_Driver/Src/stm32f4xx_hal_tim.o
 .text.TIM_OC2_SetConfig
                0x0000000008007ae4       0xd8 ./Drivers/STM32F4xx_HAL_Driver/Src/stm32f4xx_hal_tim.o
                0x0000000008007ae4                TIM_OC2_SetConfig
 .text.TIM_OC3_SetConfig
                0x0000000008007bbc       0xd4 ./Drivers/STM32F4xx_HAL_Driver/Src/stm32f4xx_hal_tim.o
 .text.TIM_OC4_SetConfig
                0x0000000008007c90       0xa0 ./Drivers/STM32F4xx_HAL_Driver/Src/stm32f4xx_hal_tim.o
 .text.TIM_TI1_ConfigInputStage
                0x0000000008007d30       0x5e ./Drivers/STM32F4xx_HAL_Driver/Src/stm32f4xx_hal_tim.o
 .text.TIM_TI2_ConfigInputStage
                0x0000000008007d8e       0x60 ./Drivers/STM32F4xx_HAL_Driver/Src/stm32f4xx_hal_tim.o
 .text.TIM_ITRx_SetConfig
                0x0000000008007dee       0x36 ./Drivers/STM32F4xx_HAL_Driver/Src/stm32f4xx_hal_tim.o
 .text.TIM_ETR_SetConfig
                0x0000000008007e24       0x40 ./Drivers/STM32F4xx_HAL_Driver/Src/stm32f4xx_hal_tim.o
                0x0000000008007e24                TIM_ETR_SetConfig
 .text.TIM_CCxChannelCmd
                0x0000000008007e64       0x4a ./Drivers/STM32F4xx_HAL_Driver/Src/stm32f4xx_hal_tim.o
                0x0000000008007e64                TIM_CCxChannelCmd
 *fill*         0x0000000008007eae        0x2 
 .text.HAL_TIMEx_MasterConfigSynchronization
                0x0000000008007eb0       0xdc ./Drivers/STM32F4xx_HAL_Driver/Src/stm32f4xx_hal_tim_ex.o
                0x0000000008007eb0                HAL_TIMEx_MasterConfigSynchronization
 .text.HAL_TIMEx_CommutCallback
                0x0000000008007f8c       0x14 ./Drivers/STM32F4xx_HAL_Driver/Src/stm32f4xx_hal_tim_ex.o
                0x0000000008007f8c                HAL_TIMEx_CommutCallback
 .text.HAL_TIMEx_BreakCallback
                0x0000000008007fa0       0x14 ./Drivers/STM32F4xx_HAL_Driver/Src/stm32f4xx_hal_tim_ex.o
                0x0000000008007fa0                HAL_TIMEx_BreakCallback
 .text.HAL_UART_Init
                0x0000000008007fb4       0x9a ./Drivers/STM32F4xx_HAL_Driver/Src/stm32f4xx_hal_uart.o
                0x0000000008007fb4                HAL_UART_Init
 .text.HAL_UART_DeInit
                0x000000000800804e       0x5e ./Drivers/STM32F4xx_HAL_Driver/Src/stm32f4xx_hal_uart.o
                0x000000000800804e                HAL_UART_DeInit
 .text.HAL_UART_Transmit
                0x00000000080080ac      0x124 ./Drivers/STM32F4xx_HAL_Driver/Src/stm32f4xx_hal_uart.o
                0x00000000080080ac                HAL_UART_Transmit
 .text.HAL_UART_Receive
                0x00000000080081d0      0x144 ./Drivers/STM32F4xx_HAL_Driver/Src/stm32f4xx_hal_uart.o
                0x00000000080081d0                HAL_UART_Receive
 .text.HAL_UART_IRQHandler
                0x0000000008008314      0x51c ./Drivers/STM32F4xx_HAL_Driver/Src/stm32f4xx_hal_uart.o
                0x0000000008008314                HAL_UART_IRQHandler
 .text.HAL_UART_TxCpltCallback
                0x0000000008008830       0x14 ./Drivers/STM32F4xx_HAL_Driver/Src/stm32f4xx_hal_uart.o
                0x0000000008008830                HAL_UART_TxCpltCallback
 .text.HAL_UART_RxCpltCallback
                0x0000000008008844       0x14 ./Drivers/STM32F4xx_HAL_Driver/Src/stm32f4xx_hal_uart.o
                0x0000000008008844                HAL_UART_RxCpltCallback
 .text.HAL_UART_ErrorCallback
                0x0000000008008858       0x14 ./Drivers/STM32F4xx_HAL_Driver/Src/stm32f4xx_hal_uart.o
                0x0000000008008858                HAL_UART_ErrorCallback
 .text.HAL_UARTEx_RxEventCallback
                0x000000000800886c       0x18 ./Drivers/STM32F4xx_HAL_Driver/Src/stm32f4xx_hal_uart.o
                0x000000000800886c                HAL_UARTEx_RxEventCallback
 .text.UART_WaitOnFlagUntilTimeout
                0x0000000008008884       0xdc ./Drivers/STM32F4xx_HAL_Driver/Src/stm32f4xx_hal_uart.o
 .text.UART_EndRxTransfer
                0x0000000008008960       0xc6 ./Drivers/STM32F4xx_HAL_Driver/Src/stm32f4xx_hal_uart.o
 .text.UART_DMAAbortOnError
                0x0000000008008a26       0x28 ./Drivers/STM32F4xx_HAL_Driver/Src/stm32f4xx_hal_uart.o
 .text.UART_Transmit_IT
                0x0000000008008a4e       0xa0 ./Drivers/STM32F4xx_HAL_Driver/Src/stm32f4xx_hal_uart.o
 .text.UART_EndTransmit_IT
                0x0000000008008aee       0x30 ./Drivers/STM32F4xx_HAL_Driver/Src/stm32f4xx_hal_uart.o
 .text.UART_Receive_IT
                0x0000000008008b1e      0x176 ./Drivers/STM32F4xx_HAL_Driver/Src/stm32f4xx_hal_uart.o
 .text.UART_SetConfig
                0x0000000008008c94      0x4e8 ./Drivers/STM32F4xx_HAL_Driver/Src/stm32f4xx_hal_uart.o
 .text._ZdlPvj  0x000000000800917c        0x4 c:/st/stm32cubeide_1.12.1/stm32cubeide/plugins/com.st.stm32cube.ide.mcu.externaltools.gnu-tools-for-stm32.10.3-2021.10.win32_1.0.200.202301161003/tools/bin/../lib/gcc/arm-none-eabi/10.3.1/../../../../arm-none-eabi/lib/thumb/v7e-m+fp/hard\libstdc++_nano.a(del_ops.o)
                0x000000000800917c                operator delete(void*, unsigned int)
 .text._Znwj    0x0000000008009180       0x22 c:/st/stm32cubeide_1.12.1/stm32cubeide/plugins/com.st.stm32cube.ide.mcu.externaltools.gnu-tools-for-stm32.10.3-2021.10.win32_1.0.200.202301161003/tools/bin/../lib/gcc/arm-none-eabi/10.3.1/../../../../arm-none-eabi/lib/thumb/v7e-m+fp/hard\libstdc++_nano.a(new_op.o)
                0x0000000008009180                operator new(unsigned int)
 .text.unlikely._ZSt17__throw_bad_allocv
                0x00000000080091a2        0x6 c:/st/stm32cubeide_1.12.1/stm32cubeide/plugins/com.st.stm32cube.ide.mcu.externaltools.gnu-tools-for-stm32.10.3-2021.10.win32_1.0.200.202301161003/tools/bin/../lib/gcc/arm-none-eabi/10.3.1/../../../../arm-none-eabi/lib/thumb/v7e-m+fp/hard\libstdc++_nano.a(functexcept.o)
                0x00000000080091a2                std::__throw_bad_alloc()
 .text.unlikely._ZSt20__throw_length_errorPKc
                0x00000000080091a8        0x6 c:/st/stm32cubeide_1.12.1/stm32cubeide/plugins/com.st.stm32cube.ide.mcu.externaltools.gnu-tools-for-stm32.10.3-2021.10.win32_1.0.200.202301161003/tools/bin/../lib/gcc/arm-none-eabi/10.3.1/../../../../arm-none-eabi/lib/thumb/v7e-m+fp/hard\libstdc++_nano.a(functexcept.o)
                0x00000000080091a8                std::__throw_length_error(char const*)
 .text._ZdlPv   0x00000000080091ae        0x4 c:/st/stm32cubeide_1.12.1/stm32cubeide/plugins/com.st.stm32cube.ide.mcu.externaltools.gnu-tools-for-stm32.10.3-2021.10.win32_1.0.200.202301161003/tools/bin/../lib/gcc/arm-none-eabi/10.3.1/../../../../arm-none-eabi/lib/thumb/v7e-m+fp/hard\libstdc++_nano.a(del_op.o)
                0x00000000080091ae                operator delete(void*)
 *fill*         0x00000000080091b2        0x2 
 .text._ZSt15get_new_handlerv
                0x00000000080091b4       0x10 c:/st/stm32cubeide_1.12.1/stm32cubeide/plugins/com.st.stm32cube.ide.mcu.externaltools.gnu-tools-for-stm32.10.3-2021.10.win32_1.0.200.202301161003/tools/bin/../lib/gcc/arm-none-eabi/10.3.1/../../../../arm-none-eabi/lib/thumb/v7e-m+fp/hard\libstdc++_nano.a(new_handler.o)
                0x00000000080091b4                std::get_new_handler()
 *fill*         0x00000000080091c4        0x4 
 .text.cos      0x00000000080091c8       0xa8 c:/st/stm32cubeide_1.12.1/stm32cubeide/plugins/com.st.stm32cube.ide.mcu.externaltools.gnu-tools-for-stm32.10.3-2021.10.win32_1.0.200.202301161003/tools/bin/../lib/gcc/arm-none-eabi/10.3.1/../../../../arm-none-eabi/lib/thumb/v7e-m+fp/hard\libm.a(lib_a-s_cos.o)
                0x00000000080091c8                cos
 .text.sin      0x0000000008009270       0xb0 c:/st/stm32cubeide_1.12.1/stm32cubeide/plugins/com.st.stm32cube.ide.mcu.externaltools.gnu-tools-for-stm32.10.3-2021.10.win32_1.0.200.202301161003/tools/bin/../lib/gcc/arm-none-eabi/10.3.1/../../../../arm-none-eabi/lib/thumb/v7e-m+fp/hard\libm.a(lib_a-s_sin.o)
                0x0000000008009270                sin
 .text.tanh     0x0000000008009320      0x10c c:/st/stm32cubeide_1.12.1/stm32cubeide/plugins/com.st.stm32cube.ide.mcu.externaltools.gnu-tools-for-stm32.10.3-2021.10.win32_1.0.200.202301161003/tools/bin/../lib/gcc/arm-none-eabi/10.3.1/../../../../arm-none-eabi/lib/thumb/v7e-m+fp/hard\libm.a(lib_a-s_tanh.o)
                0x0000000008009320                tanh
 *fill*         0x000000000800942c        0x4 
 .text.__ieee754_rem_pio2
                0x0000000008009430      0x418 c:/st/stm32cubeide_1.12.1/stm32cubeide/plugins/com.st.stm32cube.ide.mcu.externaltools.gnu-tools-for-stm32.10.3-2021.10.win32_1.0.200.202301161003/tools/bin/../lib/gcc/arm-none-eabi/10.3.1/../../../../arm-none-eabi/lib/thumb/v7e-m+fp/hard\libm.a(lib_a-e_rem_pio2.o)
                0x0000000008009430                __ieee754_rem_pio2
 .text.__kernel_cos
                0x0000000008009848      0x18c c:/st/stm32cubeide_1.12.1/stm32cubeide/plugins/com.st.stm32cube.ide.mcu.externaltools.gnu-tools-for-stm32.10.3-2021.10.win32_1.0.200.202301161003/tools/bin/../lib/gcc/arm-none-eabi/10.3.1/../../../../arm-none-eabi/lib/thumb/v7e-m+fp/hard\libm.a(lib_a-k_cos.o)
                0x0000000008009848                __kernel_cos
 *fill*         0x00000000080099d4        0x4 
 .text.__kernel_rem_pio2
                0x00000000080099d8      0x69c c:/st/stm32cubeide_1.12.1/stm32cubeide/plugins/com.st.stm32cube.ide.mcu.externaltools.gnu-tools-for-stm32.10.3-2021.10.win32_1.0.200.202301161003/tools/bin/../lib/gcc/arm-none-eabi/10.3.1/../../../../arm-none-eabi/lib/thumb/v7e-m+fp/hard\libm.a(lib_a-k_rem_pio2.o)
                0x00000000080099d8                __kernel_rem_pio2
 *fill*         0x000000000800a074        0x4 
 .text.__kernel_sin
                0x000000000800a078      0x17c c:/st/stm32cubeide_1.12.1/stm32cubeide/plugins/com.st.stm32cube.ide.mcu.externaltools.gnu-tools-for-stm32.10.3-2021.10.win32_1.0.200.202301161003/tools/bin/../lib/gcc/arm-none-eabi/10.3.1/../../../../arm-none-eabi/lib/thumb/v7e-m+fp/hard\libm.a(lib_a-k_sin.o)
                0x000000000800a078                __kernel_sin
 *fill*         0x000000000800a1f4        0x4 
 .text.expm1    0x000000000800a1f8      0x438 c:/st/stm32cubeide_1.12.1/stm32cubeide/plugins/com.st.stm32cube.ide.mcu.externaltools.gnu-tools-for-stm32.10.3-2021.10.win32_1.0.200.202301161003/tools/bin/../lib/gcc/arm-none-eabi/10.3.1/../../../../arm-none-eabi/lib/thumb/v7e-m+fp/hard\libm.a(lib_a-s_expm1.o)
                0x000000000800a1f8                expm1
 .text.fabs     0x000000000800a630       0x12 c:/st/stm32cubeide_1.12.1/stm32cubeide/plugins/com.st.stm32cube.ide.mcu.externaltools.gnu-tools-for-stm32.10.3-2021.10.win32_1.0.200.202301161003/tools/bin/../lib/gcc/arm-none-eabi/10.3.1/../../../../arm-none-eabi/lib/thumb/v7e-m+fp/hard\libm.a(lib_a-s_fabs.o)
                0x000000000800a630                fabs
 *fill*         0x000000000800a642        0x6 
 .text.floor    0x000000000800a648      0x100 c:/st/stm32cubeide_1.12.1/stm32cubeide/plugins/com.st.stm32cube.ide.mcu.externaltools.gnu-tools-for-stm32.10.3-2021.10.win32_1.0.200.202301161003/tools/bin/../lib/gcc/arm-none-eabi/10.3.1/../../../../arm-none-eabi/lib/thumb/v7e-m+fp/hard\libm.a(lib_a-s_floor.o)
                0x000000000800a648                floor
 .text.scalbn   0x000000000800a748      0x10c c:/st/stm32cubeide_1.12.1/stm32cubeide/plugins/com.st.stm32cube.ide.mcu.externaltools.gnu-tools-for-stm32.10.3-2021.10.win32_1.0.200.202301161003/tools/bin/../lib/gcc/arm-none-eabi/10.3.1/../../../../arm-none-eabi/lib/thumb/v7e-m+fp/hard\libm.a(lib_a-s_scalbn.o)
                0x000000000800a748                scalbn
 .text.with_errno
                0x000000000800a854       0x14 c:/st/stm32cubeide_1.12.1/stm32cubeide/plugins/com.st.stm32cube.ide.mcu.externaltools.gnu-tools-for-stm32.10.3-2021.10.win32_1.0.200.202301161003/tools/bin/../lib/gcc/arm-none-eabi/10.3.1/../../../../arm-none-eabi/lib/thumb/v7e-m+fp/hard\libm.a(lib_a-math_err.o)
 .text.xflow    0x000000000800a868       0x28 c:/st/stm32cubeide_1.12.1/stm32cubeide/plugins/com.st.stm32cube.ide.mcu.externaltools.gnu-tools-for-stm32.10.3-2021.10.win32_1.0.200.202301161003/tools/bin/../lib/gcc/arm-none-eabi/10.3.1/../../../../arm-none-eabi/lib/thumb/v7e-m+fp/hard\libm.a(lib_a-math_err.o)
 .text.__math_oflow
                0x000000000800a890       0x12 c:/st/stm32cubeide_1.12.1/stm32cubeide/plugins/com.st.stm32cube.ide.mcu.externaltools.gnu-tools-for-stm32.10.3-2021.10.win32_1.0.200.202301161003/tools/bin/../lib/gcc/arm-none-eabi/10.3.1/../../../../arm-none-eabi/lib/thumb/v7e-m+fp/hard\libm.a(lib_a-math_err.o)
                0x000000000800a890                __math_oflow
 .text.abort    0x000000000800a8a2        0xe c:/st/stm32cubeide_1.12.1/stm32cubeide/plugins/com.st.stm32cube.ide.mcu.externaltools.gnu-tools-for-stm32.10.3-2021.10.win32_1.0.200.202301161003/tools/bin/../lib/gcc/arm-none-eabi/10.3.1/../../../../arm-none-eabi/lib/thumb/v7e-m+fp/hard\libc_nano.a(lib_a-abort.o)
                0x000000000800a8a2                abort
 .text.__errno  0x000000000800a8b0        0xc c:/st/stm32cubeide_1.12.1/stm32cubeide/plugins/com.st.stm32cube.ide.mcu.externaltools.gnu-tools-for-stm32.10.3-2021.10.win32_1.0.200.202301161003/tools/bin/../lib/gcc/arm-none-eabi/10.3.1/../../../../arm-none-eabi/lib/thumb/v7e-m+fp/hard\libc_nano.a(lib_a-errno.o)
                0x000000000800a8b0                __errno
 .text.__libc_init_array
                0x000000000800a8bc       0x48 c:/st/stm32cubeide_1.12.1/stm32cubeide/plugins/com.st.stm32cube.ide.mcu.externaltools.gnu-tools-for-stm32.10.3-2021.10.win32_1.0.200.202301161003/tools/bin/../lib/gcc/arm-none-eabi/10.3.1/../../../../arm-none-eabi/lib/thumb/v7e-m+fp/hard\libc_nano.a(lib_a-init.o)
                0x000000000800a8bc                __libc_init_array
 .text.malloc   0x000000000800a904       0x10 c:/st/stm32cubeide_1.12.1/stm32cubeide/plugins/com.st.stm32cube.ide.mcu.externaltools.gnu-tools-for-stm32.10.3-2021.10.win32_1.0.200.202301161003/tools/bin/../lib/gcc/arm-none-eabi/10.3.1/../../../../arm-none-eabi/lib/thumb/v7e-m+fp/hard\libc_nano.a(lib_a-malloc.o)
                0x000000000800a904                malloc
 .text.free     0x000000000800a914       0x10 c:/st/stm32cubeide_1.12.1/stm32cubeide/plugins/com.st.stm32cube.ide.mcu.externaltools.gnu-tools-for-stm32.10.3-2021.10.win32_1.0.200.202301161003/tools/bin/../lib/gcc/arm-none-eabi/10.3.1/../../../../arm-none-eabi/lib/thumb/v7e-m+fp/hard\libc_nano.a(lib_a-malloc.o)
                0x000000000800a914                free
 .text.memcpy   0x000000000800a924       0x1c c:/st/stm32cubeide_1.12.1/stm32cubeide/plugins/com.st.stm32cube.ide.mcu.externaltools.gnu-tools-for-stm32.10.3-2021.10.win32_1.0.200.202301161003/tools/bin/../lib/gcc/arm-none-eabi/10.3.1/../../../../arm-none-eabi/lib/thumb/v7e-m+fp/hard\libc_nano.a(lib_a-memcpy-stub.o)
                0x000000000800a924                memcpy