../Core/Src/RPLidar.cpp:14:6:void RPLidar::end()	16	static
../Core/Src/RPLidar.cpp:22:6:bool RPLidar::isOpen()	16	static
../Core/Src/RPLidar.cpp:26:1:RPLidar::RPLidar()	24	static
../Core/Src/RPLidar.cpp:38:1:RPLidar::~RPLidar()	16	static
../Core/Src/RPLidar.cpp:45:6:bool RPLidar::begin()	16	static
../Core/Src/RPLidar.cpp:71:10:uint32_t RPLidar::_sendCommand(uint8_t, const void*, size_t)	40	static
../Core/Src/RPLidar.cpp:127:10:uint32_t RPLidar::_waitResponseHeader(rplidar_ans_header_t*, uint32_t)	40	static
../Core/Src/RPLidar.cpp:167:10:uint32_t RPLidar::getHealth(rplidar_response_device_health_t&, uint32_t)	56	static
../Core/Src/RPLidar.cpp:210:10:uint32_t RPLidar::getDeviceInfo(rplidar_response_device_info_t&, uint32_t)	56	static
../Core/Src/RPLidar.cpp:259:10:uint32_t RPLidar::stop()	24	static
../Core/Src/RPLidar.cpp:266:10:uint32_t RPLidar::startScan(bool, uint32_t)	40	static
../Core/Src/RPLidar.cpp:294:8:float* RPLidar::getDistances()	16	static
../Core/Src/RPLidar.cpp:298:7:float RPLidar::getDistances(int)	16	static
../Core/Src/RPLidar.cpp:301:7:float RPLidar::constrain(int32_t, int32_t, int32_t)	24	static
../Core/Src/RPLidar.cpp:307:10:uint32_t RPLidar::waitPoint(uint32_t)	56	static
